******************************************************************************
                  TI ARM Linker PC v5.2.9                      
******************************************************************************
>> Linked Wed Oct 22 10:20:07 2025

OUTPUT FILE NAME:   <LAB5.out>
ENTRY POINT SYMBOL: "_c_int00"  address: 00002145


MEMORY CONFIGURATION

         name            origin    length      used     unused   attr    fill
----------------------  --------  ---------  --------  --------  ----  --------
  FLASH                 00000000   00040000  00002c70  0003d390  R  X
  SRAM                  20000000   00008000  000006ac  00007954  RW X


SEGMENT ALLOCATION MAP

run origin  load origin   length   init length attrs members
----------  ----------- ---------- ----------- ----- -------
00000000    00000000    00002c78   00002c78    r-x
  00000000    00000000    0000026c   0000026c    r-- .intvecs
  0000026c    0000026c    000025e2   000025e2    r-x .text
  00002850    00002850    00000322   00000322    r-- .const
  00002b78    00002b78    00000100   00000100    r-- .cinit
20000000    20000000    000006b0   00000000    rw-
  20000000    20000000    0000026c   00000000    rw- .vtable
  20000270    20000270    0000021c   00000000    rw- .data
  2000048c    2000048c    00000200   00000000    rw- .stack
  2000068c    2000068c    00000024   00000000    rw- .bss


SECTION ALLOCATION MAP

 output                                  attributes/
section   page    origin      length       input sections
--------  ----  ----------  ----------   ----------------
.intvecs   0    00000000    0000026c     
                  00000000    0000026c     startup_ccs.obj (.intvecs)

.text      0    0000026c    000025e2     
                  0000026c    00000498     rtsv7M4_T_le_v4SPD16_eabi.lib : pow.obj (.text)
                  00000704    000002ec                                   : xlog.obj (.text)
                  000009f0    000001fc                                   : xexp.obj (.text)
                  00000bec    000001b6                                   : fd_add_t2.obj (.text)
                  00000da2    00000002     startup_ccs.obj (.text:FaultISR)
                  00000da4    0000018c     Lab5_AGUILAR_JUAN.obj (.text:main)
                  00000f30    00000136     rtsv7M4_T_le_v4SPD16_eabi.lib : fd_div_t2.obj (.text)
                  00001066    00000132     driverlib.lib : gpio.obj (.text:GPIOPadConfigSet)
                  00001198    00000110     Lab5_AGUILAR_JUAN.obj (.text:ADCSeq2IntHandler)
                  000012a8    00000110     Lab5_AGUILAR_JUAN.obj (.text:ADCSeq3IntHandler)
                  000013b8    00000110     driverlib.lib : sysctl.obj (.text:SysCtlClockGet)
                  000014c8    00000110     rtsv7M4_T_le_v4SPD16_eabi.lib : xdscale.obj (.text)
                  000015d8    00000100     Lab5_AGUILAR_JUAN.obj (.text:PWM_init)
                  000016d8    000000fc     rtsv7M4_T_le_v4SPD16_eabi.lib : fd_mul_t2.obj (.text)
                  000017d4    000000f8     Lab5_AGUILAR_JUAN.obj (.text:UART1IntHandler)
                  000018cc    000000ec     Lab5_AGUILAR_JUAN.obj (.text:ADC_init)
                  000019b8    000000c0     rtsv7M4_T_le_v4SPD16_eabi.lib : xdint.obj (.text)
                  00001a78    000000be                                   : xdnorm.obj (.text)
                  00001b36    0000009c                                   : memcpy_t2.obj (.text)
                  00001bd2    00000002     startup_ccs.obj (.text:IntDefaultHandler)
                  00001bd4    0000008c     Lab5_AGUILAR_JUAN.obj (.text:execute_command)
                  00001c60    00000086     rtsv7M4_T_le_v4SPD16_eabi.lib : fd_cmp_t2.obj (.text:__aeabi_cdcmple)
                  00001ce6    0000007a     driverlib.lib : adc.obj (.text:ADCSequenceStepConfigure)
                  00001d60    0000007a     rtsv7M4_T_le_v4SPD16_eabi.lib : memset_t2.obj (.text)
                  00001dda    0000006e                                   : fd_tos_t2.obj (.text)
                  00001e48    0000006c                                   : autoinit.obj (.text)
                  00001eb4    0000006a                                   : copy_decompress_rle.obj (.text)
                  00001f1e    00000002     startup_ccs.obj (.text:NmiSR)
                  00001f20    00000068     driverlib.lib : interrupt.obj (.text:IntEnable)
                  00001f88    00000066     rtsv7M4_T_le_v4SPD16_eabi.lib : xdunscal.obj (.text)
                  00001fee    00000002     --HOLE-- [fill = 0]
                  00001ff0    00000064     Lab5_AGUILAR_JUAN.obj (.text:UART0IntHandler)
                  00002054    00000050     driverlib.lib : adc.obj (.text:ADCSequenceConfigure)
                  000020a4    00000050     Lab5_AGUILAR_JUAN.obj (.text:BrightnessLevel)
                  000020f4    00000050     driverlib.lib : adc.obj (.text:_ADCIntNumberGet)
                  00002144    00000050     rtsv7M4_T_le_v4SPD16_eabi.lib : boot.obj (.text)
                  00002194    0000004c                                   : cpy_tbl.obj (.text)
                  000021e0    00000048     driverlib.lib : gpio.obj (.text:GPIOPinConfigure)
                  00002228    00000048     rtsv7M4_T_le_v4SPD16_eabi.lib : fd_toi_t2.obj (.text)
                  00002270    00000044                                   : exit.obj (.text)
                  000022b4    00000040                                   : signal.obj (.text)
                  000022f4    00000038     driverlib.lib : sysctl.obj (.text:SysCtlPeripheralReady)
                  0000232c    00000038     rtsv7M4_T_le_v4SPD16_eabi.lib : fs_tod_t2.obj (.text)
                  00002364    00000034     driverlib.lib : interrupt.obj (.text:IntRegister)
                  00002398    00000034                   : sysctl.obj (.text:SysCtlPeripheralEnable)
                  000023cc    00000034     rtsv7M4_T_le_v4SPD16_eabi.lib : feraiseexcept.obj (.text)
                  00002400    00000030                                   : xferaise.obj (.text)
                  00002430    0000002e                                   : i_tofd_t2.obj (.text)
                  0000245e    0000002e                                   : raise.obj (.text)
                  0000248c    0000002a     driverlib.lib : gpio.obj (.text:GPIODirModeSet)
                  000024b6    00000002     --HOLE-- [fill = 0]
                  000024b8    00000028     Lab5_AGUILAR_JUAN.obj (.text:UARTSend1)
                  000024e0    00000028     Lab5_AGUILAR_JUAN.obj (.text:UARTSend)
                  00002508    00000028     Lab5_AGUILAR_JUAN.obj (.text:adc_func)
                  00002530    00000028     Lab5_AGUILAR_JUAN.obj (.text:backward)
                  00002558    00000028     Lab5_AGUILAR_JUAN.obj (.text:forward)
                  00002580    00000028     Lab5_AGUILAR_JUAN.obj (.text:left)
                  000025a8    00000028     Lab5_AGUILAR_JUAN.obj (.text:right)
                  000025d0    00000028     Lab5_AGUILAR_JUAN.obj (.text:scan)
                  000025f8    00000028     Lab5_AGUILAR_JUAN.obj (.text:stop)
                  00002620    00000024     Lab5_AGUILAR_JUAN.obj (.text:clear)
                  00002644    00000022     driverlib.lib : pwm.obj (.text:PWMGenConfigure)
                  00002666    00000020     rtsv7M4_T_le_v4SPD16_eabi.lib : u_tofd_t2.obj (.text)
                  00002686    0000001e     driverlib.lib : adc.obj (.text:ADCSequenceDataGet)
                  000026a4    0000001e                   : pwm.obj (.text:PWMPulseWidthSet)
                  000026c2    0000001a     rtsv7M4_T_le_v4SPD16_eabi.lib : log.obj (.text)
                  000026dc    00000018     driverlib.lib : adc.obj (.text:ADCIntRegister)
                  000026f4    00000018                   : adc.obj (.text:ADCProcessorTrigger)
                  0000270c    00000018                   : gpio.obj (.text:GPIOPinTypeGPIOOutput)
                  00002724    00000018     rtsv7M4_T_le_v4SPD16_eabi.lib : args_main.obj (.text)
                  0000273c    00000018                                   : strcmp.obj (.text)
                  00002754    00000014     driverlib.lib : sysctl.obj (.text:SysCtlPWMClockSet)
                  00002768    00000014     rtsv7M4_T_le_v4SPD16_eabi.lib : _lock.obj (.text)
                  0000277c    00000014                                   : strlen.obj (.text)
                  00002790    00000012     driverlib.lib : gpio.obj (.text:GPIOPinTypeADC)
                  000027a2    00000012                   : gpio.obj (.text:GPIOPinTypePWM)
                  000027b4    00000012                   : pwm.obj (.text:PWMOutputState)
                  000027c6    00000010                   : adc.obj (.text:ADCIntEnable)
                  000027d6    00000010                   : pwm.obj (.text:PWMGenPeriodSet)
                  000027e6    0000000e                   : adc.obj (.text:ADCSequenceDisable)
                  000027f4    0000000e                   : adc.obj (.text:ADCSequenceEnable)
                  00002802    0000000e     rtsv7M4_T_le_v4SPD16_eabi.lib : copy_decompress_none.obj (.text:decompress:none)
                  00002810    0000000c     driverlib.lib : pwm.obj (.text:PWMGenEnable)
                  0000281c    0000000c     rtsv7M4_T_le_v4SPD16_eabi.lib : copy_zero_init.obj (.text:decompress:ZI)
                  00002828    0000000a     driverlib.lib : adc.obj (.text:ADCIntClear)
                  00002832    00000006                   : gpio.obj (.text:GPIOPinWrite)
                  00002838    00000006     startup_ccs.obj (.text:ResetISR)
                  0000283e    00000006     driverlib.lib : sysctl.obj (.text:SysCtlDelay)
                  00002844    00000006     rtsv7M4_T_le_v4SPD16_eabi.lib : copy_decompress_rle.obj (.text:decompress:rle24)
                  0000284a    00000004                                   : pre_init.obj (.text)

.const     0    00002850    00000322     
                  00002850    00000090     driverlib.lib : gpio.obj (.const:g_pui32GPIOBaseAddrs)
                  000028e0    0000008b     Lab5_AGUILAR_JUAN.obj (.const:.string)
                  0000296b    00000001     --HOLE-- [fill = 0]
                  0000296c    00000070     driverlib.lib : interrupt.obj (.const)
                  000029dc    0000006c                   : sysctl.obj (.const:g_pui32Xtals)
                  00002a48    00000058     Lab5_AGUILAR_JUAN.obj (.const:.string:$P$T9$10)
                  00002aa0    00000048     rtsv7M4_T_le_v4SPD16_eabi.lib : xexp.obj (.const)
                  00002ae8    00000038                                   : xlog.obj (.const:p)
                  00002b20    00000030                                   : xdint.obj (.const)
                  00002b50    00000022     Lab5_AGUILAR_JUAN.obj (.const:.string:$P$T7$8)

.cinit     0    00002b78    00000100     
                  00002b78    000000c5     (.cinit..data.load) [load image, compression = rle]
                  00002c3d    00000003     --HOLE-- [fill = 0]
                  00002c40    0000000c     (__TI_handler_table)
                  00002c4c    00000004     --HOLE-- [fill = 0]
                  00002c50    00000008     (.cinit..bss.load) [load image, compression = zero_init]
                  00002c58    00000008     (.cinit..vtable.load) [load image, compression = zero_init]
                  00002c60    00000018     (__TI_cinit_table)

.init_array 
*          0    00000000    00000000     UNINITIALIZED

.vtable    0    20000000    0000026c     UNINITIALIZED
                  20000000    0000026c     driverlib.lib : interrupt.obj (.vtable)

.data      0    20000270    0000021c     UNINITIALIZED
                  20000270    000000b0     rtsv7M4_T_le_v4SPD16_eabi.lib : signal.obj (.data:sigtable)
                  20000320    00000080                                   : xvalues.obj (.data)
                  200003a0    00000068                                   : xfvalues.obj (.data)
                  20000408    00000048     Lab5_AGUILAR_JUAN.obj (.data:lookup_table)
                  20000450    0000001c     Lab5_AGUILAR_JUAN.obj (.data)
                  2000046c    00000008     rtsv7M4_T_le_v4SPD16_eabi.lib : _lock.obj (.data)
                  20000474    00000008                                   : exit.obj (.data)
                  2000047c    00000008                                   : feraiseexcept.obj (.data)
                  20000484    00000004                                   : errno.obj (.data)
                  20000488    00000004                                   : stkdepth_vars.obj (.data)

.TI.persistent 
*          0    20000270    00000000     UNINITIALIZED

.stack     0    2000048c    00000200     UNINITIALIZED
                  2000048c    00000200     --HOLE--

.bss       0    2000068c    00000024     UNINITIALIZED
                  2000068c    00000004     (.common:ADCAvVal)
                  20000690    00000004     (.common:ADCAvVal2)
                  20000694    00000004     (.common:distance1)
                  20000698    00000004     (.common:distance2)
                  2000069c    00000004     (.common:input_cmd)
                  200006a0    00000004     (.common:ui32Load)
                  200006a4    00000004     (.common:ui32PWMClock)
                  200006a8    00000004     (.common:volts1)
                  200006ac    00000004     (.common:volts2)

.TI.noinit 
*          0    2000068c    00000000     UNINITIALIZED


LINKER GENERATED COPY TABLES

__TI_cinit_table @ 00002c60 records: 3, size/record: 8, table size: 24
	.data: load addr=00002b78, load size=000000c5 bytes, run addr=20000270, run size=0000021c bytes, compression=rle
	.bss: load addr=00002c50, load size=00000008 bytes, run addr=2000068c, run size=00000024 bytes, compression=zero_init
	.vtable: load addr=00002c58, load size=00000008 bytes, run addr=20000000, run size=0000026c bytes, compression=zero_init


LINKER GENERATED HANDLER TABLE

__TI_handler_table @ 00002c40 records: 3, size/record: 4, table size: 12
	index: 0, handler: __TI_zero_init
	index: 1, handler: __TI_decompress_rle24
	index: 2, handler: __TI_decompress_none


GLOBAL SYMBOLS: SORTED ALPHABETICALLY BY Name 

address   name                    
-------   ----                    
2000068c  ADCAvVal                
20000690  ADCAvVal2               
00002829  ADCIntClear             
000027c7  ADCIntEnable            
000026dd  ADCIntRegister          
000026f5  ADCProcessorTrigger     
00001199  ADCSeq2IntHandler       
000012a9  ADCSeq3IntHandler       
00002055  ADCSequenceConfigure    
00002687  ADCSequenceDataGet      
000027e7  ADCSequenceDisable      
000027f5  ADCSequenceEnable       
00001ce7  ADCSequenceStepConfigure
000018cd  ADC_init                
000020a5  BrightnessLevel         
00002271  C$$EXIT                 
0000248d  GPIODirModeSet          
00001067  GPIOPadConfigSet        
000021e1  GPIOPinConfigure        
00002791  GPIOPinTypeADC          
0000270d  GPIOPinTypeGPIOOutput   
000027a3  GPIOPinTypePWM          
00002833  GPIOPinWrite            
00001f21  IntEnable               
00002365  IntRegister             
00002645  PWMGenConfigure         
00002811  PWMGenEnable            
000027d7  PWMGenPeriodSet         
000027b5  PWMOutputState          
000026a5  PWMPulseWidthSet        
000015d9  PWM_init                
00002839  ResetISR                
UNDEFED   SHT$$INIT_ARRAY$$Base   
UNDEFED   SHT$$INIT_ARRAY$$Limit  
000013b9  SysCtlClockGet          
0000283f  SysCtlDelay             
00002755  SysCtlPWMClockSet       
00002399  SysCtlPeripheralEnable  
000022f5  SysCtlPeripheralReady   
00001ff1  UART0IntHandler         
000017d5  UART1IntHandler         
000024e1  UARTSend                
000024b9  UARTSend1               
20000320  _Denorm                 
000019b9  _Dint                   
00001a79  _Dnorm                  
000014c9  _Dscale                 
00001f89  _Dunscale               
20000330  _Eps                    
20000484  _Errno                  
000009f1  _Exp                    
200003a0  _FDenorm                
200003b0  _FEps                   
200003c0  _FInf                   
200003d0  _FNan                   
200003f0  _FRteps                 
200003e0  _FSnan                  
20000400  _FXbig                  
20000404  _FZero                  
2000047c  _Fenv                   
00002401  _Feraise                
20000340  _Hugeval                
20000350  _Inf                    
00000705  _Log                    
20000360  _Nan                    
20000380  _Rteps                  
20000370  _Snan                   
20000480  _Tls_setup__Fenv        
20000390  _Xbig                   
20000398  _Zero                   
2000068c  __STACK_END             
00000200  __STACK_SIZE            
2000068c  __STACK_TOP             
00002c60  __TI_CINIT_Base         
00002c78  __TI_CINIT_Limit        
00002c40  __TI_Handler_Table_Base 
00002c4c  __TI_Handler_Table_Limit
00001e49  __TI_auto_init          
20000474  __TI_cleanup_ptr        
00002803  __TI_decompress_none    
00002845  __TI_decompress_rle24   
20000478  __TI_dtors_ptr          
00000000  __TI_static_base__      
0000281d  __TI_zero_init          
00001c61  __aeabi_cdcmpeq         
00001c61  __aeabi_cdcmple         
00001ddb  __aeabi_d2f             
00002229  __aeabi_d2iz            
00000bf7  __aeabi_dadd            
00000f31  __aeabi_ddiv            
000016d9  __aeabi_dmul            
00000bed  __aeabi_dsub            
0000232d  __aeabi_f2d             
00002431  __aeabi_i2d             
00001d61  __aeabi_memclr          
00001d61  __aeabi_memclr4         
00001d61  __aeabi_memclr8         
00001b37  __aeabi_memcpy          
00001b37  __aeabi_memcpy4         
00001b37  __aeabi_memcpy8         
00001d63  __aeabi_memset          
00001d63  __aeabi_memset4         
00001d63  __aeabi_memset8         
00002667  __aeabi_ui2d            
ffffffff  __binit__               
ffffffff  __c_args__              
2000048c  __stack                 
00002725  _args_main              
00002145  _c_int00                
2000046c  _lock                   
00002777  _nop                    
0000276f  _register_lock          
00002769  _register_unlock        
0000284b  _system_pre_init        
20000470  _unlock                 
00002275  abort                   
00002509  adc_func                
00002531  backward                
ffffffff  binit                   
00002621  clear                   
2000045c  command_char_count      
20000458  command_received        
00002195  copy_in                 
20000694  distance1               
20000698  distance2               
20000464  dutyCycle               
00001bd5  execute_command         
0000227d  exit                    
000023cd  feraiseexcept           
00002559  forward                 
20000000  g_pfnRAMVectors         
00000000  g_pfnVectors            
2000069c  input_cmd               
20000454  led_count               
00002581  left                    
000026c3  log                     
20000408  lookup_table            
00000da5  main                    
20000488  main_func_sp            
00001b37  memcpy                  
00001d69  memset                  
20000450  pins                    
0000026d  pow                     
20000460  prev_input_cmd          
0000245f  raise                   
000025a9  right                   
000025d1  scan                    
000022b5  signal                  
000025f9  stop                    
0000273d  strcmp                  
0000277d  strlen                  
20000468  table_entries           
200006a0  ui32Load                
200006a4  ui32PWMClock            
200006a8  volts1                  
200006ac  volts2                  


GLOBAL SYMBOLS: SORTED BY Symbol Address 

address   name                    
-------   ----                    
00000000  __TI_static_base__      
00000000  g_pfnVectors            
00000200  __STACK_SIZE            
0000026d  pow                     
00000705  _Log                    
000009f1  _Exp                    
00000bed  __aeabi_dsub            
00000bf7  __aeabi_dadd            
00000da5  main                    
00000f31  __aeabi_ddiv            
00001067  GPIOPadConfigSet        
00001199  ADCSeq2IntHandler       
000012a9  ADCSeq3IntHandler       
000013b9  SysCtlClockGet          
000014c9  _Dscale                 
000015d9  PWM_init                
000016d9  __aeabi_dmul            
000017d5  UART1IntHandler         
000018cd  ADC_init                
000019b9  _Dint                   
00001a79  _Dnorm                  
00001b37  __aeabi_memcpy          
00001b37  __aeabi_memcpy4         
00001b37  __aeabi_memcpy8         
00001b37  memcpy                  
00001bd5  execute_command         
00001c61  __aeabi_cdcmpeq         
00001c61  __aeabi_cdcmple         
00001ce7  ADCSequenceStepConfigure
00001d61  __aeabi_memclr          
00001d61  __aeabi_memclr4         
00001d61  __aeabi_memclr8         
00001d63  __aeabi_memset          
00001d63  __aeabi_memset4         
00001d63  __aeabi_memset8         
00001d69  memset                  
00001ddb  __aeabi_d2f             
00001e49  __TI_auto_init          
00001f21  IntEnable               
00001f89  _Dunscale               
00001ff1  UART0IntHandler         
00002055  ADCSequenceConfigure    
000020a5  BrightnessLevel         
00002145  _c_int00                
00002195  copy_in                 
000021e1  GPIOPinConfigure        
00002229  __aeabi_d2iz            
00002271  C$$EXIT                 
00002275  abort                   
0000227d  exit                    
000022b5  signal                  
000022f5  SysCtlPeripheralReady   
0000232d  __aeabi_f2d             
00002365  IntRegister             
00002399  SysCtlPeripheralEnable  
000023cd  feraiseexcept           
00002401  _Feraise                
00002431  __aeabi_i2d             
0000245f  raise                   
0000248d  GPIODirModeSet          
000024b9  UARTSend1               
000024e1  UARTSend                
00002509  adc_func                
00002531  backward                
00002559  forward                 
00002581  left                    
000025a9  right                   
000025d1  scan                    
000025f9  stop                    
00002621  clear                   
00002645  PWMGenConfigure         
00002667  __aeabi_ui2d            
00002687  ADCSequenceDataGet      
000026a5  PWMPulseWidthSet        
000026c3  log                     
000026dd  ADCIntRegister          
000026f5  ADCProcessorTrigger     
0000270d  GPIOPinTypeGPIOOutput   
00002725  _args_main              
0000273d  strcmp                  
00002755  SysCtlPWMClockSet       
00002769  _register_unlock        
0000276f  _register_lock          
00002777  _nop                    
0000277d  strlen                  
00002791  GPIOPinTypeADC          
000027a3  GPIOPinTypePWM          
000027b5  PWMOutputState          
000027c7  ADCIntEnable            
000027d7  PWMGenPeriodSet         
000027e7  ADCSequenceDisable      
000027f5  ADCSequenceEnable       
00002803  __TI_decompress_none    
00002811  PWMGenEnable            
0000281d  __TI_zero_init          
00002829  ADCIntClear             
00002833  GPIOPinWrite            
00002839  ResetISR                
0000283f  SysCtlDelay             
00002845  __TI_decompress_rle24   
0000284b  _system_pre_init        
00002c40  __TI_Handler_Table_Base 
00002c4c  __TI_Handler_Table_Limit
00002c60  __TI_CINIT_Base         
00002c78  __TI_CINIT_Limit        
20000000  g_pfnRAMVectors         
20000320  _Denorm                 
20000330  _Eps                    
20000340  _Hugeval                
20000350  _Inf                    
20000360  _Nan                    
20000370  _Snan                   
20000380  _Rteps                  
20000390  _Xbig                   
20000398  _Zero                   
200003a0  _FDenorm                
200003b0  _FEps                   
200003c0  _FInf                   
200003d0  _FNan                   
200003e0  _FSnan                  
200003f0  _FRteps                 
20000400  _FXbig                  
20000404  _FZero                  
20000408  lookup_table            
20000450  pins                    
20000454  led_count               
20000458  command_received        
2000045c  command_char_count      
20000460  prev_input_cmd          
20000464  dutyCycle               
20000468  table_entries           
2000046c  _lock                   
20000470  _unlock                 
20000474  __TI_cleanup_ptr        
20000478  __TI_dtors_ptr          
2000047c  _Fenv                   
20000480  _Tls_setup__Fenv        
20000484  _Errno                  
20000488  main_func_sp            
2000048c  __stack                 
2000068c  ADCAvVal                
2000068c  __STACK_END             
2000068c  __STACK_TOP             
20000690  ADCAvVal2               
20000694  distance1               
20000698  distance2               
2000069c  input_cmd               
200006a0  ui32Load                
200006a4  ui32PWMClock            
200006a8  volts1                  
200006ac  volts2                  
ffffffff  __binit__               
ffffffff  __c_args__              
ffffffff  binit                   
UNDEFED   SHT$$INIT_ARRAY$$Base   
UNDEFED   SHT$$INIT_ARRAY$$Limit  

[156 symbols]
