******************************************************************************
                  TI ARM Linker PC v5.2.9                      
******************************************************************************
>> Linked Tue Oct 28 00:47:15 2025

OUTPUT FILE NAME:   <Embedded_Project.out>
ENTRY POINT SYMBOL: "_c_int00"  address: 00002385


MEMORY CONFIGURATION

         name            origin    length      used     unused   attr    fill
----------------------  --------  ---------  --------  --------  ----  --------
  FLASH                 00000000   00040000  00003058  0003cfa8  R  X
  SRAM                  20000000   00008000  000006dc  00007924  RW X


SEGMENT ALLOCATION MAP

run origin  load origin   length   init length attrs members
----------  ----------- ---------- ----------- ----- -------
00000000    00000000    00003060   00003060    r-x
  00000000    00000000    0000026c   0000026c    r-- .intvecs
  0000026c    0000026c    00002912   00002912    r-x .text
  00002b80    00002b80    000003ca   000003ca    r-- .const
  00002f50    00002f50    00000110   00000110    r-- .cinit
20000000    20000000    000006e0   00000000    rw-
  20000000    20000000    0000026c   00000000    rw- .vtable
  20000270    20000270    0000024c   00000000    rw- .data
  200004bc    200004bc    00000200   00000000    rw- .stack
  200006bc    200006bc    00000024   00000000    rw- .bss


SECTION ALLOCATION MAP

 output                                  attributes/
section   page    origin      length       input sections
--------  ----  ----------  ----------   ----------------
.intvecs   0    00000000    0000026c     
                  00000000    0000026c     startup_ccs.obj (.intvecs)

.text      0    0000026c    00002912     
                  0000026c    00000498     rtsv7M4_T_le_v4SPD16_eabi.lib : pow.obj (.text)
                  00000704    000002ec     main.obj (.text:ADCSeq3IntHandler)
                  000009f0    000002ec     rtsv7M4_T_le_v4SPD16_eabi.lib : xlog.obj (.text)
                  00000cdc    000001fc                                   : xexp.obj (.text)
                  00000ed8    000001b6                                   : fd_add_t2.obj (.text)
                  0000108e    00000002     startup_ccs.obj (.text:FaultISR)
                  00001090    00000188     main.obj (.text:main)
                  00001218    00000136     rtsv7M4_T_le_v4SPD16_eabi.lib : fd_div_t2.obj (.text)
                  0000134e    00000132     driverlib.lib : gpio.obj (.text:GPIOPadConfigSet)
                  00001480    00000114     main.obj (.text:PWM_init)
                  00001594    00000110     driverlib.lib : sysctl.obj (.text:SysCtlClockGet)
                  000016a4    00000110     rtsv7M4_T_le_v4SPD16_eabi.lib : xdscale.obj (.text)
                  000017b4    00000100     main.obj (.text:UART1IntHandler)
                  000018b4    000000fc     rtsv7M4_T_le_v4SPD16_eabi.lib : fd_mul_t2.obj (.text)
                  000019b0    000000ec     main.obj (.text:ADCSeq2IntHandler)
                  00001a9c    000000ec     main.obj (.text:ADC_init)
                  00001b88    000000c0     rtsv7M4_T_le_v4SPD16_eabi.lib : xdint.obj (.text)
                  00001c48    000000be                                   : xdnorm.obj (.text)
                  00001d06    0000009c                                   : memcpy_t2.obj (.text)
                  00001da2    00000002     startup_ccs.obj (.text:IntDefaultHandler)
                  00001da4    0000008c     main.obj (.text:execute_command)
                  00001e30    00000086     rtsv7M4_T_le_v4SPD16_eabi.lib : fd_cmp_t2.obj (.text:__aeabi_cdcmple)
                  00001eb6    0000007a     driverlib.lib : adc.obj (.text:ADCSequenceStepConfigure)
                  00001f30    0000007a     rtsv7M4_T_le_v4SPD16_eabi.lib : memset_t2.obj (.text)
                  00001faa    0000006e                                   : fd_tos_t2.obj (.text)
                  00002018    0000006c                                   : autoinit.obj (.text)
                  00002084    0000006a                                   : copy_decompress_rle.obj (.text)
                  000020ee    00000002     startup_ccs.obj (.text:NmiSR)
                  000020f0    00000068     driverlib.lib : interrupt.obj (.text:IntEnable)
                  00002158    00000066     rtsv7M4_T_le_v4SPD16_eabi.lib : xdunscal.obj (.text)
                  000021be    00000002     --HOLE-- [fill = 0]
                  000021c0    00000064     main.obj (.text:UART0IntHandler)
                  00002224    00000060     main.obj (.text:Timer0A_init)
                  00002284    00000060     driverlib.lib : timer.obj (.text:TimerConfigure)
                  000022e4    00000050                   : adc.obj (.text:ADCSequenceConfigure)
                  00002334    00000050                   : adc.obj (.text:_ADCIntNumberGet)
                  00002384    00000050     rtsv7M4_T_le_v4SPD16_eabi.lib : boot.obj (.text)
                  000023d4    0000004c     driverlib.lib : timer.obj (.text:_TimerIntNumberGet)
                  00002420    0000004c     rtsv7M4_T_le_v4SPD16_eabi.lib : cpy_tbl.obj (.text)
                  0000246c    00000048     driverlib.lib : gpio.obj (.text:GPIOPinConfigure)
                  000024b4    00000048     rtsv7M4_T_le_v4SPD16_eabi.lib : fd_toi_t2.obj (.text)
                  000024fc    00000044                                   : exit.obj (.text)
                  00002540    00000040     main.obj (.text:Timer0AIntHandler)
                  00002580    00000040     rtsv7M4_T_le_v4SPD16_eabi.lib : signal.obj (.text)
                  000025c0    00000038     driverlib.lib : sysctl.obj (.text:SysCtlPeripheralReady)
                  000025f8    00000038     rtsv7M4_T_le_v4SPD16_eabi.lib : fs_tod_t2.obj (.text)
                  00002630    00000034     driverlib.lib : interrupt.obj (.text:IntRegister)
                  00002664    00000034                   : sysctl.obj (.text:SysCtlPeripheralEnable)
                  00002698    00000034     rtsv7M4_T_le_v4SPD16_eabi.lib : feraiseexcept.obj (.text)
                  000026cc    00000030                                   : xferaise.obj (.text)
                  000026fc    0000002e                                   : i_tofd_t2.obj (.text)
                  0000272a    0000002e                                   : raise.obj (.text)
                  00002758    0000002a     driverlib.lib : gpio.obj (.text:GPIODirModeSet)
                  00002782    00000002     --HOLE-- [fill = 0]
                  00002784    00000028     main.obj (.text:UARTSend1)
                  000027ac    00000028     main.obj (.text:UARTSend)
                  000027d4    00000028     main.obj (.text:backward)
                  000027fc    00000028     main.obj (.text:forward)
                  00002824    00000028     main.obj (.text:left)
                  0000284c    00000028     main.obj (.text:right)
                  00002874    00000028     main.obj (.text:scan)
                  0000289c    00000028     main.obj (.text:stop)
                  000028c4    00000024     main.obj (.text:clear)
                  000028e8    00000024     main.obj (.text:start)
                  0000290c    00000022     driverlib.lib : pwm.obj (.text:PWMGenConfigure)
                  0000292e    00000002     --HOLE-- [fill = 0]
                  00002930    00000020     main.obj (.text:adc_func)
                  00002950    00000020     rtsv7M4_T_le_v4SPD16_eabi.lib : u_tofd_t2.obj (.text)
                  00002970    0000001e     driverlib.lib : adc.obj (.text:ADCSequenceDataGet)
                  0000298e    0000001e                   : pwm.obj (.text:PWMPulseWidthSet)
                  000029ac    0000001a     rtsv7M4_T_le_v4SPD16_eabi.lib : log.obj (.text)
                  000029c6    00000018     driverlib.lib : adc.obj (.text:ADCIntRegister)
                  000029de    00000018                   : adc.obj (.text:ADCProcessorTrigger)
                  000029f6    00000018                   : gpio.obj (.text:GPIOPinTypeGPIOOutput)
                  00002a0e    00000018                   : timer.obj (.text:TimerIntRegister)
                  00002a26    00000002     --HOLE-- [fill = 0]
                  00002a28    00000018     rtsv7M4_T_le_v4SPD16_eabi.lib : args_main.obj (.text)
                  00002a40    00000018                                   : strcmp.obj (.text)
                  00002a58    00000014     driverlib.lib : sysctl.obj (.text:SysCtlPWMClockSet)
                  00002a6c    00000014     rtsv7M4_T_le_v4SPD16_eabi.lib : _lock.obj (.text)
                  00002a80    00000014                                   : strlen.obj (.text)
                  00002a94    00000012     driverlib.lib : gpio.obj (.text:GPIOPinTypeADC)
                  00002aa6    00000012                   : gpio.obj (.text:GPIOPinTypePWM)
                  00002ab8    00000012                   : pwm.obj (.text:PWMOutputState)
                  00002aca    00000012                   : timer.obj (.text:TimerLoadSet)
                  00002adc    00000010                   : adc.obj (.text:ADCIntEnable)
                  00002aec    00000010                   : pwm.obj (.text:PWMGenPeriodSet)
                  00002afc    0000000e                   : adc.obj (.text:ADCSequenceDisable)
                  00002b0a    0000000e                   : adc.obj (.text:ADCSequenceEnable)
                  00002b18    0000000e                   : timer.obj (.text:TimerEnable)
                  00002b26    0000000e     rtsv7M4_T_le_v4SPD16_eabi.lib : copy_decompress_none.obj (.text:decompress:none)
                  00002b34    0000000c     driverlib.lib : pwm.obj (.text:PWMGenEnable)
                  00002b40    0000000c     rtsv7M4_T_le_v4SPD16_eabi.lib : copy_zero_init.obj (.text:decompress:ZI)
                  00002b4c    0000000a     driverlib.lib : adc.obj (.text:ADCIntClear)
                  00002b56    00000008                   : timer.obj (.text:TimerIntEnable)
                  00002b5e    00000006                   : gpio.obj (.text:GPIOPinWrite)
                  00002b64    00000006     startup_ccs.obj (.text:ResetISR)
                  00002b6a    00000006     driverlib.lib : sysctl.obj (.text:SysCtlDelay)
                  00002b70    00000006     rtsv7M4_T_le_v4SPD16_eabi.lib : copy_decompress_rle.obj (.text:decompress:rle24)
                  00002b76    00000004     driverlib.lib : timer.obj (.text:TimerIntClear)
                  00002b7a    00000004     rtsv7M4_T_le_v4SPD16_eabi.lib : pre_init.obj (.text)

.const     0    00002b80    000003ca     
                  00002b80    00000090     driverlib.lib : gpio.obj (.const:g_pui32GPIOBaseAddrs)
                  00002c10    0000008b     main.obj (.const:.string)
                  00002c9b    00000001     --HOLE-- [fill = 0]
                  00002c9c    00000070     driverlib.lib : interrupt.obj (.const)
                  00002d0c    0000006c                   : sysctl.obj (.const:g_pui32Xtals)
                  00002d78    00000060                   : timer.obj (.const:g_ppui32TimerIntMap)
                  00002dd8    00000059     main.obj (.const:.string:$P$T9$10)
                  00002e31    00000007     --HOLE-- [fill = 0]
                  00002e38    00000048     rtsv7M4_T_le_v4SPD16_eabi.lib : xexp.obj (.const)
                  00002e80    00000040     driverlib.lib : timer.obj (.const:g_ppui32TimerIntMapSnowflake)
                  00002ec0    00000038     rtsv7M4_T_le_v4SPD16_eabi.lib : xlog.obj (.const:p)
                  00002ef8    00000030                                   : xdint.obj (.const)
                  00002f28    00000022     main.obj (.const:.string:$P$T7$8)

.cinit     0    00002f50    00000110     
                  00002f50    000000da     (.cinit..data.load) [load image, compression = rle]
                  0000302a    00000002     --HOLE-- [fill = 0]
                  0000302c    0000000c     (__TI_handler_table)
                  00003038    00000008     (.cinit..bss.load) [load image, compression = zero_init]
                  00003040    00000008     (.cinit..vtable.load) [load image, compression = zero_init]
                  00003048    00000018     (__TI_cinit_table)

.init_array 
*          0    00000000    00000000     UNINITIALIZED

.vtable    0    20000000    0000026c     UNINITIALIZED
                  20000000    0000026c     driverlib.lib : interrupt.obj (.vtable)

.data      0    20000270    0000024c     UNINITIALIZED
                  20000270    000000b0     rtsv7M4_T_le_v4SPD16_eabi.lib : signal.obj (.data:sigtable)
                  20000320    00000080                                   : xvalues.obj (.data)
                  200003a0    00000068                                   : xfvalues.obj (.data)
                  20000408    0000004c     main.obj (.data)
                  20000454    00000048     main.obj (.data:lookup_table)
                  2000049c    00000008     rtsv7M4_T_le_v4SPD16_eabi.lib : _lock.obj (.data)
                  200004a4    00000008                                   : exit.obj (.data)
                  200004ac    00000008                                   : feraiseexcept.obj (.data)
                  200004b4    00000004                                   : errno.obj (.data)
                  200004b8    00000004                                   : stkdepth_vars.obj (.data)

.TI.persistent 
*          0    20000270    00000000     UNINITIALIZED

.stack     0    200004bc    00000200     UNINITIALIZED
                  200004bc    00000200     --HOLE--

.bss       0    200006bc    00000024     UNINITIALIZED
                  200006bc    00000004     (.common:ADCAvVal)
                  200006c0    00000004     (.common:ADCAvVal2)
                  200006c4    00000004     (.common:front_distance)
                  200006c8    00000004     (.common:input_cmd)
                  200006cc    00000004     (.common:right_distance)
                  200006d0    00000004     (.common:ui32Load)
                  200006d4    00000004     (.common:ui32PWMClock)
                  200006d8    00000004     (.common:volts1)
                  200006dc    00000004     (.common:volts2)

.TI.noinit 
*          0    200006bc    00000000     UNINITIALIZED


LINKER GENERATED COPY TABLES

__TI_cinit_table @ 00003048 records: 3, size/record: 8, table size: 24
	.data: load addr=00002f50, load size=000000da bytes, run addr=20000270, run size=0000024c bytes, compression=rle
	.bss: load addr=00003038, load size=00000008 bytes, run addr=200006bc, run size=00000024 bytes, compression=zero_init
	.vtable: load addr=00003040, load size=00000008 bytes, run addr=20000000, run size=0000026c bytes, compression=zero_init


LINKER GENERATED HANDLER TABLE

__TI_handler_table @ 0000302c records: 3, size/record: 4, table size: 12
	index: 0, handler: __TI_zero_init
	index: 1, handler: __TI_decompress_rle24
	index: 2, handler: __TI_decompress_none


GLOBAL SYMBOLS: SORTED ALPHABETICALLY BY Name 

address   name                    
-------   ----                    
200006bc  ADCAvVal                
200006c0  ADCAvVal2               
00002b4d  ADCIntClear             
00002add  ADCIntEnable            
000029c7  ADCIntRegister          
000029df  ADCProcessorTrigger     
000019b1  ADCSeq2IntHandler       
00000705  ADCSeq3IntHandler       
000022e5  ADCSequenceConfigure    
00002971  ADCSequenceDataGet      
00002afd  ADCSequenceDisable      
00002b0b  ADCSequenceEnable       
00001eb7  ADCSequenceStepConfigure
00001a9d  ADC_init                
000024fd  C$$EXIT                 
00002759  GPIODirModeSet          
0000134f  GPIOPadConfigSet        
0000246d  GPIOPinConfigure        
00002a95  GPIOPinTypeADC          
000029f7  GPIOPinTypeGPIOOutput   
00002aa7  GPIOPinTypePWM          
00002b5f  GPIOPinWrite            
000020f1  IntEnable               
00002631  IntRegister             
20000440  Kd                      
2000043c  Ki                      
20000438  Kp                      
0000290d  PWMGenConfigure         
00002b35  PWMGenEnable            
00002aed  PWMGenPeriodSet         
00002ab9  PWMOutputState          
0000298f  PWMPulseWidthSet        
00001481  PWM_init                
00002b65  ResetISR                
UNDEFED   SHT$$INIT_ARRAY$$Base   
UNDEFED   SHT$$INIT_ARRAY$$Limit  
00001595  SysCtlClockGet          
00002b6b  SysCtlDelay             
00002a59  SysCtlPWMClockSet       
00002665  SysCtlPeripheralEnable  
000025c1  SysCtlPeripheralReady   
00002541  Timer0AIntHandler       
00002225  Timer0A_init            
00002285  TimerConfigure          
00002b19  TimerEnable             
00002b77  TimerIntClear           
00002b57  TimerIntEnable          
00002a0f  TimerIntRegister        
00002acb  TimerLoadSet            
000021c1  UART0IntHandler         
000017b5  UART1IntHandler         
000027ad  UARTSend                
00002785  UARTSend1               
20000320  _Denorm                 
00001b89  _Dint                   
00001c49  _Dnorm                  
000016a5  _Dscale                 
00002159  _Dunscale               
20000330  _Eps                    
200004b4  _Errno                  
00000cdd  _Exp                    
200003a0  _FDenorm                
200003b0  _FEps                   
200003c0  _FInf                   
200003d0  _FNan                   
200003f0  _FRteps                 
200003e0  _FSnan                  
20000400  _FXbig                  
20000404  _FZero                  
200004ac  _Fenv                   
000026cd  _Feraise                
20000340  _Hugeval                
20000350  _Inf                    
000009f1  _Log                    
20000360  _Nan                    
20000380  _Rteps                  
20000370  _Snan                   
200004b0  _Tls_setup__Fenv        
20000390  _Xbig                   
20000398  _Zero                   
200006bc  __STACK_END             
00000200  __STACK_SIZE            
200006bc  __STACK_TOP             
00003048  __TI_CINIT_Base         
00003060  __TI_CINIT_Limit        
0000302c  __TI_Handler_Table_Base 
00003038  __TI_Handler_Table_Limit
00002019  __TI_auto_init          
200004a4  __TI_cleanup_ptr        
00002b27  __TI_decompress_none    
00002b71  __TI_decompress_rle24   
200004a8  __TI_dtors_ptr          
00000000  __TI_static_base__      
00002b41  __TI_zero_init          
00001e31  __aeabi_cdcmpeq         
00001e31  __aeabi_cdcmple         
00001fab  __aeabi_d2f             
000024b5  __aeabi_d2iz            
00000ee3  __aeabi_dadd            
00001219  __aeabi_ddiv            
000018b5  __aeabi_dmul            
00000ed9  __aeabi_dsub            
000025f9  __aeabi_f2d             
000026fd  __aeabi_i2d             
00001f31  __aeabi_memclr          
00001f31  __aeabi_memclr4         
00001f31  __aeabi_memclr8         
00001d07  __aeabi_memcpy          
00001d07  __aeabi_memcpy4         
00001d07  __aeabi_memcpy8         
00001f33  __aeabi_memset          
00001f33  __aeabi_memset4         
00001f33  __aeabi_memset8         
00002951  __aeabi_ui2d            
ffffffff  __binit__               
ffffffff  __c_args__              
200004bc  __stack                 
00002a29  _args_main              
00002385  _c_int00                
2000049c  _lock                   
00002a7b  _nop                    
00002a73  _register_lock          
00002a6d  _register_unlock        
00002b7b  _system_pre_init        
200004a0  _unlock                 
00002501  abort                   
00002931  adc_func                
20000450  adjustment              
000027d5  backward                
20000424  baseDuty                
ffffffff  binit                   
000028c5  clear                   
2000040c  command_char_count      
20000408  command_received        
00002421  copy_in                 
2000042c  curr_error              
2000044c  derivative              
00001da5  execute_command         
00002509  exit                    
00002699  feraiseexcept           
000027fd  forward                 
20000420  front_block_flag        
200006c4  front_distance          
20000000  g_pfnRAMVectors         
00000000  g_pfnVectors            
200006c8  input_cmd               
20000448  integral                
20000434  integral_error          
2000041c  led_count               
00002825  left                    
000029ad  log                     
20000454  lookup_table            
00001091  main                    
200004b8  main_func_sp            
00001d07  memcpy                  
00001f39  memset                  
20000418  pins                    
0000026d  pow                     
20000430  prev_error              
20000410  prev_input_cmd          
20000444  proportional            
0000272b  raise                   
0000284d  right                   
200006cc  right_distance          
00002875  scan                    
00002581  signal                  
000028e9  start                   
0000289d  stop                    
00002a41  strcmp                  
00002a81  strlen                  
20000414  table_entries           
20000428  target_distance         
200006d0  ui32Load                
200006d4  ui32PWMClock            
200006d8  volts1                  
200006dc  volts2                  


GLOBAL SYMBOLS: SORTED BY Symbol Address 

address   name                    
-------   ----                    
00000000  __TI_static_base__      
00000000  g_pfnVectors            
00000200  __STACK_SIZE            
0000026d  pow                     
00000705  ADCSeq3IntHandler       
000009f1  _Log                    
00000cdd  _Exp                    
00000ed9  __aeabi_dsub            
00000ee3  __aeabi_dadd            
00001091  main                    
00001219  __aeabi_ddiv            
0000134f  GPIOPadConfigSet        
00001481  PWM_init                
00001595  SysCtlClockGet          
000016a5  _Dscale                 
000017b5  UART1IntHandler         
000018b5  __aeabi_dmul            
000019b1  ADCSeq2IntHandler       
00001a9d  ADC_init                
00001b89  _Dint                   
00001c49  _Dnorm                  
00001d07  __aeabi_memcpy          
00001d07  __aeabi_memcpy4         
00001d07  __aeabi_memcpy8         
00001d07  memcpy                  
00001da5  execute_command         
00001e31  __aeabi_cdcmpeq         
00001e31  __aeabi_cdcmple         
00001eb7  ADCSequenceStepConfigure
00001f31  __aeabi_memclr          
00001f31  __aeabi_memclr4         
00001f31  __aeabi_memclr8         
00001f33  __aeabi_memset          
00001f33  __aeabi_memset4         
00001f33  __aeabi_memset8         
00001f39  memset                  
00001fab  __aeabi_d2f             
00002019  __TI_auto_init          
000020f1  IntEnable               
00002159  _Dunscale               
000021c1  UART0IntHandler         
00002225  Timer0A_init            
00002285  TimerConfigure          
000022e5  ADCSequenceConfigure    
00002385  _c_int00                
00002421  copy_in                 
0000246d  GPIOPinConfigure        
000024b5  __aeabi_d2iz            
000024fd  C$$EXIT                 
00002501  abort                   
00002509  exit                    
00002541  Timer0AIntHandler       
00002581  signal                  
000025c1  SysCtlPeripheralReady   
000025f9  __aeabi_f2d             
00002631  IntRegister             
00002665  SysCtlPeripheralEnable  
00002699  feraiseexcept           
000026cd  _Feraise                
000026fd  __aeabi_i2d             
0000272b  raise                   
00002759  GPIODirModeSet          
00002785  UARTSend1               
000027ad  UARTSend                
000027d5  backward                
000027fd  forward                 
00002825  left                    
0000284d  right                   
00002875  scan                    
0000289d  stop                    
000028c5  clear                   
000028e9  start                   
0000290d  PWMGenConfigure         
00002931  adc_func                
00002951  __aeabi_ui2d            
00002971  ADCSequenceDataGet      
0000298f  PWMPulseWidthSet        
000029ad  log                     
000029c7  ADCIntRegister          
000029df  ADCProcessorTrigger     
000029f7  GPIOPinTypeGPIOOutput   
00002a0f  TimerIntRegister        
00002a29  _args_main              
00002a41  strcmp                  
00002a59  SysCtlPWMClockSet       
00002a6d  _register_unlock        
00002a73  _register_lock          
00002a7b  _nop                    
00002a81  strlen                  
00002a95  GPIOPinTypeADC          
00002aa7  GPIOPinTypePWM          
00002ab9  PWMOutputState          
00002acb  TimerLoadSet            
00002add  ADCIntEnable            
00002aed  PWMGenPeriodSet         
00002afd  ADCSequenceDisable      
00002b0b  ADCSequenceEnable       
00002b19  TimerEnable             
00002b27  __TI_decompress_none    
00002b35  PWMGenEnable            
00002b41  __TI_zero_init          
00002b4d  ADCIntClear             
00002b57  TimerIntEnable          
00002b5f  GPIOPinWrite            
00002b65  ResetISR                
00002b6b  SysCtlDelay             
00002b71  __TI_decompress_rle24   
00002b77  TimerIntClear           
00002b7b  _system_pre_init        
0000302c  __TI_Handler_Table_Base 
00003038  __TI_Handler_Table_Limit
00003048  __TI_CINIT_Base         
00003060  __TI_CINIT_Limit        
20000000  g_pfnRAMVectors         
20000320  _Denorm                 
20000330  _Eps                    
20000340  _Hugeval                
20000350  _Inf                    
20000360  _Nan                    
20000370  _Snan                   
20000380  _Rteps                  
20000390  _Xbig                   
20000398  _Zero                   
200003a0  _FDenorm                
200003b0  _FEps                   
200003c0  _FInf                   
200003d0  _FNan                   
200003e0  _FSnan                  
200003f0  _FRteps                 
20000400  _FXbig                  
20000404  _FZero                  
20000408  command_received        
2000040c  command_char_count      
20000410  prev_input_cmd          
20000414  table_entries           
20000418  pins                    
2000041c  led_count               
20000420  front_block_flag        
20000424  baseDuty                
20000428  target_distance         
2000042c  curr_error              
20000430  prev_error              
20000434  integral_error          
20000438  Kp                      
2000043c  Ki                      
20000440  Kd                      
20000444  proportional            
20000448  integral                
2000044c  derivative              
20000450  adjustment              
20000454  lookup_table            
2000049c  _lock                   
200004a0  _unlock                 
200004a4  __TI_cleanup_ptr        
200004a8  __TI_dtors_ptr          
200004ac  _Fenv                   
200004b0  _Tls_setup__Fenv        
200004b4  _Errno                  
200004b8  main_func_sp            
200004bc  __stack                 
200006bc  ADCAvVal                
200006bc  __STACK_END             
200006bc  __STACK_TOP             
200006c0  ADCAvVal2               
200006c4  front_distance          
200006c8  input_cmd               
200006cc  right_distance          
200006d0  ui32Load                
200006d4  ui32PWMClock            
200006d8  volts1                  
200006dc  volts2                  
ffffffff  __binit__               
ffffffff  __c_args__              
ffffffff  binit                   
UNDEFED   SHT$$INIT_ARRAY$$Base   
UNDEFED   SHT$$INIT_ARRAY$$Limit  

[176 symbols]
