<?xml version="1.0"?>
<link_info>
   <banner>TI ARM Linker PC v5.2.9</banner>
   <copyright>Copyright (c) 1996-2017 Texas Instruments Incorporated</copyright>
   <link_time>0x68f6a3c2</link_time>
   <link_errors>0x0</link_errors>
   <output_file>LAB4.out</output_file>
   <entry_point>
      <name>_c_int00</name>
      <address>0x1e75</address>
   </entry_point>
   <input_file_list>
      <input_file id="fl-2">
         <path>.\</path>
         <kind>object</kind>
         <file>Lab4_AGUILAR_JUAN.obj</file>
         <name>Lab4_AGUILAR_JUAN.obj</name>
      </input_file>
      <input_file id="fl-3">
         <path>.\</path>
         <kind>object</kind>
         <file>startup_ccs.obj</file>
         <name>startup_ccs.obj</name>
      </input_file>
      <input_file id="fl-12a">
         <path>C:\ti\ccsv6\tools\compiler\ti-cgt-arm_5.2.9\lib\</path>
         <kind>archive</kind>
         <file>rtsv7M4_T_le_v4SPD16_eabi.lib</file>
         <name>boot.obj</name>
      </input_file>
      <input_file id="fl-12b">
         <path>C:\ti\ccsv6\tools\compiler\ti-cgt-arm_5.2.9\lib\</path>
         <kind>archive</kind>
         <file>rtsv7M4_T_le_v4SPD16_eabi.lib</file>
         <name>copy_decompress_none.obj</name>
      </input_file>
      <input_file id="fl-12c">
         <path>C:\ti\ccsv6\tools\compiler\ti-cgt-arm_5.2.9\lib\</path>
         <kind>archive</kind>
         <file>rtsv7M4_T_le_v4SPD16_eabi.lib</file>
         <name>copy_decompress_rle.obj</name>
      </input_file>
      <input_file id="fl-12d">
         <path>C:\ti\ccsv6\tools\compiler\ti-cgt-arm_5.2.9\lib\</path>
         <kind>archive</kind>
         <file>rtsv7M4_T_le_v4SPD16_eabi.lib</file>
         <name>copy_zero_init.obj</name>
      </input_file>
      <input_file id="fl-12e">
         <path>C:\ti\ccsv6\tools\compiler\ti-cgt-arm_5.2.9\lib\</path>
         <kind>archive</kind>
         <file>rtsv7M4_T_le_v4SPD16_eabi.lib</file>
         <name>exit.obj</name>
      </input_file>
      <input_file id="fl-12f">
         <path>C:\ti\ccsv6\tools\compiler\ti-cgt-arm_5.2.9\lib\</path>
         <kind>archive</kind>
         <file>rtsv7M4_T_le_v4SPD16_eabi.lib</file>
         <name>fd_add_t2.obj</name>
      </input_file>
      <input_file id="fl-130">
         <path>C:\ti\ccsv6\tools\compiler\ti-cgt-arm_5.2.9\lib\</path>
         <kind>archive</kind>
         <file>rtsv7M4_T_le_v4SPD16_eabi.lib</file>
         <name>fd_mul_t2.obj</name>
      </input_file>
      <input_file id="fl-131">
         <path>C:\ti\ccsv6\tools\compiler\ti-cgt-arm_5.2.9\lib\</path>
         <kind>archive</kind>
         <file>rtsv7M4_T_le_v4SPD16_eabi.lib</file>
         <name>fd_tos_t2.obj</name>
      </input_file>
      <input_file id="fl-132">
         <path>C:\ti\ccsv6\tools\compiler\ti-cgt-arm_5.2.9\lib\</path>
         <kind>archive</kind>
         <file>rtsv7M4_T_le_v4SPD16_eabi.lib</file>
         <name>fs_tod_t2.obj</name>
      </input_file>
      <input_file id="fl-133">
         <path>C:\ti\ccsv6\tools\compiler\ti-cgt-arm_5.2.9\lib\</path>
         <kind>archive</kind>
         <file>rtsv7M4_T_le_v4SPD16_eabi.lib</file>
         <name>memcpy_t2.obj</name>
      </input_file>
      <input_file id="fl-134">
         <path>C:\ti\ccsv6\tools\compiler\ti-cgt-arm_5.2.9\lib\</path>
         <kind>archive</kind>
         <file>rtsv7M4_T_le_v4SPD16_eabi.lib</file>
         <name>memset_t2.obj</name>
      </input_file>
      <input_file id="fl-135">
         <path>C:\ti\ccsv6\tools\compiler\ti-cgt-arm_5.2.9\lib\</path>
         <kind>archive</kind>
         <file>rtsv7M4_T_le_v4SPD16_eabi.lib</file>
         <name>pow.obj</name>
      </input_file>
      <input_file id="fl-136">
         <path>C:\ti\ccsv6\tools\compiler\ti-cgt-arm_5.2.9\lib\</path>
         <kind>archive</kind>
         <file>rtsv7M4_T_le_v4SPD16_eabi.lib</file>
         <name>pre_init.obj</name>
      </input_file>
      <input_file id="fl-137">
         <path>C:\ti\ccsv6\tools\compiler\ti-cgt-arm_5.2.9\lib\</path>
         <kind>archive</kind>
         <file>rtsv7M4_T_le_v4SPD16_eabi.lib</file>
         <name>stkdepth_vars.obj</name>
      </input_file>
      <input_file id="fl-138">
         <path>C:\ti\ccsv6\tools\compiler\ti-cgt-arm_5.2.9\lib\</path>
         <kind>archive</kind>
         <file>rtsv7M4_T_le_v4SPD16_eabi.lib</file>
         <name>strcmp.obj</name>
      </input_file>
      <input_file id="fl-139">
         <path>C:\ti\ccsv6\tools\compiler\ti-cgt-arm_5.2.9\lib\</path>
         <kind>archive</kind>
         <file>rtsv7M4_T_le_v4SPD16_eabi.lib</file>
         <name>strlen.obj</name>
      </input_file>
      <input_file id="fl-13a">
         <path>C:\ti\ccsv6\tools\compiler\ti-cgt-arm_5.2.9\lib\</path>
         <kind>archive</kind>
         <file>rtsv7M4_T_le_v4SPD16_eabi.lib</file>
         <name>u_tofd_t2.obj</name>
      </input_file>
      <input_file id="fl-13b">
         <path>C:\ti\ccsv6\tools\compiler\ti-cgt-arm_5.2.9\lib\</path>
         <kind>archive</kind>
         <file>rtsv7M4_T_le_v4SPD16_eabi.lib</file>
         <name>xdint.obj</name>
      </input_file>
      <input_file id="fl-13c">
         <path>C:\ti\ccsv6\tools\compiler\ti-cgt-arm_5.2.9\lib\</path>
         <kind>archive</kind>
         <file>rtsv7M4_T_le_v4SPD16_eabi.lib</file>
         <name>xdunscal.obj</name>
      </input_file>
      <input_file id="fl-13d">
         <path>C:\ti\ccsv6\tools\compiler\ti-cgt-arm_5.2.9\lib\</path>
         <kind>archive</kind>
         <file>rtsv7M4_T_le_v4SPD16_eabi.lib</file>
         <name>xexp.obj</name>
      </input_file>
      <input_file id="fl-13e">
         <path>C:\ti\ccsv6\tools\compiler\ti-cgt-arm_5.2.9\lib\</path>
         <kind>archive</kind>
         <file>rtsv7M4_T_le_v4SPD16_eabi.lib</file>
         <name>xferaise.obj</name>
      </input_file>
      <input_file id="fl-13f">
         <path>C:\ti\ccsv6\tools\compiler\ti-cgt-arm_5.2.9\lib\</path>
         <kind>archive</kind>
         <file>rtsv7M4_T_le_v4SPD16_eabi.lib</file>
         <name>xvalues.obj</name>
      </input_file>
      <input_file id="fl-140">
         <path>C:\ti\ccsv6\tools\compiler\ti-cgt-arm_5.2.9\lib\</path>
         <kind>archive</kind>
         <file>rtsv7M4_T_le_v4SPD16_eabi.lib</file>
         <name>_lock.obj</name>
      </input_file>
      <input_file id="fl-141">
         <path>C:\ti\ccsv6\tools\compiler\ti-cgt-arm_5.2.9\lib\</path>
         <kind>archive</kind>
         <file>rtsv7M4_T_le_v4SPD16_eabi.lib</file>
         <name>args_main.obj</name>
      </input_file>
      <input_file id="fl-142">
         <path>C:\ti\ccsv6\tools\compiler\ti-cgt-arm_5.2.9\lib\</path>
         <kind>archive</kind>
         <file>rtsv7M4_T_le_v4SPD16_eabi.lib</file>
         <name>autoinit.obj</name>
      </input_file>
      <input_file id="fl-143">
         <path>C:\ti\ccsv6\tools\compiler\ti-cgt-arm_5.2.9\lib\</path>
         <kind>archive</kind>
         <file>rtsv7M4_T_le_v4SPD16_eabi.lib</file>
         <name>cpy_tbl.obj</name>
      </input_file>
      <input_file id="fl-144">
         <path>C:\ti\ccsv6\tools\compiler\ti-cgt-arm_5.2.9\lib\</path>
         <kind>archive</kind>
         <file>rtsv7M4_T_le_v4SPD16_eabi.lib</file>
         <name>errno.obj</name>
      </input_file>
      <input_file id="fl-145">
         <path>C:\ti\ccsv6\tools\compiler\ti-cgt-arm_5.2.9\lib\</path>
         <kind>archive</kind>
         <file>rtsv7M4_T_le_v4SPD16_eabi.lib</file>
         <name>fd_cmp_t2.obj</name>
      </input_file>
      <input_file id="fl-146">
         <path>C:\ti\ccsv6\tools\compiler\ti-cgt-arm_5.2.9\lib\</path>
         <kind>archive</kind>
         <file>rtsv7M4_T_le_v4SPD16_eabi.lib</file>
         <name>fd_div_t2.obj</name>
      </input_file>
      <input_file id="fl-147">
         <path>C:\ti\ccsv6\tools\compiler\ti-cgt-arm_5.2.9\lib\</path>
         <kind>archive</kind>
         <file>rtsv7M4_T_le_v4SPD16_eabi.lib</file>
         <name>fd_toi_t2.obj</name>
      </input_file>
      <input_file id="fl-148">
         <path>C:\ti\ccsv6\tools\compiler\ti-cgt-arm_5.2.9\lib\</path>
         <kind>archive</kind>
         <file>rtsv7M4_T_le_v4SPD16_eabi.lib</file>
         <name>feraiseexcept.obj</name>
      </input_file>
      <input_file id="fl-149">
         <path>C:\ti\ccsv6\tools\compiler\ti-cgt-arm_5.2.9\lib\</path>
         <kind>archive</kind>
         <file>rtsv7M4_T_le_v4SPD16_eabi.lib</file>
         <name>i_tofd_t2.obj</name>
      </input_file>
      <input_file id="fl-14a">
         <path>C:\ti\ccsv6\tools\compiler\ti-cgt-arm_5.2.9\lib\</path>
         <kind>archive</kind>
         <file>rtsv7M4_T_le_v4SPD16_eabi.lib</file>
         <name>log.obj</name>
      </input_file>
      <input_file id="fl-14b">
         <path>C:\ti\ccsv6\tools\compiler\ti-cgt-arm_5.2.9\lib\</path>
         <kind>archive</kind>
         <file>rtsv7M4_T_le_v4SPD16_eabi.lib</file>
         <name>raise.obj</name>
      </input_file>
      <input_file id="fl-14c">
         <path>C:\ti\ccsv6\tools\compiler\ti-cgt-arm_5.2.9\lib\</path>
         <kind>archive</kind>
         <file>rtsv7M4_T_le_v4SPD16_eabi.lib</file>
         <name>signal.obj</name>
      </input_file>
      <input_file id="fl-14d">
         <path>C:\ti\ccsv6\tools\compiler\ti-cgt-arm_5.2.9\lib\</path>
         <kind>archive</kind>
         <file>rtsv7M4_T_le_v4SPD16_eabi.lib</file>
         <name>xdnorm.obj</name>
      </input_file>
      <input_file id="fl-14e">
         <path>C:\ti\ccsv6\tools\compiler\ti-cgt-arm_5.2.9\lib\</path>
         <kind>archive</kind>
         <file>rtsv7M4_T_le_v4SPD16_eabi.lib</file>
         <name>xdscale.obj</name>
      </input_file>
      <input_file id="fl-14f">
         <path>C:\ti\ccsv6\tools\compiler\ti-cgt-arm_5.2.9\lib\</path>
         <kind>archive</kind>
         <file>rtsv7M4_T_le_v4SPD16_eabi.lib</file>
         <name>xlog.obj</name>
      </input_file>
      <input_file id="fl-150">
         <path>C:\ti\ccsv6\tools\compiler\ti-cgt-arm_5.2.9\lib\</path>
         <kind>archive</kind>
         <file>rtsv7M4_T_le_v4SPD16_eabi.lib</file>
         <name>xfvalues.obj</name>
      </input_file>
      <input_file id="fl-151">
         <path>C:\ti\tivaware_c_series_2_1_4_178\driverlib\ccs\Debug\</path>
         <kind>archive</kind>
         <file>driverlib.lib</file>
         <name>adc.obj</name>
      </input_file>
      <input_file id="fl-152">
         <path>C:\ti\tivaware_c_series_2_1_4_178\driverlib\ccs\Debug\</path>
         <kind>archive</kind>
         <file>driverlib.lib</file>
         <name>gpio.obj</name>
      </input_file>
      <input_file id="fl-153">
         <path>C:\ti\tivaware_c_series_2_1_4_178\driverlib\ccs\Debug\</path>
         <kind>archive</kind>
         <file>driverlib.lib</file>
         <name>interrupt.obj</name>
      </input_file>
      <input_file id="fl-154">
         <path>C:\ti\tivaware_c_series_2_1_4_178\driverlib\ccs\Debug\</path>
         <kind>archive</kind>
         <file>driverlib.lib</file>
         <name>pwm.obj</name>
      </input_file>
      <input_file id="fl-155">
         <path>C:\ti\tivaware_c_series_2_1_4_178\driverlib\ccs\Debug\</path>
         <kind>archive</kind>
         <file>driverlib.lib</file>
         <name>sysctl.obj</name>
      </input_file>
      <input_file id="fl-156">
         <path>C:\ti\tivaware_c_series_2_1_4_178\driverlib\ccs\Debug\</path>
         <kind>archive</kind>
         <file>driverlib.lib</file>
         <name>cpu.obj</name>
      </input_file>
   </input_file_list>
   <object_component_list>
      <object_component id="oc-f">
         <name>.intvecs</name>
         <load_address>0x0</load_address>
         <run_address>0x0</run_address>
         <size>0x26c</size>
         <input_file_ref idref="fl-3"/>
      </object_component>
      <object_component id="oc-d4">
         <name>.text</name>
         <load_address>0x26c</load_address>
         <run_address>0x26c</run_address>
         <size>0x498</size>
         <input_file_ref idref="fl-135"/>
      </object_component>
      <object_component id="oc-1c4">
         <name>.text</name>
         <load_address>0x704</load_address>
         <run_address>0x704</run_address>
         <size>0x2ec</size>
         <input_file_ref idref="fl-14f"/>
      </object_component>
      <object_component id="oc-15e">
         <name>.text</name>
         <load_address>0x9f0</load_address>
         <run_address>0x9f0</run_address>
         <size>0x1fc</size>
         <input_file_ref idref="fl-13d"/>
      </object_component>
      <object_component id="oc-da">
         <name>.text</name>
         <load_address>0xbec</load_address>
         <run_address>0xbec</run_address>
         <size>0x1b6</size>
         <input_file_ref idref="fl-12f"/>
      </object_component>
      <object_component id="oc-36">
         <name>.text:FaultISR</name>
         <load_address>0xda2</load_address>
         <run_address>0xda2</run_address>
         <size>0x2</size>
         <input_file_ref idref="fl-3"/>
      </object_component>
      <object_component id="oc-10c">
         <name>.text:main</name>
         <load_address>0xda4</load_address>
         <run_address>0xda4</run_address>
         <size>0x140</size>
         <input_file_ref idref="fl-2"/>
      </object_component>
      <object_component id="oc-159">
         <name>.text</name>
         <load_address>0xee4</load_address>
         <run_address>0xee4</run_address>
         <size>0x136</size>
         <input_file_ref idref="fl-146"/>
      </object_component>
      <object_component id="oc-28a">
         <name>.text:GPIOPadConfigSet</name>
         <load_address>0x101a</load_address>
         <run_address>0x101a</run_address>
         <size>0x132</size>
         <input_file_ref idref="fl-152"/>
      </object_component>
      <object_component id="oc-4e">
         <name>.text:ADCSeq0IntHandler</name>
         <load_address>0x114c</load_address>
         <run_address>0x114c</run_address>
         <size>0x118</size>
         <input_file_ref idref="fl-2"/>
      </object_component>
      <object_component id="oc-1fe">
         <name>.text:SysCtlClockGet</name>
         <load_address>0x1264</load_address>
         <run_address>0x1264</run_address>
         <size>0x110</size>
         <input_file_ref idref="fl-155"/>
      </object_component>
      <object_component id="oc-1cc">
         <name>.text</name>
         <load_address>0x1374</load_address>
         <run_address>0x1374</run_address>
         <size>0x110</size>
         <input_file_ref idref="fl-14e"/>
      </object_component>
      <object_component id="oc-c5">
         <name>.text</name>
         <load_address>0x1484</load_address>
         <run_address>0x1484</run_address>
         <size>0xfc</size>
         <input_file_ref idref="fl-130"/>
      </object_component>
      <object_component id="oc-48">
         <name>.text:UART1IntHandler</name>
         <load_address>0x1580</load_address>
         <run_address>0x1580</run_address>
         <size>0xf8</size>
         <input_file_ref idref="fl-2"/>
      </object_component>
      <object_component id="oc-138">
         <name>.text</name>
         <load_address>0x1678</load_address>
         <run_address>0x1678</run_address>
         <size>0xc0</size>
         <input_file_ref idref="fl-13b"/>
      </object_component>
      <object_component id="oc-1ab">
         <name>.text</name>
         <load_address>0x1738</load_address>
         <run_address>0x1738</run_address>
         <size>0xbe</size>
         <input_file_ref idref="fl-14d"/>
      </object_component>
      <object_component id="oc-3c">
         <name>.text:IntDefaultHandler</name>
         <load_address>0x17f6</load_address>
         <run_address>0x17f6</run_address>
         <size>0x2</size>
         <input_file_ref idref="fl-3"/>
      </object_component>
      <object_component id="oc-17f">
         <name>.text:PWM_init</name>
         <load_address>0x17f8</load_address>
         <run_address>0x17f8</run_address>
         <size>0xa8</size>
         <input_file_ref idref="fl-2"/>
      </object_component>
      <object_component id="oc-185">
         <name>.text:ADC_init</name>
         <load_address>0x18a0</load_address>
         <run_address>0x18a0</run_address>
         <size>0xa4</size>
         <input_file_ref idref="fl-2"/>
      </object_component>
      <object_component id="oc-57">
         <name>.text</name>
         <load_address>0x1944</load_address>
         <run_address>0x1944</run_address>
         <size>0x9c</size>
         <input_file_ref idref="fl-133"/>
      </object_component>
      <object_component id="oc-13e">
         <name>.text:__aeabi_cdcmple</name>
         <load_address>0x19e0</load_address>
         <run_address>0x19e0</run_address>
         <size>0x86</size>
         <input_file_ref idref="fl-145"/>
      </object_component>
      <object_component id="oc-23d">
         <name>.text:ADCSequenceStepConfigure</name>
         <load_address>0x1a66</load_address>
         <run_address>0x1a66</run_address>
         <size>0x7a</size>
         <input_file_ref idref="fl-151"/>
      </object_component>
      <object_component id="oc-70">
         <name>.text</name>
         <load_address>0x1ae0</load_address>
         <run_address>0x1ae0</run_address>
         <size>0x7a</size>
         <input_file_ref idref="fl-134"/>
      </object_component>
      <object_component id="oc-ca">
         <name>.text</name>
         <load_address>0x1b5a</load_address>
         <run_address>0x1b5a</run_address>
         <size>0x6e</size>
         <input_file_ref idref="fl-131"/>
      </object_component>
      <object_component id="oc-82">
         <name>.text</name>
         <load_address>0x1bc8</load_address>
         <run_address>0x1bc8</run_address>
         <size>0x6c</size>
         <input_file_ref idref="fl-142"/>
      </object_component>
      <object_component id="oc-63">
         <name>.text</name>
         <load_address>0x1c34</load_address>
         <run_address>0x1c34</run_address>
         <size>0x6a</size>
         <input_file_ref idref="fl-12c"/>
      </object_component>
      <object_component id="oc-30">
         <name>.text:NmiSR</name>
         <load_address>0x1c9e</load_address>
         <run_address>0x1c9e</run_address>
         <size>0x2</size>
         <input_file_ref idref="fl-3"/>
      </object_component>
      <object_component id="oc-2a8">
         <name>.text:IntEnable</name>
         <load_address>0x1ca0</load_address>
         <run_address>0x1ca0</run_address>
         <size>0x68</size>
         <input_file_ref idref="fl-153"/>
      </object_component>
      <object_component id="oc-132">
         <name>.text</name>
         <load_address>0x1d08</load_address>
         <run_address>0x1d08</run_address>
         <size>0x66</size>
         <input_file_ref idref="fl-13c"/>
      </object_component>
      <object_component id="oc-42">
         <name>.text:UART0IntHandler</name>
         <load_address>0x1d70</load_address>
         <run_address>0x1d70</run_address>
         <size>0x64</size>
         <input_file_ref idref="fl-2"/>
      </object_component>
      <object_component id="oc-237">
         <name>.text:ADCSequenceConfigure</name>
         <load_address>0x1dd4</load_address>
         <run_address>0x1dd4</run_address>
         <size>0x50</size>
         <input_file_ref idref="fl-151"/>
      </object_component>
      <object_component id="oc-29c">
         <name>.text:_ADCIntNumberGet</name>
         <load_address>0x1e24</load_address>
         <run_address>0x1e24</run_address>
         <size>0x50</size>
         <input_file_ref idref="fl-151"/>
      </object_component>
      <object_component id="oc-24">
         <name>.text</name>
         <load_address>0x1e74</load_address>
         <run_address>0x1e74</run_address>
         <size>0x50</size>
         <input_file_ref idref="fl-12a"/>
      </object_component>
      <object_component id="oc-104">
         <name>.text</name>
         <load_address>0x1ec4</load_address>
         <run_address>0x1ec4</run_address>
         <size>0x4c</size>
         <input_file_ref idref="fl-143"/>
      </object_component>
      <object_component id="oc-179">
         <name>.text:GPIOPinConfigure</name>
         <load_address>0x1f10</load_address>
         <run_address>0x1f10</run_address>
         <size>0x48</size>
         <input_file_ref idref="fl-152"/>
      </object_component>
      <object_component id="oc-14e">
         <name>.text</name>
         <load_address>0x1f58</load_address>
         <run_address>0x1f58</run_address>
         <size>0x48</size>
         <input_file_ref idref="fl-147"/>
      </object_component>
      <object_component id="oc-8e">
         <name>.text</name>
         <load_address>0x1fa0</load_address>
         <run_address>0x1fa0</run_address>
         <size>0x44</size>
         <input_file_ref idref="fl-12e"/>
      </object_component>
      <object_component id="oc-2b2">
         <name>.text</name>
         <load_address>0x1fe4</load_address>
         <run_address>0x1fe4</run_address>
         <size>0x40</size>
         <input_file_ref idref="fl-14c"/>
      </object_component>
      <object_component id="oc-1f2">
         <name>.text:SysCtlPeripheralReady</name>
         <load_address>0x2024</load_address>
         <run_address>0x2024</run_address>
         <size>0x38</size>
         <input_file_ref idref="fl-155"/>
      </object_component>
      <object_component id="oc-cf">
         <name>.text</name>
         <load_address>0x205c</load_address>
         <run_address>0x205c</run_address>
         <size>0x38</size>
         <input_file_ref idref="fl-132"/>
      </object_component>
      <object_component id="oc-2a2">
         <name>.text:IntRegister</name>
         <load_address>0x2094</load_address>
         <run_address>0x2094</run_address>
         <size>0x34</size>
         <input_file_ref idref="fl-153"/>
      </object_component>
      <object_component id="oc-1ec">
         <name>.text:SysCtlPeripheralEnable</name>
         <load_address>0x20c8</load_address>
         <run_address>0x20c8</run_address>
         <size>0x34</size>
         <input_file_ref idref="fl-155"/>
      </object_component>
      <object_component id="oc-1b8">
         <name>.text</name>
         <load_address>0x20fc</load_address>
         <run_address>0x20fc</run_address>
         <size>0x34</size>
         <input_file_ref idref="fl-148"/>
      </object_component>
      <object_component id="oc-143">
         <name>.text</name>
         <load_address>0x2130</load_address>
         <run_address>0x2130</run_address>
         <size>0x30</size>
         <input_file_ref idref="fl-13e"/>
      </object_component>
      <object_component id="oc-149">
         <name>.text</name>
         <load_address>0x2160</load_address>
         <run_address>0x2160</run_address>
         <size>0x2e</size>
         <input_file_ref idref="fl-149"/>
      </object_component>
      <object_component id="oc-260">
         <name>.text</name>
         <load_address>0x218e</load_address>
         <run_address>0x218e</run_address>
         <size>0x2e</size>
         <input_file_ref idref="fl-14b"/>
      </object_component>
      <object_component id="oc-290">
         <name>.text:GPIODirModeSet</name>
         <load_address>0x21bc</load_address>
         <run_address>0x21bc</run_address>
         <size>0x2a</size>
         <input_file_ref idref="fl-152"/>
      </object_component>
      <object_component id="oc-20a">
         <name>.text:PWMGenConfigure</name>
         <load_address>0x21e6</load_address>
         <run_address>0x21e6</run_address>
         <size>0x22</size>
         <input_file_ref idref="fl-154"/>
      </object_component>
      <object_component id="oc-c0">
         <name>.text</name>
         <load_address>0x2208</load_address>
         <run_address>0x2208</run_address>
         <size>0x20</size>
         <input_file_ref idref="fl-13a"/>
      </object_component>
      <object_component id="oc-ba">
         <name>.text:ADCSequenceDataGet</name>
         <load_address>0x2228</load_address>
         <run_address>0x2228</run_address>
         <size>0x1e</size>
         <input_file_ref idref="fl-151"/>
      </object_component>
      <object_component id="oc-210">
         <name>.text:PWMPulseWidthSet</name>
         <load_address>0x2246</load_address>
         <run_address>0x2246</run_address>
         <size>0x1e</size>
         <input_file_ref idref="fl-154"/>
      </object_component>
      <object_component id="oc-153">
         <name>.text</name>
         <load_address>0x2264</load_address>
         <run_address>0x2264</run_address>
         <size>0x1a</size>
         <input_file_ref idref="fl-14a"/>
      </object_component>
      <object_component id="oc-249">
         <name>.text:ADCIntRegister</name>
         <load_address>0x227e</load_address>
         <run_address>0x227e</run_address>
         <size>0x18</size>
         <input_file_ref idref="fl-151"/>
      </object_component>
      <object_component id="oc-250">
         <name>.text:ADCProcessorTrigger</name>
         <load_address>0x2296</load_address>
         <run_address>0x2296</run_address>
         <size>0x18</size>
         <input_file_ref idref="fl-151"/>
      </object_component>
      <object_component id="oc-225">
         <name>.text:GPIOPinTypeGPIOOutput</name>
         <load_address>0x22ae</load_address>
         <run_address>0x22ae</run_address>
         <size>0x18</size>
         <input_file_ref idref="fl-152"/>
      </object_component>
      <object_component id="oc-88">
         <name>.text</name>
         <load_address>0x22c8</load_address>
         <run_address>0x22c8</run_address>
         <size>0x18</size>
         <input_file_ref idref="fl-141"/>
      </object_component>
      <object_component id="oc-1f8">
         <name>.text:SysCtlPWMClockSet</name>
         <load_address>0x22e0</load_address>
         <run_address>0x22e0</run_address>
         <size>0x14</size>
         <input_file_ref idref="fl-155"/>
      </object_component>
      <object_component id="oc-199">
         <name>.text</name>
         <load_address>0x22f4</load_address>
         <run_address>0x22f4</run_address>
         <size>0x14</size>
         <input_file_ref idref="fl-140"/>
      </object_component>
      <object_component id="oc-22b">
         <name>.text:GPIOPinTypeADC</name>
         <load_address>0x2308</load_address>
         <run_address>0x2308</run_address>
         <size>0x12</size>
         <input_file_ref idref="fl-152"/>
      </object_component>
      <object_component id="oc-216">
         <name>.text:PWMOutputState</name>
         <load_address>0x231a</load_address>
         <run_address>0x231a</run_address>
         <size>0x12</size>
         <input_file_ref idref="fl-154"/>
      </object_component>
      <object_component id="oc-df">
         <name>.text:ADCIntEnable</name>
         <load_address>0x232c</load_address>
         <run_address>0x232c</run_address>
         <size>0x10</size>
         <input_file_ref idref="fl-151"/>
      </object_component>
      <object_component id="oc-204">
         <name>.text:PWMGenPeriodSet</name>
         <load_address>0x233c</load_address>
         <run_address>0x233c</run_address>
         <size>0x10</size>
         <input_file_ref idref="fl-154"/>
      </object_component>
      <object_component id="oc-231">
         <name>.text:ADCSequenceDisable</name>
         <load_address>0x234c</load_address>
         <run_address>0x234c</run_address>
         <size>0xe</size>
         <input_file_ref idref="fl-151"/>
      </object_component>
      <object_component id="oc-243">
         <name>.text:ADCSequenceEnable</name>
         <load_address>0x235a</load_address>
         <run_address>0x235a</run_address>
         <size>0xe</size>
         <input_file_ref idref="fl-151"/>
      </object_component>
      <object_component id="oc-12">
         <name>.text:decompress:none</name>
         <load_address>0x2368</load_address>
         <run_address>0x2368</run_address>
         <size>0xe</size>
         <input_file_ref idref="fl-12b"/>
      </object_component>
      <object_component id="oc-21c">
         <name>.text:PWMGenEnable</name>
         <load_address>0x2376</load_address>
         <run_address>0x2376</run_address>
         <size>0xc</size>
         <input_file_ref idref="fl-154"/>
      </object_component>
      <object_component id="oc-18b">
         <name>.text:adc_func</name>
         <load_address>0x2384</load_address>
         <run_address>0x2384</run_address>
         <size>0xc</size>
         <input_file_ref idref="fl-2"/>
      </object_component>
      <object_component id="oc-1e">
         <name>.text:decompress:ZI</name>
         <load_address>0x2390</load_address>
         <run_address>0x2390</run_address>
         <size>0xc</size>
         <input_file_ref idref="fl-12d"/>
      </object_component>
      <object_component id="oc-b4">
         <name>.text:ADCIntClear</name>
         <load_address>0x239c</load_address>
         <run_address>0x239c</run_address>
         <size>0xa</size>
         <input_file_ref idref="fl-151"/>
      </object_component>
      <object_component id="oc-a7">
         <name>.text:GPIOPinWrite</name>
         <load_address>0x23a6</load_address>
         <run_address>0x23a6</run_address>
         <size>0x6</size>
         <input_file_ref idref="fl-152"/>
      </object_component>
      <object_component id="oc-2a">
         <name>.text:ResetISR</name>
         <load_address>0x23ac</load_address>
         <run_address>0x23ac</run_address>
         <size>0x6</size>
         <input_file_ref idref="fl-3"/>
      </object_component>
      <object_component id="oc-18">
         <name>.text:decompress:rle24</name>
         <load_address>0x23b2</load_address>
         <run_address>0x23b2</run_address>
         <size>0x6</size>
         <input_file_ref idref="fl-12c"/>
      </object_component>
      <object_component id="oc-7c">
         <name>.text</name>
         <load_address>0x23b8</load_address>
         <run_address>0x23b8</run_address>
         <size>0x4</size>
         <input_file_ref idref="fl-136"/>
      </object_component>
      <object_component id="oc-1e8">
         <name>.const:g_pui32GPIOBaseAddrs</name>
         <load_address>0x23c0</load_address>
         <run_address>0x23c0</run_address>
         <size>0x90</size>
         <input_file_ref idref="fl-152"/>
      </object_component>
      <object_component id="oc-2de">
         <name>.const</name>
         <load_address>0x2450</load_address>
         <run_address>0x2450</run_address>
         <size>0x70</size>
         <input_file_ref idref="fl-153"/>
      </object_component>
      <object_component id="oc-280">
         <name>.const:g_pui32Xtals</name>
         <load_address>0x24c0</load_address>
         <run_address>0x24c0</run_address>
         <size>0x6c</size>
         <input_file_ref idref="fl-155"/>
      </object_component>
      <object_component id="oc-1d2">
         <name>.const</name>
         <load_address>0x2530</load_address>
         <run_address>0x2530</run_address>
         <size>0x48</size>
         <input_file_ref idref="fl-13d"/>
      </object_component>
      <object_component id="oc-26f">
         <name>.const:p</name>
         <load_address>0x2578</load_address>
         <run_address>0x2578</run_address>
         <size>0x38</size>
         <input_file_ref idref="fl-14f"/>
      </object_component>
      <object_component id="oc-1b3">
         <name>.const</name>
         <load_address>0x25b0</load_address>
         <run_address>0x25b0</run_address>
         <size>0x30</size>
         <input_file_ref idref="fl-13b"/>
      </object_component>
      <object_component id="oc-31e">
         <name>.cinit..data.load</name>
         <load_address>0x25e0</load_address>
         <run_address>0x25e0</run_address>
         <size>0x7d</size>
      </object_component>
      <object_component id="oc-31b">
         <name>__TI_handler_table</name>
         <load_address>0x2660</load_address>
         <run_address>0x2660</run_address>
         <size>0xc</size>
      </object_component>
      <object_component id="oc-31f">
         <name>.cinit..bss.load</name>
         <load_address>0x2670</load_address>
         <run_address>0x2670</run_address>
         <size>0x8</size>
      </object_component>
      <object_component id="oc-31d">
         <name>.cinit..vtable.load</name>
         <load_address>0x2678</load_address>
         <run_address>0x2678</run_address>
         <size>0x8</size>
      </object_component>
      <object_component id="oc-31c">
         <name>__TI_cinit_table</name>
         <load_address>0x2680</load_address>
         <run_address>0x2680</run_address>
         <size>0x18</size>
      </object_component>
      <object_component id="oc-2d9">
         <name>.vtable</name>
         <uninitialized>true</uninitialized>
         <run_address>0x20000000</run_address>
         <size>0x26c</size>
         <input_file_ref idref="fl-153"/>
      </object_component>
      <object_component id="oc-29">
         <name>.stack</name>
         <uninitialized>true</uninitialized>
         <run_address>0x2000026c</run_address>
         <size>0x0</size>
         <input_file_ref idref="fl-12a"/>
      </object_component>
      <object_component id="oc-320">
         <name>.stack</name>
         <uninitialized>true</uninitialized>
         <run_address>0x2000026c</run_address>
         <size>0x0</size>
      </object_component>
      <object_component id="oc-ad">
         <name>.common:input_cmd</name>
         <uninitialized>true</uninitialized>
         <run_address>0x2000064c</run_address>
         <size>0x4</size>
      </object_component>
      <object_component id="oc-e5">
         <name>.common:ADCAvVal</name>
         <uninitialized>true</uninitialized>
         <run_address>0x20000644</run_address>
         <size>0x4</size>
      </object_component>
      <object_component id="oc-e6">
         <name>.common:volts</name>
         <uninitialized>true</uninitialized>
         <run_address>0x20000658</run_address>
         <size>0x4</size>
      </object_component>
      <object_component id="oc-e7">
         <name>.common:distance</name>
         <uninitialized>true</uninitialized>
         <run_address>0x20000648</run_address>
         <size>0x4</size>
      </object_component>
      <object_component id="oc-222">
         <name>.common:ui32PWMClock</name>
         <uninitialized>true</uninitialized>
         <run_address>0x20000654</run_address>
         <size>0x4</size>
      </object_component>
      <object_component id="oc-223">
         <name>.common:ui32Load</name>
         <uninitialized>true</uninitialized>
         <run_address>0x20000650</run_address>
         <size>0x4</size>
      </object_component>
      <object_component id="oc-b0">
         <name>.data</name>
         <load_address>0x20000608</load_address>
         <run_address>0x20000608</run_address>
         <size>0x1c</size>
         <input_file_ref idref="fl-2"/>
      </object_component>
      <object_component id="oc-117">
         <name>.data</name>
         <load_address>0x2000062c</load_address>
         <run_address>0x2000062c</run_address>
         <size>0x8</size>
         <input_file_ref idref="fl-12e"/>
      </object_component>
      <object_component id="oc-94">
         <name>.data</name>
         <load_address>0x20000640</load_address>
         <run_address>0x20000640</run_address>
         <size>0x4</size>
         <input_file_ref idref="fl-137"/>
      </object_component>
      <object_component id="oc-164">
         <name>.data</name>
         <load_address>0x20000520</load_address>
         <run_address>0x20000520</run_address>
         <size>0x80</size>
         <input_file_ref idref="fl-13f"/>
      </object_component>
      <object_component id="oc-114">
         <name>.data</name>
         <load_address>0x20000624</load_address>
         <run_address>0x20000624</run_address>
         <size>0x8</size>
         <input_file_ref idref="fl-140"/>
      </object_component>
      <object_component id="oc-1be">
         <name>.data</name>
         <load_address>0x2000063c</load_address>
         <run_address>0x2000063c</run_address>
         <size>0x4</size>
         <input_file_ref idref="fl-144"/>
      </object_component>
      <object_component id="oc-266">
         <name>.data</name>
         <load_address>0x20000634</load_address>
         <run_address>0x20000634</run_address>
         <size>0x8</size>
         <input_file_ref idref="fl-148"/>
      </object_component>
      <object_component id="oc-2e2">
         <name>.data:sigtable</name>
         <load_address>0x20000470</load_address>
         <run_address>0x20000470</run_address>
         <size>0xb0</size>
         <input_file_ref idref="fl-14c"/>
      </object_component>
      <object_component id="oc-26c">
         <name>.data</name>
         <load_address>0x200005a0</load_address>
         <run_address>0x200005a0</run_address>
         <size>0x68</size>
         <input_file_ref idref="fl-150"/>
      </object_component>
      <object_component id="oc-ae">
         <name>.debug_info</name>
         <load_address>0x0</load_address>
         <run_address>0x0</run_address>
         <size>0x8fc</size>
         <input_file_ref idref="fl-2"/>
      </object_component>
      <object_component id="oc-b1">
         <name>.debug_info</name>
         <load_address>0x8fc</load_address>
         <run_address>0x8fc</run_address>
         <size>0x1bf</size>
         <input_file_ref idref="fl-2"/>
      </object_component>
      <object_component id="oc-50">
         <name>.debug_info</name>
         <load_address>0xabb</load_address>
         <run_address>0xabb</run_address>
         <size>0x232</size>
         <input_file_ref idref="fl-2"/>
      </object_component>
      <object_component id="oc-18d">
         <name>.debug_info</name>
         <load_address>0xced</load_address>
         <run_address>0xced</run_address>
         <size>0x11e</size>
         <input_file_ref idref="fl-2"/>
      </object_component>
      <object_component id="oc-181">
         <name>.debug_info</name>
         <load_address>0xe0b</load_address>
         <run_address>0xe0b</run_address>
         <size>0x22a</size>
         <input_file_ref idref="fl-2"/>
      </object_component>
      <object_component id="oc-187">
         <name>.debug_info</name>
         <load_address>0x1035</load_address>
         <run_address>0x1035</run_address>
         <size>0x275</size>
         <input_file_ref idref="fl-2"/>
      </object_component>
      <object_component id="oc-10e">
         <name>.debug_info</name>
         <load_address>0x12aa</load_address>
         <run_address>0x12aa</run_address>
         <size>0x227</size>
         <input_file_ref idref="fl-2"/>
      </object_component>
      <object_component id="oc-49">
         <name>.debug_info</name>
         <load_address>0x14d1</load_address>
         <run_address>0x14d1</run_address>
         <size>0x19f</size>
         <input_file_ref idref="fl-2"/>
      </object_component>
      <object_component id="oc-43">
         <name>.debug_info</name>
         <load_address>0x1670</load_address>
         <run_address>0x1670</run_address>
         <size>0x166</size>
         <input_file_ref idref="fl-2"/>
      </object_component>
      <object_component id="oc-123">
         <name>.debug_info</name>
         <load_address>0x17d6</load_address>
         <run_address>0x17d6</run_address>
         <size>0x7e</size>
         <input_file_ref idref="fl-2"/>
      </object_component>
      <object_component id="oc-9d">
         <name>.debug_info</name>
         <load_address>0x1854</load_address>
         <run_address>0x1854</run_address>
         <size>0x8b</size>
         <input_file_ref idref="fl-2"/>
      </object_component>
      <object_component id="oc-a2">
         <name>.debug_info</name>
         <load_address>0x18df</load_address>
         <run_address>0x18df</run_address>
         <size>0x18b</size>
         <input_file_ref idref="fl-2"/>
      </object_component>
      <object_component id="oc-fb">
         <name>.debug_info</name>
         <load_address>0x1a6a</load_address>
         <run_address>0x1a6a</run_address>
         <size>0x2c</size>
         <input_file_ref idref="fl-2"/>
      </object_component>
      <object_component id="oc-56">
         <name>.debug_info</name>
         <load_address>0x1a96</load_address>
         <run_address>0x1a96</run_address>
         <size>0x155</size>
         <input_file_ref idref="fl-3"/>
      </object_component>
      <object_component id="oc-10">
         <name>.debug_info</name>
         <load_address>0x1beb</load_address>
         <run_address>0x1beb</run_address>
         <size>0xc4</size>
         <input_file_ref idref="fl-3"/>
      </object_component>
      <object_component id="oc-2b">
         <name>.debug_info</name>
         <load_address>0x1caf</load_address>
         <run_address>0x1caf</run_address>
         <size>0xf4</size>
         <input_file_ref idref="fl-3"/>
      </object_component>
      <object_component id="oc-31">
         <name>.debug_info</name>
         <load_address>0x1da3</load_address>
         <run_address>0x1da3</run_address>
         <size>0xe5</size>
         <input_file_ref idref="fl-3"/>
      </object_component>
      <object_component id="oc-3d">
         <name>.debug_info</name>
         <load_address>0x1e88</load_address>
         <run_address>0x1e88</run_address>
         <size>0xfd</size>
         <input_file_ref idref="fl-3"/>
      </object_component>
      <object_component id="oc-37">
         <name>.debug_info</name>
         <load_address>0x1f85</load_address>
         <run_address>0x1f85</run_address>
         <size>0xeb</size>
         <input_file_ref idref="fl-3"/>
      </object_component>
      <object_component id="oc-eb">
         <name>.debug_info</name>
         <load_address>0x2070</load_address>
         <run_address>0x2070</run_address>
         <size>0x84</size>
         <input_file_ref idref="fl-3"/>
      </object_component>
      <object_component id="oc-25">
         <name>.debug_info</name>
         <load_address>0x20f4</load_address>
         <run_address>0x20f4</run_address>
         <size>0x14e</size>
         <input_file_ref idref="fl-12a"/>
      </object_component>
      <object_component id="oc-62">
         <name>.debug_info</name>
         <load_address>0x2242</load_address>
         <run_address>0x2242</run_address>
         <size>0x13b</size>
         <input_file_ref idref="fl-12b"/>
      </object_component>
      <object_component id="oc-13">
         <name>.debug_info</name>
         <load_address>0x237d</load_address>
         <run_address>0x237d</run_address>
         <size>0x1da</size>
         <input_file_ref idref="fl-12b"/>
      </object_component>
      <object_component id="oc-5d">
         <name>.debug_info</name>
         <load_address>0x2557</load_address>
         <run_address>0x2557</run_address>
         <size>0x46</size>
         <input_file_ref idref="fl-12b"/>
      </object_component>
      <object_component id="oc-f1">
         <name>.debug_info</name>
         <load_address>0x259d</load_address>
         <run_address>0x259d</run_address>
         <size>0x2c</size>
         <input_file_ref idref="fl-12b"/>
      </object_component>
      <object_component id="oc-6a">
         <name>.debug_info</name>
         <load_address>0x25c9</load_address>
         <run_address>0x25c9</run_address>
         <size>0x12f</size>
         <input_file_ref idref="fl-12c"/>
      </object_component>
      <object_component id="oc-64">
         <name>.debug_info</name>
         <load_address>0x26f8</load_address>
         <run_address>0x26f8</run_address>
         <size>0x242</size>
         <input_file_ref idref="fl-12c"/>
      </object_component>
      <object_component id="oc-19">
         <name>.debug_info</name>
         <load_address>0x293a</load_address>
         <run_address>0x293a</run_address>
         <size>0x1ac</size>
         <input_file_ref idref="fl-12c"/>
      </object_component>
      <object_component id="oc-6b">
         <name>.debug_info</name>
         <load_address>0x2ae6</load_address>
         <run_address>0x2ae6</run_address>
         <size>0x39</size>
         <input_file_ref idref="fl-12c"/>
      </object_component>
      <object_component id="oc-7b">
         <name>.debug_info</name>
         <load_address>0x2b1f</load_address>
         <run_address>0x2b1f</run_address>
         <size>0x12a</size>
         <input_file_ref idref="fl-12d"/>
      </object_component>
      <object_component id="oc-22">
         <name>.debug_info</name>
         <load_address>0x2c49</load_address>
         <run_address>0x2c49</run_address>
         <size>0x1a5</size>
         <input_file_ref idref="fl-12d"/>
      </object_component>
      <object_component id="oc-76">
         <name>.debug_info</name>
         <load_address>0x2dee</load_address>
         <run_address>0x2dee</run_address>
         <size>0x46</size>
         <input_file_ref idref="fl-12d"/>
      </object_component>
      <object_component id="oc-11b">
         <name>.debug_info</name>
         <load_address>0x2e34</load_address>
         <run_address>0x2e34</run_address>
         <size>0x18c</size>
         <input_file_ref idref="fl-12e"/>
      </object_component>
      <object_component id="oc-118">
         <name>.debug_info</name>
         <load_address>0x2fc0</load_address>
         <run_address>0x2fc0</run_address>
         <size>0x131</size>
         <input_file_ref idref="fl-12e"/>
      </object_component>
      <object_component id="oc-8f">
         <name>.debug_info</name>
         <load_address>0x30f1</load_address>
         <run_address>0x30f1</run_address>
         <size>0x208</size>
         <input_file_ref idref="fl-12e"/>
      </object_component>
      <object_component id="oc-db">
         <name>.debug_info</name>
         <load_address>0x32f9</load_address>
         <run_address>0x32f9</run_address>
         <size>0x143</size>
         <input_file_ref idref="fl-12f"/>
      </object_component>
      <object_component id="oc-c8">
         <name>.debug_info</name>
         <load_address>0x343c</load_address>
         <run_address>0x343c</run_address>
         <size>0x131</size>
         <input_file_ref idref="fl-130"/>
      </object_component>
      <object_component id="oc-cc">
         <name>.debug_info</name>
         <load_address>0x356d</load_address>
         <run_address>0x356d</run_address>
         <size>0x135</size>
         <input_file_ref idref="fl-131"/>
      </object_component>
      <object_component id="oc-d1">
         <name>.debug_info</name>
         <load_address>0x36a2</load_address>
         <run_address>0x36a2</run_address>
         <size>0x123</size>
         <input_file_ref idref="fl-132"/>
      </object_component>
      <object_component id="oc-58">
         <name>.debug_info</name>
         <load_address>0x37c5</load_address>
         <run_address>0x37c5</run_address>
         <size>0x110</size>
         <input_file_ref idref="fl-133"/>
      </object_component>
      <object_component id="oc-72">
         <name>.debug_info</name>
         <load_address>0x38d5</load_address>
         <run_address>0x38d5</run_address>
         <size>0x13e</size>
         <input_file_ref idref="fl-134"/>
      </object_component>
      <object_component id="oc-168">
         <name>.debug_info</name>
         <load_address>0x3a13</load_address>
         <run_address>0x3a13</run_address>
         <size>0x1ed</size>
         <input_file_ref idref="fl-135"/>
      </object_component>
      <object_component id="oc-d5">
         <name>.debug_info</name>
         <load_address>0x3c00</load_address>
         <run_address>0x3c00</run_address>
         <size>0x57d</size>
         <input_file_ref idref="fl-135"/>
      </object_component>
      <object_component id="oc-1da">
         <name>.debug_info</name>
         <load_address>0x417d</load_address>
         <run_address>0x417d</run_address>
         <size>0x86</size>
         <input_file_ref idref="fl-135"/>
      </object_component>
      <object_component id="oc-7d">
         <name>.debug_info</name>
         <load_address>0x4203</load_address>
         <run_address>0x4203</run_address>
         <size>0x143</size>
         <input_file_ref idref="fl-136"/>
      </object_component>
      <object_component id="oc-95">
         <name>.debug_info</name>
         <load_address>0x4346</load_address>
         <run_address>0x4346</run_address>
         <size>0x104</size>
         <input_file_ref idref="fl-137"/>
      </object_component>
      <object_component id="oc-c1">
         <name>.debug_info</name>
         <load_address>0x444a</load_address>
         <run_address>0x444a</run_address>
         <size>0x125</size>
         <input_file_ref idref="fl-13a"/>
      </object_component>
      <object_component id="oc-1b5">
         <name>.debug_info</name>
         <load_address>0x456f</load_address>
         <run_address>0x456f</run_address>
         <size>0x155</size>
         <input_file_ref idref="fl-13b"/>
      </object_component>
      <object_component id="oc-13c">
         <name>.debug_info</name>
         <load_address>0x46c4</load_address>
         <run_address>0x46c4</run_address>
         <size>0x1bc</size>
         <input_file_ref idref="fl-13b"/>
      </object_component>
      <object_component id="oc-1b2">
         <name>.debug_info</name>
         <load_address>0x4880</load_address>
         <run_address>0x4880</run_address>
         <size>0x115</size>
         <input_file_ref idref="fl-13c"/>
      </object_component>
      <object_component id="oc-133">
         <name>.debug_info</name>
         <load_address>0x4995</load_address>
         <run_address>0x4995</run_address>
         <size>0x18d</size>
         <input_file_ref idref="fl-13c"/>
      </object_component>
      <object_component id="oc-1d6">
         <name>.debug_info</name>
         <load_address>0x4b22</load_address>
         <run_address>0x4b22</run_address>
         <size>0x18d</size>
         <input_file_ref idref="fl-13d"/>
      </object_component>
      <object_component id="oc-1d3">
         <name>.debug_info</name>
         <load_address>0x4caf</load_address>
         <run_address>0x4caf</run_address>
         <size>0x157</size>
         <input_file_ref idref="fl-13d"/>
      </object_component>
      <object_component id="oc-162">
         <name>.debug_info</name>
         <load_address>0x4e06</load_address>
         <run_address>0x4e06</run_address>
         <size>0x3e0</size>
         <input_file_ref idref="fl-13d"/>
      </object_component>
      <object_component id="oc-146">
         <name>.debug_info</name>
         <load_address>0x51e6</load_address>
         <run_address>0x51e6</run_address>
         <size>0x16d</size>
         <input_file_ref idref="fl-13e"/>
      </object_component>
      <object_component id="oc-165">
         <name>.debug_info</name>
         <load_address>0x5353</load_address>
         <run_address>0x5353</run_address>
         <size>0x1cf</size>
         <input_file_ref idref="fl-13f"/>
      </object_component>
      <object_component id="oc-1a1">
         <name>.debug_info</name>
         <load_address>0x5522</load_address>
         <run_address>0x5522</run_address>
         <size>0x11f</size>
         <input_file_ref idref="fl-140"/>
      </object_component>
      <object_component id="oc-115">
         <name>.debug_info</name>
         <load_address>0x5641</load_address>
         <run_address>0x5641</run_address>
         <size>0x10e</size>
         <input_file_ref idref="fl-140"/>
      </object_component>
      <object_component id="oc-19b">
         <name>.debug_info</name>
         <load_address>0x574f</load_address>
         <run_address>0x574f</run_address>
         <size>0x21a</size>
         <input_file_ref idref="fl-140"/>
      </object_component>
      <object_component id="oc-113">
         <name>.debug_info</name>
         <load_address>0x5969</load_address>
         <run_address>0x5969</run_address>
         <size>0x161</size>
         <input_file_ref idref="fl-141"/>
      </object_component>
      <object_component id="oc-89">
         <name>.debug_info</name>
         <load_address>0x5aca</load_address>
         <run_address>0x5aca</run_address>
         <size>0x162</size>
         <input_file_ref idref="fl-141"/>
      </object_component>
      <object_component id="oc-194">
         <name>.debug_info</name>
         <load_address>0x5c2c</load_address>
         <run_address>0x5c2c</run_address>
         <size>0x5e</size>
         <input_file_ref idref="fl-141"/>
      </object_component>
      <object_component id="oc-10b">
         <name>.debug_info</name>
         <load_address>0x5c8a</load_address>
         <run_address>0x5c8a</run_address>
         <size>0x2b8</size>
         <input_file_ref idref="fl-142"/>
      </object_component>
      <object_component id="oc-84">
         <name>.debug_info</name>
         <load_address>0x5f42</load_address>
         <run_address>0x5f42</run_address>
         <size>0x172</size>
         <input_file_ref idref="fl-142"/>
      </object_component>
      <object_component id="oc-16f">
         <name>.debug_info</name>
         <load_address>0x60b4</load_address>
         <run_address>0x60b4</run_address>
         <size>0x39</size>
         <input_file_ref idref="fl-142"/>
      </object_component>
      <object_component id="oc-174">
         <name>.debug_info</name>
         <load_address>0x60ed</load_address>
         <run_address>0x60ed</run_address>
         <size>0xcd</size>
         <input_file_ref idref="fl-142"/>
      </object_component>
      <object_component id="oc-16c">
         <name>.debug_info</name>
         <load_address>0x61ba</load_address>
         <run_address>0x61ba</run_address>
         <size>0x1db</size>
         <input_file_ref idref="fl-143"/>
      </object_component>
      <object_component id="oc-106">
         <name>.debug_info</name>
         <load_address>0x6395</load_address>
         <run_address>0x6395</run_address>
         <size>0x17e</size>
         <input_file_ref idref="fl-143"/>
      </object_component>
      <object_component id="oc-1e3">
         <name>.debug_info</name>
         <load_address>0x6513</load_address>
         <run_address>0x6513</run_address>
         <size>0x2c</size>
         <input_file_ref idref="fl-143"/>
      </object_component>
      <object_component id="oc-1bf">
         <name>.debug_info</name>
         <load_address>0x653f</load_address>
         <run_address>0x653f</run_address>
         <size>0xf0</size>
         <input_file_ref idref="fl-144"/>
      </object_component>
      <object_component id="oc-140">
         <name>.debug_info</name>
         <load_address>0x662f</load_address>
         <run_address>0x662f</run_address>
         <size>0x11f</size>
         <input_file_ref idref="fl-145"/>
      </object_component>
      <object_component id="oc-15c">
         <name>.debug_info</name>
         <load_address>0x674e</load_address>
         <run_address>0x674e</run_address>
         <size>0x131</size>
         <input_file_ref idref="fl-146"/>
      </object_component>
      <object_component id="oc-150">
         <name>.debug_info</name>
         <load_address>0x687f</load_address>
         <run_address>0x687f</run_address>
         <size>0x125</size>
         <input_file_ref idref="fl-147"/>
      </object_component>
      <object_component id="oc-2c1">
         <name>.debug_info</name>
         <load_address>0x69a4</load_address>
         <run_address>0x69a4</run_address>
         <size>0x158</size>
         <input_file_ref idref="fl-148"/>
      </object_component>
      <object_component id="oc-267">
         <name>.debug_info</name>
         <load_address>0x6afc</load_address>
         <run_address>0x6afc</run_address>
         <size>0x128</size>
         <input_file_ref idref="fl-148"/>
      </object_component>
      <object_component id="oc-1b9">
         <name>.debug_info</name>
         <load_address>0x6c24</load_address>
         <run_address>0x6c24</run_address>
         <size>0x189</size>
         <input_file_ref idref="fl-148"/>
      </object_component>
      <object_component id="oc-2bc">
         <name>.debug_info</name>
         <load_address>0x6dad</load_address>
         <run_address>0x6dad</run_address>
         <size>0x6f</size>
         <input_file_ref idref="fl-148"/>
      </object_component>
      <object_component id="oc-14a">
         <name>.debug_info</name>
         <load_address>0x6e1c</load_address>
         <run_address>0x6e1c</run_address>
         <size>0x123</size>
         <input_file_ref idref="fl-149"/>
      </object_component>
      <object_component id="oc-155">
         <name>.debug_info</name>
         <load_address>0x6f3f</load_address>
         <run_address>0x6f3f</run_address>
         <size>0x135</size>
         <input_file_ref idref="fl-14a"/>
      </object_component>
      <object_component id="oc-2b9">
         <name>.debug_info</name>
         <load_address>0x7074</load_address>
         <run_address>0x7074</run_address>
         <size>0x117</size>
         <input_file_ref idref="fl-14b"/>
      </object_component>
      <object_component id="oc-263">
         <name>.debug_info</name>
         <load_address>0x718b</load_address>
         <run_address>0x718b</run_address>
         <size>0x16e</size>
         <input_file_ref idref="fl-14b"/>
      </object_component>
      <object_component id="oc-2e9">
         <name>.debug_info</name>
         <load_address>0x72f9</load_address>
         <run_address>0x72f9</run_address>
         <size>0x2c</size>
         <input_file_ref idref="fl-14b"/>
      </object_component>
      <object_component id="oc-2e6">
         <name>.debug_info</name>
         <load_address>0x7325</load_address>
         <run_address>0x7325</run_address>
         <size>0x137</size>
         <input_file_ref idref="fl-14c"/>
      </object_component>
      <object_component id="oc-2e3">
         <name>.debug_info</name>
         <load_address>0x745c</load_address>
         <run_address>0x745c</run_address>
         <size>0xf5</size>
         <input_file_ref idref="fl-14c"/>
      </object_component>
      <object_component id="oc-2b5">
         <name>.debug_info</name>
         <load_address>0x7551</load_address>
         <run_address>0x7551</run_address>
         <size>0x184</size>
         <input_file_ref idref="fl-14c"/>
      </object_component>
      <object_component id="oc-25b">
         <name>.debug_info</name>
         <load_address>0x76d5</load_address>
         <run_address>0x76d5</run_address>
         <size>0xe0</size>
         <input_file_ref idref="fl-14d"/>
      </object_component>
      <object_component id="oc-1ac">
         <name>.debug_info</name>
         <load_address>0x77b5</load_address>
         <run_address>0x77b5</run_address>
         <size>0x167</size>
         <input_file_ref idref="fl-14d"/>
      </object_component>
      <object_component id="oc-275">
         <name>.debug_info</name>
         <load_address>0x791c</load_address>
         <run_address>0x791c</run_address>
         <size>0x12b</size>
         <input_file_ref idref="fl-14e"/>
      </object_component>
      <object_component id="oc-1cf">
         <name>.debug_info</name>
         <load_address>0x7a47</load_address>
         <run_address>0x7a47</run_address>
         <size>0x1ac</size>
         <input_file_ref idref="fl-14e"/>
      </object_component>
      <object_component id="oc-273">
         <name>.debug_info</name>
         <load_address>0x7bf3</load_address>
         <run_address>0x7bf3</run_address>
         <size>0x17e</size>
         <input_file_ref idref="fl-14f"/>
      </object_component>
      <object_component id="oc-270">
         <name>.debug_info</name>
         <load_address>0x7d71</load_address>
         <run_address>0x7d71</run_address>
         <size>0xe5</size>
         <input_file_ref idref="fl-14f"/>
      </object_component>
      <object_component id="oc-1c5">
         <name>.debug_info</name>
         <load_address>0x7e56</load_address>
         <run_address>0x7e56</run_address>
         <size>0x4eb</size>
         <input_file_ref idref="fl-14f"/>
      </object_component>
      <object_component id="oc-26d">
         <name>.debug_info</name>
         <load_address>0x8341</load_address>
         <run_address>0x8341</run_address>
         <size>0x1bf</size>
         <input_file_ref idref="fl-150"/>
      </object_component>
      <object_component id="oc-12b">
         <name>.debug_info</name>
         <load_address>0x8500</load_address>
         <run_address>0x8500</run_address>
         <size>0x24d</size>
         <input_file_ref idref="fl-151"/>
      </object_component>
      <object_component id="oc-23f">
         <name>.debug_info</name>
         <load_address>0x874d</load_address>
         <run_address>0x874d</run_address>
         <size>0x333</size>
         <input_file_ref idref="fl-151"/>
      </object_component>
      <object_component id="oc-245">
         <name>.debug_info</name>
         <load_address>0x8a80</load_address>
         <run_address>0x8a80</run_address>
         <size>0x2a0</size>
         <input_file_ref idref="fl-151"/>
      </object_component>
      <object_component id="oc-233">
         <name>.debug_info</name>
         <load_address>0x8d20</load_address>
         <run_address>0x8d20</run_address>
         <size>0x2a2</size>
         <input_file_ref idref="fl-151"/>
      </object_component>
      <object_component id="oc-bc">
         <name>.debug_info</name>
         <load_address>0x8fc2</load_address>
         <run_address>0x8fc2</run_address>
         <size>0x2ff</size>
         <input_file_ref idref="fl-151"/>
      </object_component>
      <object_component id="oc-239">
         <name>.debug_info</name>
         <load_address>0x92c1</load_address>
         <run_address>0x92c1</run_address>
         <size>0x326</size>
         <input_file_ref idref="fl-151"/>
      </object_component>
      <object_component id="oc-252">
         <name>.debug_info</name>
         <load_address>0x95e7</load_address>
         <run_address>0x95e7</run_address>
         <size>0x2a4</size>
         <input_file_ref idref="fl-151"/>
      </object_component>
      <object_component id="oc-29e">
         <name>.debug_info</name>
         <load_address>0x988b</load_address>
         <run_address>0x988b</run_address>
         <size>0x2bf</size>
         <input_file_ref idref="fl-151"/>
      </object_component>
      <object_component id="oc-24b">
         <name>.debug_info</name>
         <load_address>0x9b4a</load_address>
         <run_address>0x9b4a</run_address>
         <size>0x2df</size>
         <input_file_ref idref="fl-151"/>
      </object_component>
      <object_component id="oc-e1">
         <name>.debug_info</name>
         <load_address>0x9e29</load_address>
         <run_address>0x9e29</run_address>
         <size>0x296</size>
         <input_file_ref idref="fl-151"/>
      </object_component>
      <object_component id="oc-b6">
         <name>.debug_info</name>
         <load_address>0xa0bf</load_address>
         <run_address>0xa0bf</run_address>
         <size>0x294</size>
         <input_file_ref idref="fl-151"/>
      </object_component>
      <object_component id="oc-120">
         <name>.debug_info</name>
         <load_address>0xa353</load_address>
         <run_address>0xa353</run_address>
         <size>0x240</size>
         <input_file_ref idref="fl-152"/>
      </object_component>
      <object_component id="oc-1e9">
         <name>.debug_info</name>
         <load_address>0xa593</load_address>
         <run_address>0xa593</run_address>
         <size>0x15b</size>
         <input_file_ref idref="fl-152"/>
      </object_component>
      <object_component id="oc-a8">
         <name>.debug_info</name>
         <load_address>0xa6ee</load_address>
         <run_address>0xa6ee</run_address>
         <size>0x2a3</size>
         <input_file_ref idref="fl-152"/>
      </object_component>
      <object_component id="oc-291">
         <name>.debug_info</name>
         <load_address>0xa991</load_address>
         <run_address>0xa991</run_address>
         <size>0x2b3</size>
         <input_file_ref idref="fl-152"/>
      </object_component>
      <object_component id="oc-28b">
         <name>.debug_info</name>
         <load_address>0xac44</load_address>
         <run_address>0xac44</run_address>
         <size>0x316</size>
         <input_file_ref idref="fl-152"/>
      </object_component>
      <object_component id="oc-226">
         <name>.debug_info</name>
         <load_address>0xaf5a</load_address>
         <run_address>0xaf5a</run_address>
         <size>0x2b7</size>
         <input_file_ref idref="fl-152"/>
      </object_component>
      <object_component id="oc-22c">
         <name>.debug_info</name>
         <load_address>0xb211</load_address>
         <run_address>0xb211</run_address>
         <size>0x279</size>
         <input_file_ref idref="fl-152"/>
      </object_component>
      <object_component id="oc-17b">
         <name>.debug_info</name>
         <load_address>0xb48a</load_address>
         <run_address>0xb48a</run_address>
         <size>0x280</size>
         <input_file_ref idref="fl-152"/>
      </object_component>
      <object_component id="oc-2dd">
         <name>.debug_info</name>
         <load_address>0xb70a</load_address>
         <run_address>0xb70a</run_address>
         <size>0x20e</size>
         <input_file_ref idref="fl-153"/>
      </object_component>
      <object_component id="oc-2df">
         <name>.debug_info</name>
         <load_address>0xb918</load_address>
         <run_address>0xb918</run_address>
         <size>0x210</size>
         <input_file_ref idref="fl-153"/>
      </object_component>
      <object_component id="oc-2da">
         <name>.debug_info</name>
         <load_address>0xbb28</load_address>
         <run_address>0xbb28</run_address>
         <size>0x157</size>
         <input_file_ref idref="fl-153"/>
      </object_component>
      <object_component id="oc-2a3">
         <name>.debug_info</name>
         <load_address>0xbc7f</load_address>
         <run_address>0xbc7f</run_address>
         <size>0x2c1</size>
         <input_file_ref idref="fl-153"/>
      </object_component>
      <object_component id="oc-2a9">
         <name>.debug_info</name>
         <load_address>0xbf40</load_address>
         <run_address>0xbf40</run_address>
         <size>0x268</size>
         <input_file_ref idref="fl-153"/>
      </object_component>
      <object_component id="oc-285">
         <name>.debug_info</name>
         <load_address>0xc1a8</load_address>
         <run_address>0xc1a8</run_address>
         <size>0x1ed</size>
         <input_file_ref idref="fl-154"/>
      </object_component>
      <object_component id="oc-212">
         <name>.debug_info</name>
         <load_address>0xc395</load_address>
         <run_address>0xc395</run_address>
         <size>0x2f6</size>
         <input_file_ref idref="fl-154"/>
      </object_component>
      <object_component id="oc-218">
         <name>.debug_info</name>
         <load_address>0xc68b</load_address>
         <run_address>0xc68b</run_address>
         <size>0x2c4</size>
         <input_file_ref idref="fl-154"/>
      </object_component>
      <object_component id="oc-206">
         <name>.debug_info</name>
         <load_address>0xc94f</load_address>
         <run_address>0xc94f</run_address>
         <size>0x2b6</size>
         <input_file_ref idref="fl-154"/>
      </object_component>
      <object_component id="oc-21d">
         <name>.debug_info</name>
         <load_address>0xcc05</load_address>
         <run_address>0xcc05</run_address>
         <size>0x276</size>
         <input_file_ref idref="fl-154"/>
      </object_component>
      <object_component id="oc-20b">
         <name>.debug_info</name>
         <load_address>0xce7b</load_address>
         <run_address>0xce7b</run_address>
         <size>0x2b3</size>
         <input_file_ref idref="fl-154"/>
      </object_component>
      <object_component id="oc-27d">
         <name>.debug_info</name>
         <load_address>0xd12e</load_address>
         <run_address>0xd12e</run_address>
         <size>0x298</size>
         <input_file_ref idref="fl-155"/>
      </object_component>
      <object_component id="oc-281">
         <name>.debug_info</name>
         <load_address>0xd3c6</load_address>
         <run_address>0xd3c6</run_address>
         <size>0x14d</size>
         <input_file_ref idref="fl-155"/>
      </object_component>
      <object_component id="oc-1f4">
         <name>.debug_info</name>
         <load_address>0xd513</load_address>
         <run_address>0xd513</run_address>
         <size>0x27f</size>
         <input_file_ref idref="fl-155"/>
      </object_component>
      <object_component id="oc-1ee">
         <name>.debug_info</name>
         <load_address>0xd792</load_address>
         <run_address>0xd792</run_address>
         <size>0x27d</size>
         <input_file_ref idref="fl-155"/>
      </object_component>
      <object_component id="oc-1fa">
         <name>.debug_info</name>
         <load_address>0xda0f</load_address>
         <run_address>0xda0f</run_address>
         <size>0x263</size>
         <input_file_ref idref="fl-155"/>
      </object_component>
      <object_component id="oc-200">
         <name>.debug_info</name>
         <load_address>0xdc72</load_address>
         <run_address>0xdc72</run_address>
         <size>0x2b5</size>
         <input_file_ref idref="fl-155"/>
      </object_component>
      <object_component id="oc-2cd">
         <name>.debug_info</name>
         <load_address>0xdf27</load_address>
         <run_address>0xdf27</run_address>
         <size>0x5f</size>
         <input_file_ref idref="fl-155"/>
      </object_component>
      <object_component id="oc-321">
         <name>.debug_info</name>
         <load_address>0xdf86</load_address>
         <run_address>0xdf86</run_address>
         <size>0x8b</size>
      </object_component>
      <object_component id="oc-122">
         <name>.debug_line</name>
         <load_address>0x0</load_address>
         <run_address>0x0</run_address>
         <size>0x190</size>
         <input_file_ref idref="fl-2"/>
      </object_component>
      <object_component id="oc-129">
         <name>.debug_line</name>
         <load_address>0x190</load_address>
         <run_address>0x190</run_address>
         <size>0x3a</size>
         <input_file_ref idref="fl-2"/>
      </object_component>
      <object_component id="oc-4f">
         <name>.debug_line</name>
         <load_address>0x1ca</load_address>
         <run_address>0x1ca</run_address>
         <size>0x7b</size>
         <input_file_ref idref="fl-2"/>
      </object_component>
      <object_component id="oc-18c">
         <name>.debug_line</name>
         <load_address>0x245</load_address>
         <run_address>0x245</run_address>
         <size>0x4f</size>
         <input_file_ref idref="fl-2"/>
      </object_component>
      <object_component id="oc-180">
         <name>.debug_line</name>
         <load_address>0x294</load_address>
         <run_address>0x294</run_address>
         <size>0x6e</size>
         <input_file_ref idref="fl-2"/>
      </object_component>
      <object_component id="oc-186">
         <name>.debug_line</name>
         <load_address>0x302</load_address>
         <run_address>0x302</run_address>
         <size>0x6e</size>
         <input_file_ref idref="fl-2"/>
      </object_component>
      <object_component id="oc-10d">
         <name>.debug_line</name>
         <load_address>0x370</load_address>
         <run_address>0x370</run_address>
         <size>0x77</size>
         <input_file_ref idref="fl-2"/>
      </object_component>
      <object_component id="oc-4d">
         <name>.debug_line</name>
         <load_address>0x3e7</load_address>
         <run_address>0x3e7</run_address>
         <size>0xab</size>
         <input_file_ref idref="fl-2"/>
      </object_component>
      <object_component id="oc-47">
         <name>.debug_line</name>
         <load_address>0x492</load_address>
         <run_address>0x492</run_address>
         <size>0x5d</size>
         <input_file_ref idref="fl-2"/>
      </object_component>
      <object_component id="oc-126">
         <name>.debug_line</name>
         <load_address>0x4ef</load_address>
         <run_address>0x4ef</run_address>
         <size>0x3a</size>
         <input_file_ref idref="fl-2"/>
      </object_component>
      <object_component id="oc-a0">
         <name>.debug_line</name>
         <load_address>0x529</load_address>
         <run_address>0x529</run_address>
         <size>0x20</size>
         <input_file_ref idref="fl-2"/>
      </object_component>
      <object_component id="oc-a5">
         <name>.debug_line</name>
         <load_address>0x549</load_address>
         <run_address>0x549</run_address>
         <size>0x60</size>
         <input_file_ref idref="fl-2"/>
      </object_component>
      <object_component id="oc-fe">
         <name>.debug_line</name>
         <load_address>0x5a9</load_address>
         <run_address>0x5a9</run_address>
         <size>0x60</size>
         <input_file_ref idref="fl-2"/>
      </object_component>
      <object_component id="oc-ea">
         <name>.debug_line</name>
         <load_address>0x609</load_address>
         <run_address>0x609</run_address>
         <size>0x34</size>
         <input_file_ref idref="fl-3"/>
      </object_component>
      <object_component id="oc-55">
         <name>.debug_line</name>
         <load_address>0x63d</load_address>
         <run_address>0x63d</run_address>
         <size>0x34</size>
         <input_file_ref idref="fl-3"/>
      </object_component>
      <object_component id="oc-2e">
         <name>.debug_line</name>
         <load_address>0x671</load_address>
         <run_address>0x671</run_address>
         <size>0x46</size>
         <input_file_ref idref="fl-3"/>
      </object_component>
      <object_component id="oc-34">
         <name>.debug_line</name>
         <load_address>0x6b7</load_address>
         <run_address>0x6b7</run_address>
         <size>0x49</size>
         <input_file_ref idref="fl-3"/>
      </object_component>
      <object_component id="oc-40">
         <name>.debug_line</name>
         <load_address>0x700</load_address>
         <run_address>0x700</run_address>
         <size>0x49</size>
         <input_file_ref idref="fl-3"/>
      </object_component>
      <object_component id="oc-3a">
         <name>.debug_line</name>
         <load_address>0x749</load_address>
         <run_address>0x749</run_address>
         <size>0x49</size>
         <input_file_ref idref="fl-3"/>
      </object_component>
      <object_component id="oc-ee">
         <name>.debug_line</name>
         <load_address>0x792</load_address>
         <run_address>0x792</run_address>
         <size>0x20</size>
         <input_file_ref idref="fl-3"/>
      </object_component>
      <object_component id="oc-28">
         <name>.debug_line</name>
         <load_address>0x7b2</load_address>
         <run_address>0x7b2</run_address>
         <size>0x52</size>
         <input_file_ref idref="fl-12a"/>
      </object_component>
      <object_component id="oc-f7">
         <name>.debug_line</name>
         <load_address>0x804</load_address>
         <run_address>0x804</run_address>
         <size>0x8a</size>
         <input_file_ref idref="fl-12b"/>
      </object_component>
      <object_component id="oc-17">
         <name>.debug_line</name>
         <load_address>0x88e</load_address>
         <run_address>0x88e</run_address>
         <size>0x55</size>
         <input_file_ref idref="fl-12b"/>
      </object_component>
      <object_component id="oc-60">
         <name>.debug_line</name>
         <load_address>0x8e3</load_address>
         <run_address>0x8e3</run_address>
         <size>0x3a</size>
         <input_file_ref idref="fl-12b"/>
      </object_component>
      <object_component id="oc-f4">
         <name>.debug_line</name>
         <load_address>0x91d</load_address>
         <run_address>0x91d</run_address>
         <size>0x8a</size>
         <input_file_ref idref="fl-12b"/>
      </object_component>
      <object_component id="oc-fa">
         <name>.debug_line</name>
         <load_address>0x9a7</load_address>
         <run_address>0x9a7</run_address>
         <size>0x8a</size>
         <input_file_ref idref="fl-12c"/>
      </object_component>
      <object_component id="oc-68">
         <name>.debug_line</name>
         <load_address>0xa31</load_address>
         <run_address>0xa31</run_address>
         <size>0x98</size>
         <input_file_ref idref="fl-12c"/>
      </object_component>
      <object_component id="oc-1c">
         <name>.debug_line</name>
         <load_address>0xac9</load_address>
         <run_address>0xac9</run_address>
         <size>0x4b</size>
         <input_file_ref idref="fl-12c"/>
      </object_component>
      <object_component id="oc-6e">
         <name>.debug_line</name>
         <load_address>0xb14</load_address>
         <run_address>0xb14</run_address>
         <size>0x39</size>
         <input_file_ref idref="fl-12c"/>
      </object_component>
      <object_component id="oc-102">
         <name>.debug_line</name>
         <load_address>0xb4d</load_address>
         <run_address>0xb4d</run_address>
         <size>0x8a</size>
         <input_file_ref idref="fl-12d"/>
      </object_component>
[...]
         <name>input_cmd</name>
         <value>0x2000064c</value>
      </symbol>
      <symbol id="sm-be">
         <name>ADCAvVal</name>
         <value>0x20000644</value>
      </symbol>
      <symbol id="sm-bf">
         <name>volts</name>
         <value>0x20000658</value>
      </symbol>
      <symbol id="sm-c0">
         <name>distance</name>
         <value>0x20000648</value>
      </symbol>
      <symbol id="sm-c1">
         <name>ui32PWMClock</name>
         <value>0x20000654</value>
      </symbol>
      <symbol id="sm-c2">
         <name>ui32Load</name>
         <value>0x20000650</value>
      </symbol>
      <symbol id="sm-c3">
         <name>ADCSeq0IntHandler</name>
         <value>0x114d</value>
         <object_component_ref idref="oc-4e"/>
      </symbol>
      <symbol id="sm-c4">
         <name>adc_func</name>
         <value>0x2385</value>
         <object_component_ref idref="oc-18b"/>
      </symbol>
      <symbol id="sm-c5">
         <name>command_char_count</name>
         <value>0x20000614</value>
         <object_component_ref idref="oc-b0"/>
      </symbol>
      <symbol id="sm-c6">
         <name>UART1IntHandler</name>
         <value>0x1581</value>
         <object_component_ref idref="oc-48"/>
      </symbol>
      <symbol id="sm-c7">
         <name>UART0IntHandler</name>
         <value>0x1d71</value>
         <object_component_ref idref="oc-42"/>
      </symbol>
      <symbol id="sm-c8">
         <name>dutyCycle</name>
         <value>0x2000061c</value>
         <object_component_ref idref="oc-b0"/>
      </symbol>
      <symbol id="sm-c9">
         <name>command_received</name>
         <value>0x20000610</value>
         <object_component_ref idref="oc-b0"/>
      </symbol>
      <symbol id="sm-ca">
         <name>table_entries</name>
         <value>0x20000620</value>
         <object_component_ref idref="oc-b0"/>
      </symbol>
      <symbol id="sm-cb">
         <name>led_count</name>
         <value>0x2000060c</value>
         <object_component_ref idref="oc-b0"/>
      </symbol>
      <symbol id="sm-cc">
         <name>ADC_init</name>
         <value>0x18a1</value>
         <object_component_ref idref="oc-185"/>
      </symbol>
      <symbol id="sm-cd">
         <name>main</name>
         <value>0xda5</value>
         <object_component_ref idref="oc-10c"/>
      </symbol>
      <symbol id="sm-ce">
         <name>prev_input_cmd</name>
         <value>0x20000618</value>
         <object_component_ref idref="oc-b0"/>
      </symbol>
      <symbol id="sm-cf">
         <name>pins</name>
         <value>0x20000608</value>
         <object_component_ref idref="oc-b0"/>
      </symbol>
      <symbol id="sm-d0">
         <name>PWM_init</name>
         <value>0x17f9</value>
         <object_component_ref idref="oc-17f"/>
      </symbol>
      <symbol id="sm-106">
         <name>ResetISR</name>
         <value>0x23ad</value>
         <object_component_ref idref="oc-2a"/>
      </symbol>
      <symbol id="sm-107">
         <name>g_pfnVectors</name>
         <value>0x0</value>
         <object_component_ref idref="oc-f"/>
      </symbol>
      <symbol id="sm-119">
         <name>_c_int00</name>
         <value>0x1e75</value>
         <object_component_ref idref="oc-24"/>
      </symbol>
      <symbol id="sm-11a">
         <name>__stack</name>
         <value>0x2000026c</value>
         <object_component_ref idref="oc-29"/>
      </symbol>
      <symbol id="sm-131">
         <name>__TI_decompress_none</name>
         <value>0x2369</value>
         <object_component_ref idref="oc-12"/>
      </symbol>
      <symbol id="sm-154">
         <name>__TI_decompress_rle24</name>
         <value>0x23b3</value>
         <object_component_ref idref="oc-18"/>
      </symbol>
      <symbol id="sm-166">
         <name>__TI_zero_init</name>
         <value>0x2391</value>
         <object_component_ref idref="oc-1e"/>
      </symbol>
      <symbol id="sm-185">
         <name>C$$EXIT</name>
         <value>0x1fa1</value>
         <object_component_ref idref="oc-8e"/>
      </symbol>
      <symbol id="sm-186">
         <name>abort</name>
         <value>0x1fa5</value>
         <object_component_ref idref="oc-8e"/>
      </symbol>
      <symbol id="sm-187">
         <name>exit</name>
         <value>0x1fad</value>
         <object_component_ref idref="oc-8e"/>
      </symbol>
      <symbol id="sm-188">
         <name>__TI_dtors_ptr</name>
         <value>0x20000630</value>
         <object_component_ref idref="oc-117"/>
      </symbol>
      <symbol id="sm-189">
         <name>__TI_cleanup_ptr</name>
         <value>0x2000062c</value>
         <object_component_ref idref="oc-117"/>
      </symbol>
      <symbol id="sm-1ad">
         <name>__aeabi_dsub</name>
         <value>0xbed</value>
         <object_component_ref idref="oc-da"/>
      </symbol>
      <symbol id="sm-1ae">
         <name>__aeabi_dadd</name>
         <value>0xbf7</value>
         <object_component_ref idref="oc-da"/>
      </symbol>
      <symbol id="sm-1c5">
         <name>__aeabi_dmul</name>
         <value>0x1485</value>
         <object_component_ref idref="oc-c5"/>
      </symbol>
      <symbol id="sm-1d5">
         <name>__aeabi_d2f</name>
         <value>0x1b5b</value>
         <object_component_ref idref="oc-ca"/>
      </symbol>
      <symbol id="sm-1e3">
         <name>__aeabi_f2d</name>
         <value>0x205d</value>
         <object_component_ref idref="oc-cf"/>
      </symbol>
      <symbol id="sm-1fe">
         <name>memcpy</name>
         <value>0x1945</value>
         <object_component_ref idref="oc-57"/>
      </symbol>
      <symbol id="sm-1ff">
         <name>__aeabi_memcpy</name>
         <value>0x1945</value>
         <object_component_ref idref="oc-57"/>
      </symbol>
      <symbol id="sm-200">
         <name>__aeabi_memcpy8</name>
         <value>0x1945</value>
         <object_component_ref idref="oc-57"/>
      </symbol>
      <symbol id="sm-201">
         <name>__aeabi_memcpy4</name>
         <value>0x1945</value>
         <object_component_ref idref="oc-57"/>
      </symbol>
      <symbol id="sm-210">
         <name>__aeabi_memset</name>
         <value>0x1ae3</value>
         <object_component_ref idref="oc-70"/>
      </symbol>
      <symbol id="sm-211">
         <name>memset</name>
         <value>0x1ae9</value>
         <object_component_ref idref="oc-70"/>
      </symbol>
      <symbol id="sm-212">
         <name>__aeabi_memset8</name>
         <value>0x1ae3</value>
         <object_component_ref idref="oc-70"/>
      </symbol>
      <symbol id="sm-213">
         <name>__aeabi_memset4</name>
         <value>0x1ae3</value>
         <object_component_ref idref="oc-70"/>
      </symbol>
      <symbol id="sm-214">
         <name>__aeabi_memclr8</name>
         <value>0x1ae1</value>
         <object_component_ref idref="oc-70"/>
      </symbol>
      <symbol id="sm-215">
         <name>__aeabi_memclr4</name>
         <value>0x1ae1</value>
         <object_component_ref idref="oc-70"/>
      </symbol>
      <symbol id="sm-216">
         <name>__aeabi_memclr</name>
         <value>0x1ae1</value>
         <object_component_ref idref="oc-70"/>
      </symbol>
      <symbol id="sm-26b">
         <name>pow</name>
         <value>0x26d</value>
         <object_component_ref idref="oc-d4"/>
      </symbol>
      <symbol id="sm-275">
         <name>_system_pre_init</name>
         <value>0x23b9</value>
         <object_component_ref idref="oc-7c"/>
      </symbol>
      <symbol id="sm-27d">
         <name>main_func_sp</name>
         <value>0x20000640</value>
         <object_component_ref idref="oc-94"/>
      </symbol>
      <symbol id="sm-28b">
         <name>__aeabi_ui2d</name>
         <value>0x2209</value>
         <object_component_ref idref="oc-c0"/>
      </symbol>
      <symbol id="sm-2aa">
         <name>_Dint</name>
         <value>0x1679</value>
         <object_component_ref idref="oc-138"/>
      </symbol>
      <symbol id="sm-2be">
         <name>_Dunscale</name>
         <value>0x1d09</value>
         <object_component_ref idref="oc-132"/>
      </symbol>
      <symbol id="sm-2f2">
         <name>_Exp</name>
         <value>0x9f1</value>
         <object_component_ref idref="oc-15e"/>
      </symbol>
      <symbol id="sm-301">
         <name>_Feraise</name>
         <value>0x2131</value>
         <object_component_ref idref="oc-143"/>
      </symbol>
      <symbol id="sm-311">
         <name>_Rteps</name>
         <value>0x20000580</value>
         <object_component_ref idref="oc-164"/>
      </symbol>
      <symbol id="sm-312">
         <name>_Zero</name>
         <value>0x20000598</value>
         <object_component_ref idref="oc-164"/>
      </symbol>
      <symbol id="sm-313">
         <name>_Hugeval</name>
         <value>0x20000540</value>
         <object_component_ref idref="oc-164"/>
      </symbol>
      <symbol id="sm-314">
         <name>_Snan</name>
         <value>0x20000570</value>
         <object_component_ref idref="oc-164"/>
      </symbol>
      <symbol id="sm-315">
         <name>_Nan</name>
         <value>0x20000560</value>
         <object_component_ref idref="oc-164"/>
      </symbol>
      <symbol id="sm-316">
         <name>_Inf</name>
         <value>0x20000550</value>
         <object_component_ref idref="oc-164"/>
      </symbol>
      <symbol id="sm-317">
         <name>_Xbig</name>
         <value>0x20000590</value>
         <object_component_ref idref="oc-164"/>
      </symbol>
      <symbol id="sm-318">
         <name>_Eps</name>
         <value>0x20000530</value>
         <object_component_ref idref="oc-164"/>
      </symbol>
      <symbol id="sm-319">
         <name>_Denorm</name>
         <value>0x20000520</value>
         <object_component_ref idref="oc-164"/>
      </symbol>
      <symbol id="sm-332">
         <name>_nop</name>
         <value>0x2303</value>
         <object_component_ref idref="oc-199"/>
      </symbol>
      <symbol id="sm-333">
         <name>_lock</name>
         <value>0x20000624</value>
         <object_component_ref idref="oc-114"/>
      </symbol>
      <symbol id="sm-334">
         <name>_unlock</name>
         <value>0x20000628</value>
         <object_component_ref idref="oc-114"/>
      </symbol>
      <symbol id="sm-335">
         <name>_register_lock</name>
         <value>0x22fb</value>
         <object_component_ref idref="oc-199"/>
      </symbol>
      <symbol id="sm-336">
         <name>_register_unlock</name>
         <value>0x22f5</value>
         <object_component_ref idref="oc-199"/>
      </symbol>
      <symbol id="sm-34b">
         <name>_args_main</name>
         <value>0x22c9</value>
         <object_component_ref idref="oc-88"/>
      </symbol>
      <symbol id="sm-371">
         <name>__TI_auto_init</name>
         <value>0x1bc9</value>
         <object_component_ref idref="oc-82"/>
      </symbol>
      <symbol id="sm-38b">
         <name>copy_in</name>
         <value>0x1ec5</value>
         <object_component_ref idref="oc-104"/>
      </symbol>
      <symbol id="sm-393">
         <name>_Errno</name>
         <value>0x2000063c</value>
         <object_component_ref idref="oc-1be"/>
      </symbol>
      <symbol id="sm-3aa">
         <name>__aeabi_cdcmpeq</name>
         <value>0x19e1</value>
         <object_component_ref idref="oc-13e"/>
      </symbol>
      <symbol id="sm-3ab">
         <name>__aeabi_cdcmple</name>
         <value>0x19e1</value>
         <object_component_ref idref="oc-13e"/>
      </symbol>
      <symbol id="sm-3cb">
         <name>__aeabi_ddiv</name>
         <value>0xee5</value>
         <object_component_ref idref="oc-159"/>
      </symbol>
      <symbol id="sm-3d9">
         <name>__aeabi_d2iz</name>
         <value>0x1f59</value>
         <object_component_ref idref="oc-14e"/>
      </symbol>
      <symbol id="sm-3f7">
         <name>feraiseexcept</name>
         <value>0x20fd</value>
         <object_component_ref idref="oc-1b8"/>
      </symbol>
      <symbol id="sm-3f8">
         <name>_Tls_setup__Fenv</name>
         <value>0x20000638</value>
         <object_component_ref idref="oc-266"/>
      </symbol>
      <symbol id="sm-3f9">
         <name>_Fenv</name>
         <value>0x20000634</value>
         <object_component_ref idref="oc-266"/>
      </symbol>
      <symbol id="sm-405">
         <name>__aeabi_i2d</name>
         <value>0x2161</value>
         <object_component_ref idref="oc-149"/>
      </symbol>
      <symbol id="sm-40f">
         <name>log</name>
         <value>0x2265</value>
         <object_component_ref idref="oc-153"/>
      </symbol>
      <symbol id="sm-423">
         <name>raise</name>
         <value>0x218f</value>
         <object_component_ref idref="oc-260"/>
      </symbol>
      <symbol id="sm-43d">
         <name>signal</name>
         <value>0x1fe5</value>
         <object_component_ref idref="oc-2b2"/>
      </symbol>
      <symbol id="sm-452">
         <name>_Dnorm</name>
         <value>0x1739</value>
         <object_component_ref idref="oc-1ab"/>
      </symbol>
      <symbol id="sm-46e">
         <name>_Dscale</name>
         <value>0x1375</value>
         <object_component_ref idref="oc-1cc"/>
      </symbol>
      <symbol id="sm-49e">
         <name>_Log</name>
         <value>0x705</value>
         <object_component_ref idref="oc-1c4"/>
      </symbol>
      <symbol id="sm-4ad">
         <name>_FZero</name>
         <value>0x20000604</value>
         <object_component_ref idref="oc-26c"/>
      </symbol>
      <symbol id="sm-4ae">
         <name>_FRteps</name>
         <value>0x200005f0</value>
         <object_component_ref idref="oc-26c"/>
      </symbol>
      <symbol id="sm-4af">
         <name>_FSnan</name>
         <value>0x200005e0</value>
         <object_component_ref idref="oc-26c"/>
      </symbol>
      <symbol id="sm-4b0">
         <name>_FNan</name>
         <value>0x200005d0</value>
         <object_component_ref idref="oc-26c"/>
      </symbol>
      <symbol id="sm-4b1">
         <name>_FInf</name>
         <value>0x200005c0</value>
         <object_component_ref idref="oc-26c"/>
      </symbol>
      <symbol id="sm-4b2">
         <name>_FEps</name>
         <value>0x200005b0</value>
         <object_component_ref idref="oc-26c"/>
      </symbol>
      <symbol id="sm-4b3">
         <name>_FXbig</name>
         <value>0x20000600</value>
         <object_component_ref idref="oc-26c"/>
      </symbol>
      <symbol id="sm-4b4">
         <name>_FDenorm</name>
         <value>0x200005a0</value>
         <object_component_ref idref="oc-26c"/>
      </symbol>
      <symbol id="sm-51b">
         <name>ADCProcessorTrigger</name>
         <value>0x2297</value>
         <object_component_ref idref="oc-250"/>
      </symbol>
      <symbol id="sm-51c">
         <name>ADCSequenceEnable</name>
         <value>0x235b</value>
         <object_component_ref idref="oc-243"/>
      </symbol>
      <symbol id="sm-51d">
         <name>ADCSequenceConfigure</name>
         <value>0x1dd5</value>
         <object_component_ref idref="oc-237"/>
      </symbol>
      <symbol id="sm-51e">
         <name>ADCIntEnable</name>
         <value>0x232d</value>
         <object_component_ref idref="oc-df"/>
      </symbol>
      <symbol id="sm-51f">
         <name>ADCSequenceStepConfigure</name>
         <value>0x1a67</value>
         <object_component_ref idref="oc-23d"/>
      </symbol>
      <symbol id="sm-520">
         <name>ADCIntClear</name>
         <value>0x239d</value>
         <object_component_ref idref="oc-b4"/>
      </symbol>
      <symbol id="sm-521">
         <name>ADCIntRegister</name>
         <value>0x227f</value>
         <object_component_ref idref="oc-249"/>
      </symbol>
      <symbol id="sm-522">
         <name>ADCSequenceDisable</name>
         <value>0x234d</value>
         <object_component_ref idref="oc-231"/>
      </symbol>
      <symbol id="sm-523">
         <name>ADCSequenceDataGet</name>
         <value>0x2229</value>
         <object_component_ref idref="oc-ba"/>
      </symbol>
      <symbol id="sm-565">
         <name>GPIOPinConfigure</name>
         <value>0x1f11</value>
         <object_component_ref idref="oc-179"/>
      </symbol>
      <symbol id="sm-566">
         <name>GPIOPinTypeADC</name>
         <value>0x2309</value>
         <object_component_ref idref="oc-22b"/>
      </symbol>
      <symbol id="sm-567">
         <name>GPIOPinTypeGPIOOutput</name>
         <value>0x22af</value>
         <object_component_ref idref="oc-225"/>
      </symbol>
      <symbol id="sm-568">
         <name>GPIODirModeSet</name>
         <value>0x21bd</value>
         <object_component_ref idref="oc-290"/>
      </symbol>
      <symbol id="sm-569">
         <name>GPIOPinWrite</name>
         <value>0x23a7</value>
         <object_component_ref idref="oc-a7"/>
      </symbol>
      <symbol id="sm-56a">
         <name>GPIOPadConfigSet</name>
         <value>0x101b</value>
         <object_component_ref idref="oc-28a"/>
      </symbol>
      <symbol id="sm-5a3">
         <name>IntEnable</name>
         <value>0x1ca1</value>
         <object_component_ref idref="oc-2a8"/>
      </symbol>
      <symbol id="sm-5a4">
         <name>IntRegister</name>
         <value>0x2095</value>
         <object_component_ref idref="oc-2a2"/>
      </symbol>
      <symbol id="sm-5a5">
         <name>g_pfnRAMVectors</name>
         <value>0x20000000</value>
         <object_component_ref idref="oc-2d9"/>
      </symbol>
      <symbol id="sm-5d2">
         <name>PWMGenPeriodSet</name>
         <value>0x233d</value>
         <object_component_ref idref="oc-204"/>
      </symbol>
      <symbol id="sm-5d3">
         <name>PWMPulseWidthSet</name>
         <value>0x2247</value>
         <object_component_ref idref="oc-210"/>
      </symbol>
      <symbol id="sm-5d4">
         <name>PWMOutputState</name>
         <value>0x231b</value>
         <object_component_ref idref="oc-216"/>
      </symbol>
      <symbol id="sm-5d5">
         <name>PWMGenEnable</name>
         <value>0x2377</value>
         <object_component_ref idref="oc-21c"/>
      </symbol>
      <symbol id="sm-5d6">
         <name>PWMGenConfigure</name>
         <value>0x21e7</value>
         <object_component_ref idref="oc-20a"/>
      </symbol>
      <symbol id="sm-625">
         <name>SysCtlPeripheralEnable</name>
         <value>0x20c9</value>
         <object_component_ref idref="oc-1ec"/>
      </symbol>
      <symbol id="sm-626">
         <name>SysCtlClockGet</name>
         <value>0x1265</value>
         <object_component_ref idref="oc-1fe"/>
      </symbol>
      <symbol id="sm-627">
         <name>SysCtlPWMClockSet</name>
         <value>0x22e1</value>
         <object_component_ref idref="oc-1f8"/>
      </symbol>
      <symbol id="sm-628">
         <name>SysCtlPeripheralReady</name>
         <value>0x2025</value>
         <object_component_ref idref="oc-1f2"/>
      </symbol>
      <symbol id="sm-62a">
         <name>__TI_static_base__</name>
         <value>0x0</value>
      </symbol>
      <symbol id="sm-62d">
         <name>SHT$$INIT_ARRAY$$Limit</name>
         <value>0x0</value>
      </symbol>
      <symbol id="sm-62e">
         <name>SHT$$INIT_ARRAY$$Base</name>
         <value>0x0</value>
      </symbol>
   </symbol_table>
   <title>Link successful</title>
</link_info>
