<?xml version="1.0"?>
<link_info>
   <banner>TI ARM Linker PC v5.2.9</banner>
   <copyright>Copyright (c) 1996-2017 Texas Instruments Incorporated</copyright>
   <link_time>0x6907b10a</link_time>
   <link_errors>0x0</link_errors>
   <output_file>Robot_Project.out</output_file>
   <entry_point>
      <name>_c_int00</name>
      <address>0x24d5</address>
   </entry_point>
   <input_file_list>
      <input_file id="fl-2">
         <path>.\</path>
         <kind>object</kind>
         <file>main.obj</file>
         <name>main.obj</name>
      </input_file>
      <input_file id="fl-3">
         <path>.\</path>
         <kind>object</kind>
         <file>startup_ccs.obj</file>
         <name>startup_ccs.obj</name>
      </input_file>
      <input_file id="fl-12a">
         <path>C:\ti\ccsv6\tools\compiler\ti-cgt-arm_5.2.9\lib\</path>
         <kind>archive</kind>
         <file>rtsv7M4_T_le_v4SPD16_eabi.lib</file>
         <name>boot.obj</name>
      </input_file>
      <input_file id="fl-12b">
         <path>C:\ti\ccsv6\tools\compiler\ti-cgt-arm_5.2.9\lib\</path>
         <kind>archive</kind>
         <file>rtsv7M4_T_le_v4SPD16_eabi.lib</file>
         <name>copy_decompress_none.obj</name>
      </input_file>
      <input_file id="fl-12c">
         <path>C:\ti\ccsv6\tools\compiler\ti-cgt-arm_5.2.9\lib\</path>
         <kind>archive</kind>
         <file>rtsv7M4_T_le_v4SPD16_eabi.lib</file>
         <name>copy_decompress_rle.obj</name>
      </input_file>
      <input_file id="fl-12d">
         <path>C:\ti\ccsv6\tools\compiler\ti-cgt-arm_5.2.9\lib\</path>
         <kind>archive</kind>
         <file>rtsv7M4_T_le_v4SPD16_eabi.lib</file>
         <name>copy_zero_init.obj</name>
      </input_file>
      <input_file id="fl-12e">
         <path>C:\ti\ccsv6\tools\compiler\ti-cgt-arm_5.2.9\lib\</path>
         <kind>archive</kind>
         <file>rtsv7M4_T_le_v4SPD16_eabi.lib</file>
         <name>exit.obj</name>
      </input_file>
      <input_file id="fl-12f">
         <path>C:\ti\ccsv6\tools\compiler\ti-cgt-arm_5.2.9\lib\</path>
         <kind>archive</kind>
         <file>rtsv7M4_T_le_v4SPD16_eabi.lib</file>
         <name>fd_add_t2.obj</name>
      </input_file>
      <input_file id="fl-130">
         <path>C:\ti\ccsv6\tools\compiler\ti-cgt-arm_5.2.9\lib\</path>
         <kind>archive</kind>
         <file>rtsv7M4_T_le_v4SPD16_eabi.lib</file>
         <name>fd_div_t2.obj</name>
      </input_file>
      <input_file id="fl-131">
         <path>C:\ti\ccsv6\tools\compiler\ti-cgt-arm_5.2.9\lib\</path>
         <kind>archive</kind>
         <file>rtsv7M4_T_le_v4SPD16_eabi.lib</file>
         <name>fd_mul_t2.obj</name>
      </input_file>
      <input_file id="fl-132">
         <path>C:\ti\ccsv6\tools\compiler\ti-cgt-arm_5.2.9\lib\</path>
         <kind>archive</kind>
         <file>rtsv7M4_T_le_v4SPD16_eabi.lib</file>
         <name>fd_tos_t2.obj</name>
      </input_file>
      <input_file id="fl-133">
         <path>C:\ti\ccsv6\tools\compiler\ti-cgt-arm_5.2.9\lib\</path>
         <kind>archive</kind>
         <file>rtsv7M4_T_le_v4SPD16_eabi.lib</file>
         <name>fs_tod_t2.obj</name>
      </input_file>
      <input_file id="fl-134">
         <path>C:\ti\ccsv6\tools\compiler\ti-cgt-arm_5.2.9\lib\</path>
         <kind>archive</kind>
         <file>rtsv7M4_T_le_v4SPD16_eabi.lib</file>
         <name>memcpy_t2.obj</name>
      </input_file>
      <input_file id="fl-135">
         <path>C:\ti\ccsv6\tools\compiler\ti-cgt-arm_5.2.9\lib\</path>
         <kind>archive</kind>
         <file>rtsv7M4_T_le_v4SPD16_eabi.lib</file>
         <name>memset_t2.obj</name>
      </input_file>
      <input_file id="fl-136">
         <path>C:\ti\ccsv6\tools\compiler\ti-cgt-arm_5.2.9\lib\</path>
         <kind>archive</kind>
         <file>rtsv7M4_T_le_v4SPD16_eabi.lib</file>
         <name>pow.obj</name>
      </input_file>
      <input_file id="fl-137">
         <path>C:\ti\ccsv6\tools\compiler\ti-cgt-arm_5.2.9\lib\</path>
         <kind>archive</kind>
         <file>rtsv7M4_T_le_v4SPD16_eabi.lib</file>
         <name>pre_init.obj</name>
      </input_file>
      <input_file id="fl-138">
         <path>C:\ti\ccsv6\tools\compiler\ti-cgt-arm_5.2.9\lib\</path>
         <kind>archive</kind>
         <file>rtsv7M4_T_le_v4SPD16_eabi.lib</file>
         <name>stkdepth_vars.obj</name>
      </input_file>
      <input_file id="fl-139">
         <path>C:\ti\ccsv6\tools\compiler\ti-cgt-arm_5.2.9\lib\</path>
         <kind>archive</kind>
         <file>rtsv7M4_T_le_v4SPD16_eabi.lib</file>
         <name>strcmp.obj</name>
      </input_file>
      <input_file id="fl-13a">
         <path>C:\ti\ccsv6\tools\compiler\ti-cgt-arm_5.2.9\lib\</path>
         <kind>archive</kind>
         <file>rtsv7M4_T_le_v4SPD16_eabi.lib</file>
         <name>strlen.obj</name>
      </input_file>
      <input_file id="fl-13b">
         <path>C:\ti\ccsv6\tools\compiler\ti-cgt-arm_5.2.9\lib\</path>
         <kind>archive</kind>
         <file>rtsv7M4_T_le_v4SPD16_eabi.lib</file>
         <name>u_tofd_t2.obj</name>
      </input_file>
      <input_file id="fl-13c">
         <path>C:\ti\ccsv6\tools\compiler\ti-cgt-arm_5.2.9\lib\</path>
         <kind>archive</kind>
         <file>rtsv7M4_T_le_v4SPD16_eabi.lib</file>
         <name>xdint.obj</name>
      </input_file>
      <input_file id="fl-13d">
         <path>C:\ti\ccsv6\tools\compiler\ti-cgt-arm_5.2.9\lib\</path>
         <kind>archive</kind>
         <file>rtsv7M4_T_le_v4SPD16_eabi.lib</file>
         <name>xdunscal.obj</name>
      </input_file>
      <input_file id="fl-13e">
         <path>C:\ti\ccsv6\tools\compiler\ti-cgt-arm_5.2.9\lib\</path>
         <kind>archive</kind>
         <file>rtsv7M4_T_le_v4SPD16_eabi.lib</file>
         <name>xexp.obj</name>
      </input_file>
      <input_file id="fl-13f">
         <path>C:\ti\ccsv6\tools\compiler\ti-cgt-arm_5.2.9\lib\</path>
         <kind>archive</kind>
         <file>rtsv7M4_T_le_v4SPD16_eabi.lib</file>
         <name>xferaise.obj</name>
      </input_file>
      <input_file id="fl-140">
         <path>C:\ti\ccsv6\tools\compiler\ti-cgt-arm_5.2.9\lib\</path>
         <kind>archive</kind>
         <file>rtsv7M4_T_le_v4SPD16_eabi.lib</file>
         <name>xvalues.obj</name>
      </input_file>
      <input_file id="fl-141">
         <path>C:\ti\ccsv6\tools\compiler\ti-cgt-arm_5.2.9\lib\</path>
         <kind>archive</kind>
         <file>rtsv7M4_T_le_v4SPD16_eabi.lib</file>
         <name>_lock.obj</name>
      </input_file>
      <input_file id="fl-142">
         <path>C:\ti\ccsv6\tools\compiler\ti-cgt-arm_5.2.9\lib\</path>
         <kind>archive</kind>
         <file>rtsv7M4_T_le_v4SPD16_eabi.lib</file>
         <name>args_main.obj</name>
      </input_file>
      <input_file id="fl-143">
         <path>C:\ti\ccsv6\tools\compiler\ti-cgt-arm_5.2.9\lib\</path>
         <kind>archive</kind>
         <file>rtsv7M4_T_le_v4SPD16_eabi.lib</file>
         <name>autoinit.obj</name>
      </input_file>
      <input_file id="fl-144">
         <path>C:\ti\ccsv6\tools\compiler\ti-cgt-arm_5.2.9\lib\</path>
         <kind>archive</kind>
         <file>rtsv7M4_T_le_v4SPD16_eabi.lib</file>
         <name>cpy_tbl.obj</name>
      </input_file>
      <input_file id="fl-145">
         <path>C:\ti\ccsv6\tools\compiler\ti-cgt-arm_5.2.9\lib\</path>
         <kind>archive</kind>
         <file>rtsv7M4_T_le_v4SPD16_eabi.lib</file>
         <name>errno.obj</name>
      </input_file>
      <input_file id="fl-146">
         <path>C:\ti\ccsv6\tools\compiler\ti-cgt-arm_5.2.9\lib\</path>
         <kind>archive</kind>
         <file>rtsv7M4_T_le_v4SPD16_eabi.lib</file>
         <name>fd_cmp_t2.obj</name>
      </input_file>
      <input_file id="fl-147">
         <path>C:\ti\ccsv6\tools\compiler\ti-cgt-arm_5.2.9\lib\</path>
         <kind>archive</kind>
         <file>rtsv7M4_T_le_v4SPD16_eabi.lib</file>
         <name>fd_toi_t2.obj</name>
      </input_file>
      <input_file id="fl-148">
         <path>C:\ti\ccsv6\tools\compiler\ti-cgt-arm_5.2.9\lib\</path>
         <kind>archive</kind>
         <file>rtsv7M4_T_le_v4SPD16_eabi.lib</file>
         <name>feraiseexcept.obj</name>
      </input_file>
      <input_file id="fl-149">
         <path>C:\ti\ccsv6\tools\compiler\ti-cgt-arm_5.2.9\lib\</path>
         <kind>archive</kind>
         <file>rtsv7M4_T_le_v4SPD16_eabi.lib</file>
         <name>i_tofd_t2.obj</name>
      </input_file>
      <input_file id="fl-14a">
         <path>C:\ti\ccsv6\tools\compiler\ti-cgt-arm_5.2.9\lib\</path>
         <kind>archive</kind>
         <file>rtsv7M4_T_le_v4SPD16_eabi.lib</file>
         <name>log.obj</name>
      </input_file>
      <input_file id="fl-14b">
         <path>C:\ti\ccsv6\tools\compiler\ti-cgt-arm_5.2.9\lib\</path>
         <kind>archive</kind>
         <file>rtsv7M4_T_le_v4SPD16_eabi.lib</file>
         <name>raise.obj</name>
      </input_file>
      <input_file id="fl-14c">
         <path>C:\ti\ccsv6\tools\compiler\ti-cgt-arm_5.2.9\lib\</path>
         <kind>archive</kind>
         <file>rtsv7M4_T_le_v4SPD16_eabi.lib</file>
         <name>signal.obj</name>
      </input_file>
      <input_file id="fl-14d">
         <path>C:\ti\ccsv6\tools\compiler\ti-cgt-arm_5.2.9\lib\</path>
         <kind>archive</kind>
         <file>rtsv7M4_T_le_v4SPD16_eabi.lib</file>
         <name>xdnorm.obj</name>
      </input_file>
      <input_file id="fl-14e">
         <path>C:\ti\ccsv6\tools\compiler\ti-cgt-arm_5.2.9\lib\</path>
         <kind>archive</kind>
         <file>rtsv7M4_T_le_v4SPD16_eabi.lib</file>
         <name>xdscale.obj</name>
      </input_file>
      <input_file id="fl-14f">
         <path>C:\ti\ccsv6\tools\compiler\ti-cgt-arm_5.2.9\lib\</path>
         <kind>archive</kind>
         <file>rtsv7M4_T_le_v4SPD16_eabi.lib</file>
         <name>xlog.obj</name>
      </input_file>
      <input_file id="fl-150">
         <path>C:\ti\ccsv6\tools\compiler\ti-cgt-arm_5.2.9\lib\</path>
         <kind>archive</kind>
         <file>rtsv7M4_T_le_v4SPD16_eabi.lib</file>
         <name>xfvalues.obj</name>
      </input_file>
      <input_file id="fl-151">
         <path>C:\ti\tivaware_c_series_2_1_4_178\driverlib\ccs\Debug\</path>
         <kind>archive</kind>
         <file>driverlib.lib</file>
         <name>adc.obj</name>
      </input_file>
      <input_file id="fl-152">
         <path>C:\ti\tivaware_c_series_2_1_4_178\driverlib\ccs\Debug\</path>
         <kind>archive</kind>
         <file>driverlib.lib</file>
         <name>gpio.obj</name>
      </input_file>
      <input_file id="fl-153">
         <path>C:\ti\tivaware_c_series_2_1_4_178\driverlib\ccs\Debug\</path>
         <kind>archive</kind>
         <file>driverlib.lib</file>
         <name>interrupt.obj</name>
      </input_file>
      <input_file id="fl-154">
         <path>C:\ti\tivaware_c_series_2_1_4_178\driverlib\ccs\Debug\</path>
         <kind>archive</kind>
         <file>driverlib.lib</file>
         <name>pwm.obj</name>
      </input_file>
      <input_file id="fl-155">
         <path>C:\ti\tivaware_c_series_2_1_4_178\driverlib\ccs\Debug\</path>
         <kind>archive</kind>
         <file>driverlib.lib</file>
         <name>sysctl.obj</name>
      </input_file>
      <input_file id="fl-156">
         <path>C:\ti\tivaware_c_series_2_1_4_178\driverlib\ccs\Debug\</path>
         <kind>archive</kind>
         <file>driverlib.lib</file>
         <name>timer.obj</name>
      </input_file>
      <input_file id="fl-157">
         <path>C:\ti\tivaware_c_series_2_1_4_178\driverlib\ccs\Debug\</path>
         <kind>archive</kind>
         <file>driverlib.lib</file>
         <name>cpu.obj</name>
      </input_file>
   </input_file_list>
   <object_component_list>
      <object_component id="oc-f">
         <name>.intvecs</name>
         <load_address>0x0</load_address>
         <run_address>0x0</run_address>
         <size>0x26c</size>
         <input_file_ref idref="fl-3"/>
      </object_component>
      <object_component id="oc-e0">
         <name>.text</name>
         <load_address>0x26c</load_address>
         <run_address>0x26c</run_address>
         <size>0x498</size>
         <input_file_ref idref="fl-136"/>
      </object_component>
      <object_component id="oc-223">
         <name>.text</name>
         <load_address>0x704</load_address>
         <run_address>0x704</run_address>
         <size>0x2ec</size>
         <input_file_ref idref="fl-14f"/>
      </object_component>
      <object_component id="oc-194">
         <name>.text</name>
         <load_address>0x9f0</load_address>
         <run_address>0x9f0</run_address>
         <size>0x1fc</size>
         <input_file_ref idref="fl-13e"/>
      </object_component>
      <object_component id="oc-108">
         <name>.text:pid_func</name>
         <load_address>0xbec</load_address>
         <run_address>0xbec</run_address>
         <size>0x1e4</size>
         <input_file_ref idref="fl-2"/>
      </object_component>
      <object_component id="oc-e6">
         <name>.text</name>
         <load_address>0xdd0</load_address>
         <run_address>0xdd0</run_address>
         <size>0x1b6</size>
         <input_file_ref idref="fl-12f"/>
      </object_component>
      <object_component id="oc-36">
         <name>.text:FaultISR</name>
         <load_address>0xf86</load_address>
         <run_address>0xf86</run_address>
         <size>0x2</size>
         <input_file_ref idref="fl-3"/>
      </object_component>
      <object_component id="oc-142">
         <name>.text:main</name>
         <load_address>0xf88</load_address>
         <run_address>0xf88</run_address>
         <size>0x190</size>
         <input_file_ref idref="fl-2"/>
      </object_component>
      <object_component id="oc-4e">
         <name>.text:ADCSeq2IntHandler</name>
         <load_address>0x1118</load_address>
         <run_address>0x1118</run_address>
         <size>0x164</size>
         <input_file_ref idref="fl-2"/>
      </object_component>
      <object_component id="oc-1c3">
         <name>.text:PWM_init</name>
         <load_address>0x127c</load_address>
         <run_address>0x127c</run_address>
         <size>0x13c</size>
         <input_file_ref idref="fl-2"/>
      </object_component>
      <object_component id="oc-18f">
         <name>.text</name>
         <load_address>0x13b8</load_address>
         <run_address>0x13b8</run_address>
         <size>0x136</size>
         <input_file_ref idref="fl-130"/>
      </object_component>
      <object_component id="oc-316">
         <name>.text:GPIOPadConfigSet</name>
         <load_address>0x14ee</load_address>
         <run_address>0x14ee</run_address>
         <size>0x132</size>
         <input_file_ref idref="fl-152"/>
      </object_component>
      <object_component id="oc-292">
         <name>.text:SysCtlClockGet</name>
         <load_address>0x1620</load_address>
         <run_address>0x1620</run_address>
         <size>0x110</size>
         <input_file_ref idref="fl-155"/>
      </object_component>
      <object_component id="oc-22b">
         <name>.text</name>
         <load_address>0x1730</load_address>
         <run_address>0x1730</run_address>
         <size>0x110</size>
         <input_file_ref idref="fl-14e"/>
      </object_component>
      <object_component id="oc-48">
         <name>.text:UART1IntHandler</name>
         <load_address>0x1840</load_address>
         <run_address>0x1840</run_address>
         <size>0x100</size>
         <input_file_ref idref="fl-2"/>
      </object_component>
      <object_component id="oc-d1">
         <name>.text</name>
         <load_address>0x1940</load_address>
         <run_address>0x1940</run_address>
         <size>0xfc</size>
         <input_file_ref idref="fl-131"/>
      </object_component>
      <object_component id="oc-1bd">
         <name>.text:ADC_init</name>
         <load_address>0x1a3c</load_address>
         <run_address>0x1a3c</run_address>
         <size>0xec</size>
         <input_file_ref idref="fl-2"/>
      </object_component>
      <object_component id="oc-54">
         <name>.text:ADCSeq3IntHandler</name>
         <load_address>0x1b28</load_address>
         <run_address>0x1b28</run_address>
         <size>0xe8</size>
         <input_file_ref idref="fl-2"/>
      </object_component>
      <object_component id="oc-16e">
         <name>.text</name>
         <load_address>0x1c10</load_address>
         <run_address>0x1c10</run_address>
         <size>0xc0</size>
         <input_file_ref idref="fl-13c"/>
      </object_component>
      <object_component id="oc-20a">
         <name>.text</name>
         <load_address>0x1cd0</load_address>
         <run_address>0x1cd0</run_address>
         <size>0xbe</size>
         <input_file_ref idref="fl-14d"/>
      </object_component>
      <object_component id="oc-63">
         <name>.text</name>
         <load_address>0x1d8e</load_address>
         <run_address>0x1d8e</run_address>
         <size>0x9c</size>
         <input_file_ref idref="fl-134"/>
      </object_component>
      <object_component id="oc-3c">
         <name>.text:IntDefaultHandler</name>
         <load_address>0x1e2a</load_address>
         <run_address>0x1e2a</run_address>
         <size>0x2</size>
         <input_file_ref idref="fl-3"/>
      </object_component>
      <object_component id="oc-1e7">
         <name>.text:execute_command</name>
         <load_address>0x1e2c</load_address>
         <run_address>0x1e2c</run_address>
         <size>0x8c</size>
         <input_file_ref idref="fl-2"/>
      </object_component>
      <object_component id="oc-174">
         <name>.text:__aeabi_cdcmple</name>
         <load_address>0x1eb8</load_address>
         <run_address>0x1eb8</run_address>
         <size>0x86</size>
         <input_file_ref idref="fl-146"/>
      </object_component>
      <object_component id="oc-273">
         <name>.text:ADCSequenceStepConfigure</name>
         <load_address>0x1f3e</load_address>
         <run_address>0x1f3e</run_address>
         <size>0x7a</size>
         <input_file_ref idref="fl-151"/>
      </object_component>
      <object_component id="oc-7c">
         <name>.text</name>
         <load_address>0x1fb8</load_address>
         <run_address>0x1fb8</run_address>
         <size>0x7a</size>
         <input_file_ref idref="fl-135"/>
      </object_component>
      <object_component id="oc-30">
         <name>.text:NmiSR</name>
         <load_address>0x2032</load_address>
         <run_address>0x2032</run_address>
         <size>0x2</size>
         <input_file_ref idref="fl-3"/>
      </object_component>
      <object_component id="oc-f7">
         <name>.text:uTurn</name>
         <load_address>0x2034</load_address>
         <run_address>0x2034</run_address>
         <size>0x70</size>
         <input_file_ref idref="fl-2"/>
      </object_component>
      <object_component id="oc-d6">
         <name>.text</name>
         <load_address>0x20a4</load_address>
         <run_address>0x20a4</run_address>
         <size>0x6e</size>
         <input_file_ref idref="fl-132"/>
      </object_component>
      <object_component id="oc-8e">
         <name>.text</name>
         <load_address>0x2114</load_address>
         <run_address>0x2114</run_address>
         <size>0x6c</size>
         <input_file_ref idref="fl-143"/>
      </object_component>
      <object_component id="oc-6f">
         <name>.text</name>
         <load_address>0x2180</load_address>
         <run_address>0x2180</run_address>
         <size>0x6a</size>
         <input_file_ref idref="fl-12c"/>
      </object_component>
      <object_component id="oc-2c4">
         <name>.text:IntEnable</name>
         <load_address>0x21ec</load_address>
         <run_address>0x21ec</run_address>
         <size>0x68</size>
         <input_file_ref idref="fl-153"/>
      </object_component>
      <object_component id="oc-168">
         <name>.text</name>
         <load_address>0x2254</load_address>
         <run_address>0x2254</run_address>
         <size>0x66</size>
         <input_file_ref idref="fl-13d"/>
      </object_component>
      <object_component id="oc-42">
         <name>.text:UART0IntHandler</name>
         <load_address>0x22bc</load_address>
         <run_address>0x22bc</run_address>
         <size>0x64</size>
         <input_file_ref idref="fl-2"/>
      </object_component>
      <object_component id="oc-1c9">
         <name>.text:Timer0A_init</name>
         <load_address>0x2320</load_address>
         <run_address>0x2320</run_address>
         <size>0x60</size>
         <input_file_ref idref="fl-2"/>
      </object_component>
      <object_component id="oc-2b2">
         <name>.text:TimerConfigure</name>
         <load_address>0x2380</load_address>
         <run_address>0x2380</run_address>
         <size>0x60</size>
         <input_file_ref idref="fl-156"/>
      </object_component>
      <object_component id="oc-10e">
         <name>.text:rightTurn</name>
         <load_address>0x23e0</load_address>
         <run_address>0x23e0</run_address>
         <size>0x54</size>
         <input_file_ref idref="fl-2"/>
      </object_component>
      <object_component id="oc-26d">
         <name>.text:ADCSequenceConfigure</name>
         <load_address>0x2434</load_address>
         <run_address>0x2434</run_address>
         <size>0x50</size>
         <input_file_ref idref="fl-151"/>
      </object_component>
      <object_component id="oc-328">
         <name>.text:_ADCIntNumberGet</name>
         <load_address>0x2484</load_address>
         <run_address>0x2484</run_address>
         <size>0x50</size>
         <input_file_ref idref="fl-151"/>
      </object_component>
      <object_component id="oc-24">
         <name>.text</name>
         <load_address>0x24d4</load_address>
         <run_address>0x24d4</run_address>
         <size>0x50</size>
         <input_file_ref idref="fl-12a"/>
      </object_component>
      <object_component id="oc-341">
         <name>.text:_TimerIntNumberGet</name>
         <load_address>0x2524</load_address>
         <run_address>0x2524</run_address>
         <size>0x4c</size>
         <input_file_ref idref="fl-156"/>
      </object_component>
      <object_component id="oc-13a">
         <name>.text</name>
         <load_address>0x2570</load_address>
         <run_address>0x2570</run_address>
         <size>0x4c</size>
         <input_file_ref idref="fl-144"/>
      </object_component>
      <object_component id="oc-1b7">
         <name>.text:GPIOPinConfigure</name>
         <load_address>0x25bc</load_address>
         <run_address>0x25bc</run_address>
         <size>0x48</size>
         <input_file_ref idref="fl-152"/>
      </object_component>
      <object_component id="oc-184">
         <name>.text</name>
         <load_address>0x2604</load_address>
         <run_address>0x2604</run_address>
         <size>0x48</size>
         <input_file_ref idref="fl-147"/>
      </object_component>
      <object_component id="oc-9a">
         <name>.text</name>
         <load_address>0x264c</load_address>
         <run_address>0x264c</run_address>
         <size>0x44</size>
         <input_file_ref idref="fl-12e"/>
      </object_component>
      <object_component id="oc-38b">
         <name>.text</name>
         <load_address>0x2690</load_address>
         <run_address>0x2690</run_address>
         <size>0x40</size>
         <input_file_ref idref="fl-14c"/>
      </object_component>
      <object_component id="oc-255">
         <name>.text:SysCtlPeripheralReady</name>
         <load_address>0x26d0</load_address>
         <run_address>0x26d0</run_address>
         <size>0x38</size>
         <input_file_ref idref="fl-155"/>
      </object_component>
      <object_component id="oc-db">
         <name>.text</name>
         <load_address>0x2708</load_address>
         <run_address>0x2708</run_address>
         <size>0x38</size>
         <input_file_ref idref="fl-133"/>
      </object_component>
      <object_component id="oc-32e">
         <name>.text:IntRegister</name>
         <load_address>0x2740</load_address>
         <run_address>0x2740</run_address>
         <size>0x34</size>
         <input_file_ref idref="fl-153"/>
      </object_component>
      <object_component id="oc-24f">
         <name>.text:SysCtlPeripheralEnable</name>
         <load_address>0x2774</load_address>
         <run_address>0x2774</run_address>
         <size>0x34</size>
         <input_file_ref idref="fl-155"/>
      </object_component>
      <object_component id="oc-217">
         <name>.text</name>
         <load_address>0x27a8</load_address>
         <run_address>0x27a8</run_address>
         <size>0x34</size>
         <input_file_ref idref="fl-148"/>
      </object_component>
      <object_component id="oc-179">
         <name>.text</name>
         <load_address>0x27dc</load_address>
         <run_address>0x27dc</run_address>
         <size>0x30</size>
         <input_file_ref idref="fl-13f"/>
      </object_component>
      <object_component id="oc-17f">
         <name>.text</name>
         <load_address>0x280c</load_address>
         <run_address>0x280c</run_address>
         <size>0x2e</size>
         <input_file_ref idref="fl-149"/>
      </object_component>
      <object_component id="oc-2f7">
         <name>.text</name>
         <load_address>0x283a</load_address>
         <run_address>0x283a</run_address>
         <size>0x2e</size>
         <input_file_ref idref="fl-14b"/>
      </object_component>
      <object_component id="oc-31c">
         <name>.text:GPIODirModeSet</name>
         <load_address>0x2868</load_address>
         <run_address>0x2868</run_address>
         <size>0x2a</size>
         <input_file_ref idref="fl-152"/>
      </object_component>
      <object_component id="oc-1e1">
         <name>.text:UARTSend1</name>
         <load_address>0x2894</load_address>
         <run_address>0x2894</run_address>
         <size>0x28</size>
         <input_file_ref idref="fl-2"/>
      </object_component>
      <object_component id="oc-1db">
         <name>.text:UARTSend</name>
         <load_address>0x28bc</load_address>
         <run_address>0x28bc</run_address>
         <size>0x28</size>
         <input_file_ref idref="fl-2"/>
      </object_component>
      <object_component id="oc-371">
         <name>.text:backward</name>
         <load_address>0x28e4</load_address>
         <run_address>0x28e4</run_address>
         <size>0x28</size>
         <input_file_ref idref="fl-2"/>
      </object_component>
      <object_component id="oc-353">
         <name>.text:forward</name>
         <load_address>0x290c</load_address>
         <run_address>0x290c</run_address>
         <size>0x28</size>
         <input_file_ref idref="fl-2"/>
      </object_component>
      <object_component id="oc-365">
         <name>.text:left</name>
         <load_address>0x2934</load_address>
         <run_address>0x2934</run_address>
         <size>0x28</size>
         <input_file_ref idref="fl-2"/>
      </object_component>
      <object_component id="oc-36b">
         <name>.text:right</name>
         <load_address>0x295c</load_address>
         <run_address>0x295c</run_address>
         <size>0x28</size>
         <input_file_ref idref="fl-2"/>
      </object_component>
      <object_component id="oc-359">
         <name>.text:scan</name>
         <load_address>0x2984</load_address>
         <run_address>0x2984</run_address>
         <size>0x28</size>
         <input_file_ref idref="fl-2"/>
      </object_component>
      <object_component id="oc-35f">
         <name>.text:stop</name>
         <load_address>0x29ac</load_address>
         <run_address>0x29ac</run_address>
         <size>0x28</size>
         <input_file_ref idref="fl-2"/>
      </object_component>
      <object_component id="oc-377">
         <name>.text:clear</name>
         <load_address>0x29d4</load_address>
         <run_address>0x29d4</run_address>
         <size>0x24</size>
         <input_file_ref idref="fl-2"/>
      </object_component>
      <object_component id="oc-1cf">
         <name>.text:start</name>
         <load_address>0x29f8</load_address>
         <run_address>0x29f8</run_address>
         <size>0x24</size>
         <input_file_ref idref="fl-2"/>
      </object_component>
      <object_component id="oc-29e">
         <name>.text:PWMGenConfigure</name>
         <load_address>0x2a1c</load_address>
         <run_address>0x2a1c</run_address>
         <size>0x22</size>
         <input_file_ref idref="fl-154"/>
      </object_component>
      <object_component id="oc-37d">
         <name>.text:adc_func</name>
         <load_address>0x2a40</load_address>
         <run_address>0x2a40</run_address>
         <size>0x20</size>
         <input_file_ref idref="fl-2"/>
      </object_component>
      <object_component id="oc-cc">
         <name>.text</name>
         <load_address>0x2a60</load_address>
         <run_address>0x2a60</run_address>
         <size>0x20</size>
         <input_file_ref idref="fl-13b"/>
      </object_component>
      <object_component id="oc-c6">
         <name>.text:ADCSequenceDataGet</name>
         <load_address>0x2a80</load_address>
         <run_address>0x2a80</run_address>
         <size>0x1e</size>
         <input_file_ref idref="fl-151"/>
      </object_component>
      <object_component id="oc-eb">
         <name>.text:PWMPulseWidthSet</name>
         <load_address>0x2a9e</load_address>
         <run_address>0x2a9e</run_address>
         <size>0x1e</size>
         <input_file_ref idref="fl-154"/>
      </object_component>
      <object_component id="oc-5a">
         <name>.text:Timer0AIntHandler</name>
         <load_address>0x2abc</load_address>
         <run_address>0x2abc</run_address>
         <size>0x1c</size>
         <input_file_ref idref="fl-2"/>
      </object_component>
      <object_component id="oc-189">
         <name>.text</name>
         <load_address>0x2ad8</load_address>
         <run_address>0x2ad8</run_address>
         <size>0x1a</size>
         <input_file_ref idref="fl-14a"/>
      </object_component>
      <object_component id="oc-27f">
         <name>.text:ADCIntRegister</name>
         <load_address>0x2af2</load_address>
         <run_address>0x2af2</run_address>
         <size>0x18</size>
         <input_file_ref idref="fl-151"/>
      </object_component>
      <object_component id="oc-f1">
         <name>.text:ADCProcessorTrigger</name>
         <load_address>0x2b0a</load_address>
         <run_address>0x2b0a</run_address>
         <size>0x18</size>
         <input_file_ref idref="fl-151"/>
      </object_component>
      <object_component id="oc-25b">
         <name>.text:GPIOPinTypeGPIOOutput</name>
         <load_address>0x2b22</load_address>
         <run_address>0x2b22</run_address>
         <size>0x18</size>
         <input_file_ref idref="fl-152"/>
      </object_component>
      <object_component id="oc-2be">
         <name>.text:TimerIntRegister</name>
         <load_address>0x2b3a</load_address>
         <run_address>0x2b3a</run_address>
         <size>0x18</size>
         <input_file_ref idref="fl-156"/>
      </object_component>
      <object_component id="oc-94">
         <name>.text</name>
         <load_address>0x2b54</load_address>
         <run_address>0x2b54</run_address>
         <size>0x18</size>
         <input_file_ref idref="fl-142"/>
      </object_component>
      <object_component id="oc-2dc">
         <name>.text</name>
         <load_address>0x2b6c</load_address>
         <run_address>0x2b6c</run_address>
         <size>0x18</size>
         <input_file_ref idref="fl-139"/>
      </object_component>
      <object_component id="oc-286">
         <name>.text:SysCtlPWMClockSet</name>
         <load_address>0x2b84</load_address>
         <run_address>0x2b84</run_address>
         <size>0x14</size>
         <input_file_ref idref="fl-155"/>
      </object_component>
      <object_component id="oc-1f8">
         <name>.text</name>
         <load_address>0x2b98</load_address>
         <run_address>0x2b98</run_address>
         <size>0x14</size>
         <input_file_ref idref="fl-141"/>
      </object_component>
      <object_component id="oc-1d5">
         <name>.text</name>
         <load_address>0x2bac</load_address>
         <run_address>0x2bac</run_address>
         <size>0x14</size>
         <input_file_ref idref="fl-13a"/>
      </object_component>
      <object_component id="oc-261">
         <name>.text:GPIOPinTypeADC</name>
         <load_address>0x2bc0</load_address>
         <run_address>0x2bc0</run_address>
         <size>0x12</size>
         <input_file_ref idref="fl-152"/>
      </object_component>
      <object_component id="oc-28c">
         <name>.text:GPIOPinTypePWM</name>
         <load_address>0x2bd2</load_address>
         <run_address>0x2bd2</run_address>
         <size>0x12</size>
         <input_file_ref idref="fl-152"/>
      </object_component>
      <object_component id="oc-2a4">
         <name>.text:PWMOutputState</name>
         <load_address>0x2be4</load_address>
         <run_address>0x2be4</run_address>
         <size>0x12</size>
         <input_file_ref idref="fl-154"/>
      </object_component>
      <object_component id="oc-2b8">
         <name>.text:TimerLoadSet</name>
         <load_address>0x2bf6</load_address>
         <run_address>0x2bf6</run_address>
         <size>0x12</size>
         <input_file_ref idref="fl-156"/>
      </object_component>
      <object_component id="oc-fd">
         <name>.text:ADCIntEnable</name>
         <load_address>0x2c08</load_address>
         <run_address>0x2c08</run_address>
         <size>0x10</size>
         <input_file_ref idref="fl-151"/>
      </object_component>
      <object_component id="oc-298">
         <name>.text:PWMGenPeriodSet</name>
         <load_address>0x2c18</load_address>
         <run_address>0x2c18</run_address>
         <size>0x10</size>
         <input_file_ref idref="fl-154"/>
      </object_component>
      <object_component id="oc-267">
         <name>.text:ADCSequenceDisable</name>
         <load_address>0x2c28</load_address>
         <run_address>0x2c28</run_address>
         <size>0xe</size>
         <input_file_ref idref="fl-151"/>
      </object_component>
      <object_component id="oc-279">
         <name>.text:ADCSequenceEnable</name>
         <load_address>0x2c36</load_address>
         <run_address>0x2c36</run_address>
         <size>0xe</size>
         <input_file_ref idref="fl-151"/>
      </object_component>
      <object_component id="oc-2d1">
         <name>.text:TimerEnable</name>
         <load_address>0x2c44</load_address>
         <run_address>0x2c44</run_address>
         <size>0xe</size>
         <input_file_ref idref="fl-156"/>
      </object_component>
      <object_component id="oc-12">
         <name>.text:decompress:none</name>
         <load_address>0x2c52</load_address>
         <run_address>0x2c52</run_address>
         <size>0xe</size>
         <input_file_ref idref="fl-12b"/>
      </object_component>
      <object_component id="oc-2aa">
         <name>.text:PWMGenEnable</name>
         <load_address>0x2c60</load_address>
         <run_address>0x2c60</run_address>
         <size>0xc</size>
         <input_file_ref idref="fl-154"/>
      </object_component>
      <object_component id="oc-1e">
         <name>.text:decompress:ZI</name>
         <load_address>0x2c6c</load_address>
         <run_address>0x2c6c</run_address>
         <size>0xc</size>
         <input_file_ref idref="fl-12d"/>
      </object_component>
      <object_component id="oc-c0">
         <name>.text:ADCIntClear</name>
         <load_address>0x2c78</load_address>
         <run_address>0x2c78</run_address>
         <size>0xa</size>
         <input_file_ref idref="fl-151"/>
      </object_component>
      <object_component id="oc-2ca">
         <name>.text:TimerIntEnable</name>
         <load_address>0x2c82</load_address>
         <run_address>0x2c82</run_address>
         <size>0x8</size>
         <input_file_ref idref="fl-156"/>
      </object_component>
      <object_component id="oc-b3">
         <name>.text:GPIOPinWrite</name>
         <load_address>0x2c8a</load_address>
         <run_address>0x2c8a</run_address>
         <size>0x6</size>
         <input_file_ref idref="fl-152"/>
      </object_component>
      <object_component id="oc-2a">
         <name>.text:ResetISR</name>
         <load_address>0x2c90</load_address>
         <run_address>0x2c90</run_address>
         <size>0x6</size>
         <input_file_ref idref="fl-3"/>
      </object_component>
      <object_component id="oc-3c8">
         <name>.text:SysCtlDelay</name>
         <load_address>0x2c96</load_address>
         <run_address>0x2c96</run_address>
         <size>0x6</size>
         <input_file_ref idref="fl-155"/>
      </object_component>
      <object_component id="oc-18">
         <name>.text:decompress:rle24</name>
         <load_address>0x2c9c</load_address>
         <run_address>0x2c9c</run_address>
         <size>0x6</size>
         <input_file_ref idref="fl-12c"/>
      </object_component>
      <object_component id="oc-118">
         <name>.text:TimerIntClear</name>
         <load_address>0x2ca2</load_address>
         <run_address>0x2ca2</run_address>
         <size>0x4</size>
         <input_file_ref idref="fl-156"/>
      </object_component>
      <object_component id="oc-88">
         <name>.text</name>
         <load_address>0x2ca6</load_address>
         <run_address>0x2ca6</run_address>
         <size>0x4</size>
         <input_file_ref idref="fl-137"/>
      </object_component>
      <object_component id="oc-24b">
         <name>.const:g_pui32GPIOBaseAddrs</name>
         <load_address>0x2cb0</load_address>
         <run_address>0x2cb0</run_address>
         <size>0x90</size>
         <input_file_ref idref="fl-152"/>
      </object_component>
      <object_component id="oc-2e5">
         <name>.const:.string</name>
         <load_address>0x2d40</load_address>
         <run_address>0x2d40</run_address>
         <size>0x8b</size>
         <input_file_ref idref="fl-2"/>
      </object_component>
      <object_component id="oc-348">
         <name>.const</name>
         <load_address>0x2dcc</load_address>
         <run_address>0x2dcc</run_address>
         <size>0x70</size>
         <input_file_ref idref="fl-153"/>
      </object_component>
      <object_component id="oc-337">
         <name>.const:g_pui32Xtals</name>
         <load_address>0x2e3c</load_address>
         <run_address>0x2e3c</run_address>
         <size>0x6c</size>
         <input_file_ref idref="fl-155"/>
      </object_component>
      <object_component id="oc-3b4">
         <name>.const:g_ppui32TimerIntMap</name>
         <load_address>0x2ea8</load_address>
         <run_address>0x2ea8</run_address>
         <size>0x60</size>
         <input_file_ref idref="fl-156"/>
      </object_component>
      <object_component id="oc-1ed">
         <name>.const:.string:$P$T9$10</name>
         <load_address>0x2f08</load_address>
         <run_address>0x2f08</run_address>
         <size>0x59</size>
         <input_file_ref idref="fl-2"/>
      </object_component>
      <object_component id="oc-231">
         <name>.const</name>
         <load_address>0x2f68</load_address>
         <run_address>0x2f68</run_address>
         <size>0x48</size>
         <input_file_ref idref="fl-13e"/>
      </object_component>
      <object_component id="oc-3b7">
         <name>.const:g_ppui32TimerIntMapSnowflake</name>
         <load_address>0x2fb0</load_address>
         <run_address>0x2fb0</run_address>
         <size>0x40</size>
         <input_file_ref idref="fl-156"/>
      </object_component>
      <object_component id="oc-306">
         <name>.const:p</name>
         <load_address>0x2ff0</load_address>
         <run_address>0x2ff0</run_address>
         <size>0x38</size>
         <input_file_ref idref="fl-14f"/>
      </object_component>
      <object_component id="oc-212">
         <name>.const</name>
         <load_address>0x3028</load_address>
         <run_address>0x3028</run_address>
         <size>0x30</size>
         <input_file_ref idref="fl-13c"/>
      </object_component>
      <object_component id="oc-2e8">
         <name>.const:.string:$P$T7$8</name>
         <load_address>0x3058</load_address>
         <run_address>0x3058</run_address>
         <size>0x22</size>
         <input_file_ref idref="fl-2"/>
      </object_component>
      <object_component id="oc-406">
         <name>.cinit..data.load</name>
         <load_address>0x3080</load_address>
         <run_address>0x3080</run_address>
         <size>0xd9</size>
      </object_component>
      <object_component id="oc-403">
         <name>__TI_handler_table</name>
         <load_address>0x315c</load_address>
         <run_address>0x315c</run_address>
         <size>0xc</size>
      </object_component>
      <object_component id="oc-407">
         <name>.cinit..bss.load</name>
         <load_address>0x3168</load_address>
         <run_address>0x3168</run_address>
         <size>0x8</size>
      </object_component>
      <object_component id="oc-405">
         <name>.cinit..vtable.load</name>
         <load_address>0x3170</load_address>
         <run_address>0x3170</run_address>
         <size>0x8</size>
      </object_component>
      <object_component id="oc-404">
         <name>__TI_cinit_table</name>
         <load_address>0x3178</load_address>
         <run_address>0x3178</run_address>
         <size>0x18</size>
      </object_component>
      <object_component id="oc-3ae">
         <name>.vtable</name>
         <uninitialized>true</uninitialized>
         <run_address>0x20000000</run_address>
         <size>0x26c</size>
         <input_file_ref idref="fl-153"/>
      </object_component>
      <object_component id="oc-29">
         <name>.stack</name>
         <uninitialized>true</uninitialized>
         <run_address>0x200004bc</run_address>
         <size>0x0</size>
         <input_file_ref idref="fl-12a"/>
      </object_component>
      <object_component id="oc-408">
         <name>.stack</name>
         <uninitialized>true</uninitialized>
         <run_address>0x200004bc</run_address>
         <size>0x0</size>
      </object_component>
      <object_component id="oc-bc">
         <name>.common:input_cmd</name>
         <uninitialized>true</uninitialized>
         <run_address>0x200006c8</run_address>
         <size>0x4</size>
      </object_component>
      <object_component id="oc-114">
         <name>.common:ADCAvVal</name>
         <uninitialized>true</uninitialized>
         <run_address>0x200006bc</run_address>
         <size>0x4</size>
      </object_component>
      <object_component id="oc-103">
         <name>.common:ADCAvVal2</name>
         <uninitialized>true</uninitialized>
         <run_address>0x200006c0</run_address>
         <size>0x4</size>
      </object_component>
      <object_component id="oc-115">
         <name>.common:volts1</name>
         <uninitialized>true</uninitialized>
         <run_address>0x200006d8</run_address>
         <size>0x4</size>
      </object_component>
      <object_component id="oc-116">
         <name>.common:right_distance</name>
         <uninitialized>true</uninitialized>
         <run_address>0x200006cc</run_address>
         <size>0x4</size>
      </object_component>
      <object_component id="oc-104">
         <name>.common:volts2</name>
         <uninitialized>true</uninitialized>
         <run_address>0x200006dc</run_address>
         <size>0x4</size>
      </object_component>
      <object_component id="oc-105">
         <name>.common:front_distance</name>
         <uninitialized>true</uninitialized>
         <run_address>0x200006c4</run_address>
         <size>0x4</size>
      </object_component>
      <object_component id="oc-2b0">
         <name>.common:ui32PWMClock</name>
         <uninitialized>true</uninitialized>
         <run_address>0x200006d4</run_address>
         <size>0x4</size>
      </object_component>
      <object_component id="oc-106">
         <name>.common:ui32Load</name>
         <uninitialized>true</uninitialized>
         <run_address>0x200006d0</run_address>
         <size>0x4</size>
      </object_component>
      <object_component id="oc-b9">
         <name>.data</name>
         <load_address>0x20000408</load_address>
         <run_address>0x20000408</run_address>
         <size>0x4c</size>
         <input_file_ref idref="fl-2"/>
      </object_component>
      <object_component id="oc-2e2">
         <name>.data:lookup_table</name>
         <load_address>0x20000454</load_address>
         <run_address>0x20000454</run_address>
         <size>0x48</size>
         <input_file_ref idref="fl-2"/>
      </object_component>
      <object_component id="oc-14d">
         <name>.data</name>
         <load_address>0x200004a4</load_address>
         <run_address>0x200004a4</run_address>
         <size>0x8</size>
         <input_file_ref idref="fl-12e"/>
      </object_component>
      <object_component id="oc-a0">
         <name>.data</name>
         <load_address>0x200004b8</load_address>
         <run_address>0x200004b8</run_address>
         <size>0x4</size>
         <input_file_ref idref="fl-138"/>
      </object_component>
      <object_component id="oc-19a">
         <name>.data</name>
         <load_address>0x20000320</load_address>
         <run_address>0x20000320</run_address>
         <size>0x80</size>
         <input_file_ref idref="fl-140"/>
      </object_component>
      <object_component id="oc-14a">
         <name>.data</name>
         <load_address>0x2000049c</load_address>
         <run_address>0x2000049c</run_address>
         <size>0x8</size>
         <input_file_ref idref="fl-141"/>
      </object_component>
      <object_component id="oc-21d">
         <name>.data</name>
         <load_address>0x200004b4</load_address>
         <run_address>0x200004b4</run_address>
         <size>0x4</size>
         <input_file_ref idref="fl-145"/>
      </object_component>
      <object_component id="oc-2fd">
         <name>.data</name>
         <load_address>0x200004ac</load_address>
         <run_address>0x200004ac</run_address>
         <size>0x8</size>
         <input_file_ref idref="fl-148"/>
      </object_component>
      <object_component id="oc-3ca">
         <name>.data:sigtable</name>
         <load_address>0x20000270</load_address>
         <run_address>0x20000270</run_address>
         <size>0xb0</size>
         <input_file_ref idref="fl-14c"/>
      </object_component>
      <object_component id="oc-303">
         <name>.data</name>
         <load_address>0x200003a0</load_address>
         <run_address>0x200003a0</run_address>
         <size>0x68</size>
         <input_file_ref idref="fl-150"/>
      </object_component>
      <object_component id="oc-bd">
         <name>.debug_info</name>
         <load_address>0x0</load_address>
         <run_address>0x0</run_address>
         <size>0xb02</size>
         <input_file_ref idref="fl-2"/>
      </object_component>
      <object_component id="oc-ba">
         <name>.debug_info</name>
         <load_address>0xb02</load_address>
         <run_address>0xb02</run_address>
         <size>0x389</size>
         <input_file_ref idref="fl-2"/>
      </object_component>
      <object_component id="oc-2e3">
         <name>.debug_info</name>
         <load_address>0xe8b</load_address>
         <run_address>0xe8b</run_address>
         <size>0xc6</size>
         <input_file_ref idref="fl-2"/>
      </object_component>
      <object_component id="oc-2e6">
         <name>.debug_info</name>
         <load_address>0xf51</load_address>
         <run_address>0xf51</run_address>
         <size>0x18d</size>
         <input_file_ref idref="fl-2"/>
      </object_component>
      <object_component id="oc-2e9">
         <name>.debug_info</name>
         <load_address>0x10de</load_address>
         <run_address>0x10de</run_address>
         <size>0xbb</size>
         <input_file_ref idref="fl-2"/>
      </object_component>
      <object_component id="oc-1ee">
         <name>.debug_info</name>
         <load_address>0x1199</load_address>
         <run_address>0x1199</run_address>
         <size>0xbe</size>
         <input_file_ref idref="fl-2"/>
      </object_component>
      <object_component id="oc-f8">
         <name>.debug_info</name>
         <load_address>0x1257</load_address>
         <run_address>0x1257</run_address>
         <size>0x168</size>
         <input_file_ref idref="fl-2"/>
      </object_component>
      <object_component id="oc-4f">
         <name>.debug_info</name>
         <load_address>0x13bf</load_address>
         <run_address>0x13bf</run_address>
         <size>0x283</size>
         <input_file_ref idref="fl-2"/>
      </object_component>
      <object_component id="oc-109">
         <name>.debug_info</name>
         <load_address>0x1642</load_address>
         <run_address>0x1642</run_address>
         <size>0x20f</size>
         <input_file_ref idref="fl-2"/>
      </object_component>
      <object_component id="oc-10f">
         <name>.debug_info</name>
         <load_address>0x1851</load_address>
         <run_address>0x1851</run_address>
         <size>0x14a</size>
         <input_file_ref idref="fl-2"/>
      </object_component>
      <object_component id="oc-55">
         <name>.debug_info</name>
         <load_address>0x199b</load_address>
         <run_address>0x199b</run_address>
         <size>0x227</size>
         <input_file_ref idref="fl-2"/>
      </object_component>
      <object_component id="oc-5b">
         <name>.debug_info</name>
         <load_address>0x1bc2</load_address>
         <run_address>0x1bc2</run_address>
         <size>0x134</size>
         <input_file_ref idref="fl-2"/>
      </object_component>
      <object_component id="oc-37e">
         <name>.debug_info</name>
         <load_address>0x1cf6</load_address>
         <run_address>0x1cf6</run_address>
         <size>0x127</size>
         <input_file_ref idref="fl-2"/>
      </object_component>
      <object_component id="oc-378">
         <name>.debug_info</name>
         <load_address>0x1e1d</load_address>
         <run_address>0x1e1d</run_address>
         <size>0x124</size>
         <input_file_ref idref="fl-2"/>
      </object_component>
      <object_component id="oc-372">
         <name>.debug_info</name>
         <load_address>0x1f41</load_address>
         <run_address>0x1f41</run_address>
         <size>0x137</size>
         <input_file_ref idref="fl-2"/>
      </object_component>
      <object_component id="oc-36c">
         <name>.debug_info</name>
         <load_address>0x2078</load_address>
         <run_address>0x2078</run_address>
         <size>0x131</size>
         <input_file_ref idref="fl-2"/>
      </object_component>
      <object_component id="oc-366">
         <name>.debug_info</name>
         <load_address>0x21a9</load_address>
         <run_address>0x21a9</run_address>
         <size>0x12f</size>
         <input_file_ref idref="fl-2"/>
      </object_component>
      <object_component id="oc-35a">
         <name>.debug_info</name>
         <load_address>0x22d8</load_address>
         <run_address>0x22d8</run_address>
         <size>0x12f</size>
         <input_file_ref idref="fl-2"/>
      </object_component>
      <object_component id="oc-354">
         <name>.debug_info</name>
         <load_address>0x2407</load_address>
         <run_address>0x2407</run_address>
         <size>0x135</size>
         <input_file_ref idref="fl-2"/>
      </object_component>
      <object_component id="oc-1ca">
         <name>.debug_info</name>
         <load_address>0x253c</load_address>
         <run_address>0x253c</run_address>
         <size>0x1bf</size>
         <input_file_ref idref="fl-2"/>
      </object_component>
      <object_component id="oc-1d0">
         <name>.debug_info</name>
         <load_address>0x26fb</load_address>
         <run_address>0x26fb</run_address>
         <size>0x118</size>
         <input_file_ref idref="fl-2"/>
      </object_component>
      <object_component id="oc-1dc">
         <name>.debug_info</name>
         <load_address>0x2813</load_address>
         <run_address>0x2813</run_address>
         <size>0x15f</size>
         <input_file_ref idref="fl-2"/>
      </object_component>
      <object_component id="oc-360">
         <name>.debug_info</name>
         <load_address>0x2972</load_address>
         <run_address>0x2972</run_address>
         <size>0x12f</size>
         <input_file_ref idref="fl-2"/>
      </object_component>
      <object_component id="oc-1be">
         <name>.debug_info</name>
         <load_address>0x2aa1</load_address>
         <run_address>0x2aa1</run_address>
         <size>0x2ff</size>
         <input_file_ref idref="fl-2"/>
      </object_component>
      <object_component id="oc-1c4">
         <name>.debug_info</name>
         <load_address>0x2da0</load_address>
         <run_address>0x2da0</run_address>
         <size>0x34c</size>
         <input_file_ref idref="fl-2"/>
      </object_component>
      <object_component id="oc-1e2">
         <name>.debug_info</name>
         <load_address>0x30ec</load_address>
         <run_address>0x30ec</run_address>
         <size>0x161</size>
         <input_file_ref idref="fl-2"/>
      </object_component>
      <object_component id="oc-1e8">
         <name>.debug_info</name>
         <load_address>0x324d</load_address>
         <run_address>0x324d</run_address>
         <size>0x1c6</size>
         <input_file_ref idref="fl-2"/>
      </object_component>
      <object_component id="oc-143">
         <name>.debug_info</name>
         <load_address>0x3413</load_address>
         <run_address>0x3413</run_address>
         <size>0x29b</size>
         <input_file_ref idref="fl-2"/>
      </object_component>
      <object_component id="oc-49">
         <name>.debug_info</name>
         <load_address>0x36ae</load_address>
         <run_address>0x36ae</run_address>
         <size>0x18d</size>
         <input_file_ref idref="fl-2"/>
      </object_component>
      <object_component id="oc-43">
         <name>.debug_info</name>
         <load_address>0x383b</load_address>
         <run_address>0x383b</run_address>
         <size>0x154</size>
         <input_file_ref idref="fl-2"/>
      </object_component>
      <object_component id="oc-15b">
         <name>.debug_info</name>
         <load_address>0x398f</load_address>
         <run_address>0x398f</run_address>
         <size>0x6b</size>
         <input_file_ref idref="fl-2"/>
      </object_component>
      <object_component id="oc-a9">
         <name>.debug_info</name>
         <load_address>0x39fa</load_address>
         <run_address>0x39fa</run_address>
         <size>0x8b</size>
         <input_file_ref idref="fl-2"/>
      </object_component>
      <object_component id="oc-ae">
         <name>.debug_info</name>
         <load_address>0x3a85</load_address>
         <run_address>0x3a85</run_address>
         <size>0x18b</size>
         <input_file_ref idref="fl-2"/>
      </object_component>
      <object_component id="oc-131">
         <name>.debug_info</name>
         <load_address>0x3c10</load_address>
         <run_address>0x3c10</run_address>
         <size>0x2c</size>
         <input_file_ref idref="fl-2"/>
      </object_component>
      <object_component id="oc-62">
         <name>.debug_info</name>
         <load_address>0x3c3c</load_address>
         <run_address>0x3c3c</run_address>
         <size>0x1b2</size>
         <input_file_ref idref="fl-3"/>
      </object_component>
      <object_component id="oc-10">
         <name>.debug_info</name>
         <load_address>0x3dee</load_address>
         <run_address>0x3dee</run_address>
         <size>0xcd</size>
         <input_file_ref idref="fl-3"/>
      </object_component>
      <object_component id="oc-2c">
         <name>.debug_info</name>
         <load_address>0x3ebb</load_address>
         <run_address>0x3ebb</run_address>
         <size>0xfd</size>
         <input_file_ref idref="fl-3"/>
      </object_component>
      <object_component id="oc-32">
         <name>.debug_info</name>
         <load_address>0x3fb8</load_address>
         <run_address>0x3fb8</run_address>
         <size>0xee</size>
         <input_file_ref idref="fl-3"/>
      </object_component>
      <object_component id="oc-3e">
         <name>.debug_info</name>
         <load_address>0x40a6</load_address>
         <run_address>0x40a6</run_address>
         <size>0x106</size>
         <input_file_ref idref="fl-3"/>
      </object_component>
      <object_component id="oc-37">
         <name>.debug_info</name>
         <load_address>0x41ac</load_address>
         <run_address>0x41ac</run_address>
         <size>0xf4</size>
         <input_file_ref idref="fl-3"/>
      </object_component>
      <object_component id="oc-121">
         <name>.debug_info</name>
         <load_address>0x42a0</load_address>
         <run_address>0x42a0</run_address>
         <size>0x84</size>
         <input_file_ref idref="fl-3"/>
      </object_component>
      <object_component id="oc-26">
         <name>.debug_info</name>
         <load_address>0x4324</load_address>
         <run_address>0x4324</run_address>
         <size>0x14e</size>
         <input_file_ref idref="fl-12a"/>
      </object_component>
      <object_component id="oc-6e">
         <name>.debug_info</name>
         <load_address>0x4472</load_address>
         <run_address>0x4472</run_address>
         <size>0x13b</size>
         <input_file_ref idref="fl-12b"/>
      </object_component>
      <object_component id="oc-14">
         <name>.debug_info</name>
         <load_address>0x45ad</load_address>
         <run_address>0x45ad</run_address>
         <size>0x1da</size>
         <input_file_ref idref="fl-12b"/>
      </object_component>
      <object_component id="oc-69">
         <name>.debug_info</name>
         <load_address>0x4787</load_address>
         <run_address>0x4787</run_address>
         <size>0x46</size>
         <input_file_ref idref="fl-12b"/>
      </object_component>
      <object_component id="oc-127">
         <name>.debug_info</name>
         <load_address>0x47cd</load_address>
         <run_address>0x47cd</run_address>
         <size>0x2c</size>
         <input_file_ref idref="fl-12b"/>
      </object_component>
      <object_component id="oc-76">
         <name>.debug_info</name>
         <load_address>0x47f9</load_address>
         <run_address>0x47f9</run_address>
         <size>0x12f</size>
         <input_file_ref idref="fl-12c"/>
      </object_component>
      <object_component id="oc-71">
         <name>.debug_info</name>
         <load_address>0x4928</load_address>
         <run_address>0x4928</run_address>
         <size>0x242</size>
         <input_file_ref idref="fl-12c"/>
      </object_component>
      <object_component id="oc-1a">
         <name>.debug_info</name>
         <load_address>0x4b6a</load_address>
         <run_address>0x4b6a</run_address>
         <size>0x1ac</size>
         <input_file_ref idref="fl-12c"/>
      </object_component>
      <object_component id="oc-77">
         <name>.debug_info</name>
         <load_address>0x4d16</load_address>
         <run_address>0x4d16</run_address>
         <size>0x39</size>
         <input_file_ref idref="fl-12c"/>
      </object_component>
      <object_component id="oc-87">
         <name>.debug_info</name>
         <load_address>0x4d4f</load_address>
         <run_address>0x4d4f</run_address>
         <size>0x12a</size>
         <input_file_ref idref="fl-12d"/>
      </object_component>
      <object_component id="oc-1f">
         <name>.debug_info</name>
         <load_address>0x4e79</load_address>
         <run_address>0x4e79</run_address>
         <size>0x1a5</size>
         <input_file_ref idref="fl-12d"/>
      </object_component>
      <object_component id="oc-82">
         <name>.debug_info</name>
         <load_address>0x501e</load_address>
         <run_address>0x501e</run_address>
         <size>0x46</size>
         <input_file_ref idref="fl-12d"/>
      </object_component>
      <object_component id="oc-151">
         <name>.debug_info</name>
         <load_address>0x5064</load_address>
         <run_address>0x5064</run_address>
         <size>0x18c</size>
         <input_file_ref idref="fl-12e"/>
      </object_component>
      <object_component id="oc-14e">
         <name>.debug_info</name>
         <load_address>0x51f0</load_address>
         <run_address>0x51f0</run_address>
         <size>0x131</size>
         <input_file_ref idref="fl-12e"/>
      </object_component>
      <object_component id="oc-9d">
         <name>.debug_info</name>
         <load_address>0x5321</load_address>
         <run_address>0x5321</run_address>
         <size>0x208</size>
         <input_file_ref idref="fl-12e"/>
      </object_component>
      <object_component id="oc-e7">
         <name>.debug_info</name>
         <load_address>0x5529</load_address>
         <run_address>0x5529</run_address>
         <size>0x143</size>
         <input_file_ref idref="fl-12f"/>
      </object_component>
      <object_component id="oc-190">
         <name>.debug_info</name>
         <load_address>0x566c</load_address>
         <run_address>0x566c</run_address>
         <size>0x131</size>
         <input_file_ref idref="fl-130"/>
      </object_component>
      <object_component id="oc-d4">
         <name>.debug_info</name>
         <load_address>0x579d</load_address>
         <run_address>0x579d</run_address>
         <size>0x131</size>
         <input_file_ref idref="fl-131"/>
      </object_component>
      <object_component id="oc-d9">
         <name>.debug_info</name>
         <load_address>0x58ce</load_address>
         <run_address>0x58ce</run_address>
         <size>0x135</size>
         <input_file_ref idref="fl-132"/>
      </object_component>
      <object_component id="oc-dc">
         <name>.debug_info</name>
         <load_address>0x5a03</load_address>
         <run_address>0x5a03</run_address>
         <size>0x123</size>
         <input_file_ref idref="fl-133"/>
      </object_component>
      <object_component id="oc-65">
         <name>.debug_info</name>
         <load_address>0x5b26</load_address>
         <run_address>0x5b26</run_address>
         <size>0x110</size>
         <input_file_ref idref="fl-134"/>
      </object_component>
      <object_component id="oc-7f">
         <name>.debug_info</name>
         <load_address>0x5c36</load_address>
         <run_address>0x5c36</run_address>
         <size>0x13e</size>
         <input_file_ref idref="fl-135"/>
      </object_component>
      <object_component id="oc-19e">
         <name>.debug_info</name>
         <load_address>0x5d74</load_address>
         <run_address>0x5d74</run_address>
         <size>0x1ed</size>
         <input_file_ref idref="fl-136"/>
      </object_component>
      <object_component id="oc-e3">
         <name>.debug_info</name>
         <load_address>0x5f61</load_address>
         <run_address>0x5f61</run_address>
         <size>0x57d</size>
         <input_file_ref idref="fl-136"/>
      </object_component>
      <object_component id="oc-239">
         <name>.debug_info</name>
         <load_address>0x64de</load_address>
         <run_address>0x64de</run_address>
         <size>0x86</size>
         <input_file_ref idref="fl-136"/>
      </object_component>
      <object_component id="oc-89">
         <name>.debug_info</name>
         <load_address>0x6564</load_address>
         <run_address>0x6564</run_address>
         <size>0x143</size>
         <input_file_ref idref="fl-137"/>
      </object_component>
      <object_component id="oc-a1">
         <name>.debug_info</name>
         <load_address>0x66a7</load_address>
         <run_address>0x66a7</run_address>
         <size>0x104</size>
         <input_file_ref idref="fl-138"/>
      </object_component>
      <object_component id="oc-352">
         <name>.debug_info</name>
         <load_address>0x67ab</load_address>
         <run_address>0x67ab</run_address>
         <size>0xe0</size>
         <input_file_ref idref="fl-139"/>
      </object_component>
      <object_component id="oc-2e0">
         <name>.debug_info</name>
         <load_address>0x688b</load_address>
         <run_address>0x688b</run_address>
         <size>0x253</size>
         <input_file_ref idref="fl-139"/>
      </object_component>
      <object_component id="oc-2d9">
         <name>.debug_info</name>
         <load_address>0x6ade</load_address>
         <run_address>0x6ade</run_address>
         <size>0xe5</size>
         <input_file_ref idref="fl-13a"/>
      </object_component>
      <object_component id="oc-1d6">
         <name>.debug_info</name>
         <load_address>0x6bc3</load_address>
         <run_address>0x6bc3</run_address>
         <size>0x225</size>
         <input_file_ref idref="fl-13a"/>
      </object_component>
      <object_component id="oc-cd">
         <name>.debug_info</name>
         <load_address>0x6de8</load_address>
         <run_address>0x6de8</run_address>
         <size>0x125</size>
         <input_file_ref idref="fl-13b"/>
      </object_component>
      <object_component id="oc-214">
         <name>.debug_info</name>
         <load_address>0x6f0d</load_address>
         <run_address>0x6f0d</run_address>
         <size>0x155</size>
         <input_file_ref idref="fl-13c"/>
      </object_component>
      <object_component id="oc-171">
         <name>.debug_info</name>
         <load_address>0x7062</load_address>
         <run_address>0x7062</run_address>
         <size>0x1bc</size>
         <input_file_ref idref="fl-13c"/>
      </object_component>
      <object_component id="oc-211">
         <name>.debug_info</name>
         <load_address>0x721e</load_address>
         <run_address>0x721e</run_address>
         <size>0x115</size>
         <input_file_ref idref="fl-13d"/>
      </object_component>
      <object_component id="oc-169">
         <name>.debug_info</name>
         <load_address>0x7333</load_address>
         <run_address>0x7333</run_address>
         <size>0x18d</size>
         <input_file_ref idref="fl-13d"/>
      </object_component>
      <object_component id="oc-235">
         <name>.debug_info</name>
         <load_address>0x74c0</load_address>
         <run_address>0x74c0</run_address>
         <size>0x18d</size>
         <input_file_ref idref="fl-13e"/>
      </object_component>
      <object_component id="oc-232">
         <name>.debug_info</name>
         <load_address>0x764d</load_address>
         <run_address>0x764d</run_address>
         <size>0x157</size>
         <input_file_ref idref="fl-13e"/>
      </object_component>
      <object_component id="oc-197">
         <name>.debug_info</name>
         <load_address>0x77a4</load_address>
         <run_address>0x77a4</run_address>
         <size>0x3e0</size>
         <input_file_ref idref="fl-13e"/>
      </object_component>
      <object_component id="oc-17c">
         <name>.debug_info</name>
         <load_address>0x7b84</load_address>
         <run_address>0x7b84</run_address>
         <size>0x16d</size>
         <input_file_ref idref="fl-13f"/>
      </object_component>
      <object_component id="oc-19b">
         <name>.debug_info</name>
         <load_address>0x7cf1</load_address>
         <run_address>0x7cf1</run_address>
         <size>0x1cf</size>
         <input_file_ref idref="fl-140"/>
      </object_component>
      <object_component id="oc-200">
         <name>.debug_info</name>
         <load_address>0x7ec0</load_address>
         <run_address>0x7ec0</run_address>
         <size>0x11f</size>
         <input_file_ref idref="fl-141"/>
      </object_component>
      <object_component id="oc-14b">
         <name>.debug_info</name>
         <load_address>0x7fdf</load_address>
         <run_address>0x7fdf</run_address>
         <size>0x10e</size>
         <input_file_ref idref="fl-141"/>
      </object_component>
      <object_component id="oc-1fa">
         <name>.debug_info</name>
         <load_address>0x80ed</load_address>
         <run_address>0x80ed</run_address>
         <size>0x21a</size>
         <input_file_ref idref="fl-141"/>
      </object_component>
      <object_component id="oc-149">
         <name>.debug_info</name>
         <load_address>0x8307</load_address>
         <run_address>0x8307</run_address>
         <size>0x161</size>
         <input_file_ref idref="fl-142"/>
      </object_component>
      <object_component id="oc-97">
         <name>.debug_info</name>
         <load_address>0x8468</load_address>
         <run_address>0x8468</run_address>
         <size>0x162</size>
         <input_file_ref idref="fl-142"/>
      </object_component>
      <object_component id="oc-1f3">
         <name>.debug_info</name>
         <load_address>0x85ca</load_address>
         <run_address>0x85ca</run_address>
         <size>0x5e</size>
         <input_file_ref idref="fl-142"/>
      </object_component>
      <object_component id="oc-141">
         <name>.debug_info</name>
         <load_address>0x8628</load_address>
         <run_address>0x8628</run_address>
         <size>0x2b8</size>
         <input_file_ref idref="fl-143"/>
      </object_component>
      <object_component id="oc-8f">
         <name>.debug_info</name>
         <load_address>0x88e0</load_address>
         <run_address>0x88e0</run_address>
         <size>0x172</size>
         <input_file_ref idref="fl-143"/>
      </object_component>
      <object_component id="oc-1ad">
         <name>.debug_info</name>
         <load_address>0x8a52</load_address>
         <run_address>0x8a52</run_address>
         <size>0x39</size>
         <input_file_ref idref="fl-143"/>
      </object_component>
      <object_component id="oc-1b2">
         <name>.debug_info</name>
         <load_address>0x8a8b</load_address>
         <run_address>0x8a8b</run_address>
         <size>0xcd</size>
         <input_file_ref idref="fl-143"/>
      </object_component>
      <object_component id="oc-1aa">
         <name>.debug_info</name>
         <load_address>0x8b58</load_address>
         <run_address>0x8b58</run_address>
         <size>0x1db</size>
         <input_file_ref idref="fl-144"/>
      </object_component>
      <object_component id="oc-13c">
         <name>.debug_info</name>
         <load_address>0x8d33</load_address>
         <run_address>0x8d33</run_address>
         <size>0x17e</size>
         <input_file_ref idref="fl-144"/>
      </object_component>
      <object_component id="oc-246">
         <name>.debug_info</name>
         <load_address>0x8eb1</load_address>
         <run_address>0x8eb1</run_address>
         <size>0x2c</size>
         <input_file_ref idref="fl-144"/>
      </object_component>
      <object_component id="oc-21e">
         <name>.debug_info</name>
         <load_address>0x8edd</load_address>
         <run_address>0x8edd</run_address>
         <size>0xf0</size>
         <input_file_ref idref="fl-145"/>
      </object_component>
      <object_component id="oc-175">
         <name>.debug_info</name>
         <load_address>0x8fcd</load_address>
         <run_address>0x8fcd</run_address>
         <size>0x11f</size>
         <input_file_ref idref="fl-146"/>
      </object_component>
      <object_component id="oc-185">
         <name>.debug_info</name>
         <load_address>0x90ec</load_address>
         <run_address>0x90ec</run_address>
         <size>0x125</size>
         <input_file_ref idref="fl-147"/>
      </object_component>
      <object_component id="oc-39a">
         <name>.debug_info</name>
         <load_address>0x9211</load_address>
         <run_address>0x9211</run_address>
         <size>0x158</size>
         <input_file_ref idref="fl-148"/>
      </object_component>
      <object_component id="oc-2fe">
         <name>.debug_info</name>
         <load_address>0x9369</load_address>
         <run_address>0x9369</run_address>
         <size>0x128</size>
         <input_file_ref idref="fl-148"/>
      </object_component>
      <object_component id="oc-21b">
         <name>.debug_info</name>
         <load_address>0x9491</load_address>
         <run_address>0x9491</run_address>
         <size>0x189</size>
         <input_file_ref idref="fl-148"/>
      </object_component>
      <object_component id="oc-395">
         <name>.debug_info</name>
         <load_address>0x961a</load_address>
         <run_address>0x961a</run_address>
         <size>0x6f</size>
         <input_file_ref idref="fl-148"/>
      </object_component>
      <object_component id="oc-181">
         <name>.debug_info</name>
         <load_address>0x9689</load_address>
         <run_address>0x9689</run_address>
         <size>0x123</size>
         <input_file_ref idref="fl-149"/>
      </object_component>
      <object_component id="oc-18a">
         <name>.debug_info</name>
         <load_address>0x97ac</load_address>
         <run_address>0x97ac</run_address>
         <size>0x135</size>
         <input_file_ref idref="fl-14a"/>
      </object_component>
      <object_component id="oc-392">
         <name>.debug_info</name>
         <load_address>0x98e1</load_address>
         <run_address>0x98e1</run_address>
         <size>0x117</size>
         <input_file_ref idref="fl-14b"/>
      </object_component>
      <object_component id="oc-2f9">
         <name>.debug_info</name>
         <load_address>0x99f8</load_address>
         <run_address>0x99f8</run_address>
         <size>0x16e</size>
         <input_file_ref idref="fl-14b"/>
      </object_component>
      <object_component id="oc-3d1">
         <name>.debug_info</name>
         <load_address>0x9b66</load_address>
         <run_address>0x9b66</run_address>
         <size>0x2c</size>
         <input_file_ref idref="fl-14b"/>
      </object_component>
      <object_component id="oc-3ce">
         <name>.debug_info</name>
         <load_address>0x9b92</load_address>
         <run_address>0x9b92</run_address>
         <size>0x137</size>
         <input_file_ref idref="fl-14c"/>
      </object_component>
      <object_component id="oc-3cb">
         <name>.debug_info</name>
         <load_address>0x9cc9</load_address>
         <run_address>0x9cc9</run_address>
         <size>0xf5</size>
         <input_file_ref idref="fl-14c"/>
      </object_component>
      <object_component id="oc-38c">
         <name>.debug_info</name>
         <load_address>0x9dbe</load_address>
         <run_address>0x9dbe</run_address>
         <size>0x184</size>
         <input_file_ref idref="fl-14c"/>
      </object_component>
      <object_component id="oc-2f2">
         <name>.debug_info</name>
         <load_address>0x9f42</load_address>
         <run_address>0x9f42</run_address>
         <size>0xe0</size>
         <input_file_ref idref="fl-14d"/>
      </object_component>
      <object_component id="oc-20b">
         <name>.debug_info</name>
         <load_address>0xa022</load_address>
         <run_address>0xa022</run_address>
         <size>0x167</size>
         <input_file_ref idref="fl-14d"/>
      </object_component>
      <object_component id="oc-30c">
         <name>.debug_info</name>
         <load_address>0xa189</load_address>
         <run_address>0xa189</run_address>
         <size>0x12b</size>
         <input_file_ref idref="fl-14e"/>
      </object_component>
      <object_component id="oc-22c">
         <name>.debug_info</name>
         <load_address>0xa2b4</load_address>
         <run_address>0xa2b4</run_address>
         <size>0x1ac</size>
         <input_file_ref idref="fl-14e"/>
      </object_component>
      <object_component id="oc-30a">
         <name>.debug_info</name>
         <load_address>0xa460</load_address>
         <run_address>0xa460</run_address>
         <size>0x17e</size>
         <input_file_ref idref="fl-14f"/>
      </object_component>
      <object_component id="oc-307">
         <name>.debug_info</name>
         <load_address>0xa5de</load_address>
         <run_address>0xa5de</run_address>
         <size>0xe5</size>
         <input_file_ref idref="fl-14f"/>
      </object_component>
      <object_component id="oc-224">
         <name>.debug_info</name>
         <load_address>0xa6c3</load_address>
         <run_address>0xa6c3</run_address>
         <size>0x4eb</size>
         <input_file_ref idref="fl-14f"/>
      </object_component>
      <object_component id="oc-304">
         <name>.debug_info</name>
         <load_address>0xabae</load_address>
         <run_address>0xabae</run_address>
         <size>0x1bf</size>
         <input_file_ref idref="fl-150"/>
      </object_component>
      <object_component id="oc-161">
         <name>.debug_info</name>
         <load_address>0xad6d</load_address>
         <run_address>0xad6d</run_address>
         <size>0x24d</size>
         <input_file_ref idref="fl-151"/>
      </object_component>
      <object_component id="oc-276">
         <name>.debug_info</name>
         <load_address>0xafba</load_address>
         <run_address>0xafba</run_address>
         <size>0x333</size>
         <input_file_ref idref="fl-151"/>
      </object_component>
      <object_component id="oc-27c">
         <name>.debug_info</name>
         <load_address>0xb2ed</load_address>
         <run_address>0xb2ed</run_address>
         <size>0x2a0</size>
         <input_file_ref idref="fl-151"/>
      </object_component>
      <object_component id="oc-26a">
         <name>.debug_info</name>
         <load_address>0xb58d</load_address>
         <run_address>0xb58d</run_address>
         <size>0x2a2</size>
         <input_file_ref idref="fl-151"/>
      </object_component>
      <object_component id="oc-c9">
         <name>.debug_info</name>
         <load_address>0xb82f</load_address>
[...]
      <symbol id="sm-215">
         <name>front_block_flag</name>
         <value>0x20000420</value>
         <object_component_ref idref="oc-b9"/>
      </symbol>
      <symbol id="sm-216">
         <name>UARTSend</name>
         <value>0x28bd</value>
         <object_component_ref idref="oc-1db"/>
      </symbol>
      <symbol id="sm-217">
         <name>right</name>
         <value>0x295d</value>
         <object_component_ref idref="oc-36b"/>
      </symbol>
      <symbol id="sm-218">
         <name>prev_error</name>
         <value>0x20000430</value>
         <object_component_ref idref="oc-b9"/>
      </symbol>
      <symbol id="sm-219">
         <name>UARTSend1</name>
         <value>0x2895</value>
         <object_component_ref idref="oc-1e1"/>
      </symbol>
      <symbol id="sm-21a">
         <name>curr_error</name>
         <value>0x2000042c</value>
         <object_component_ref idref="oc-b9"/>
      </symbol>
      <symbol id="sm-21b">
         <name>proportional</name>
         <value>0x20000444</value>
         <object_component_ref idref="oc-b9"/>
      </symbol>
      <symbol id="sm-21c">
         <name>PWM_init</name>
         <value>0x127d</value>
         <object_component_ref idref="oc-1c3"/>
      </symbol>
      <symbol id="sm-252">
         <name>ResetISR</name>
         <value>0x2c91</value>
         <object_component_ref idref="oc-2a"/>
      </symbol>
      <symbol id="sm-253">
         <name>g_pfnVectors</name>
         <value>0x0</value>
         <object_component_ref idref="oc-f"/>
      </symbol>
      <symbol id="sm-265">
         <name>_c_int00</name>
         <value>0x24d5</value>
         <object_component_ref idref="oc-24"/>
      </symbol>
      <symbol id="sm-266">
         <name>__stack</name>
         <value>0x200004bc</value>
         <object_component_ref idref="oc-29"/>
      </symbol>
      <symbol id="sm-27d">
         <name>__TI_decompress_none</name>
         <value>0x2c53</value>
         <object_component_ref idref="oc-12"/>
      </symbol>
      <symbol id="sm-2a0">
         <name>__TI_decompress_rle24</name>
         <value>0x2c9d</value>
         <object_component_ref idref="oc-18"/>
      </symbol>
      <symbol id="sm-2b2">
         <name>__TI_zero_init</name>
         <value>0x2c6d</value>
         <object_component_ref idref="oc-1e"/>
      </symbol>
      <symbol id="sm-2d1">
         <name>C$$EXIT</name>
         <value>0x264d</value>
         <object_component_ref idref="oc-9a"/>
      </symbol>
      <symbol id="sm-2d2">
         <name>abort</name>
         <value>0x2651</value>
         <object_component_ref idref="oc-9a"/>
      </symbol>
      <symbol id="sm-2d3">
         <name>exit</name>
         <value>0x2659</value>
         <object_component_ref idref="oc-9a"/>
      </symbol>
      <symbol id="sm-2d4">
         <name>__TI_dtors_ptr</name>
         <value>0x200004a8</value>
         <object_component_ref idref="oc-14d"/>
      </symbol>
      <symbol id="sm-2d5">
         <name>__TI_cleanup_ptr</name>
         <value>0x200004a4</value>
         <object_component_ref idref="oc-14d"/>
      </symbol>
      <symbol id="sm-2f9">
         <name>__aeabi_dsub</name>
         <value>0xdd1</value>
         <object_component_ref idref="oc-e6"/>
      </symbol>
      <symbol id="sm-2fa">
         <name>__aeabi_dadd</name>
         <value>0xddb</value>
         <object_component_ref idref="oc-e6"/>
      </symbol>
      <symbol id="sm-31a">
         <name>__aeabi_ddiv</name>
         <value>0x13b9</value>
         <object_component_ref idref="oc-18f"/>
      </symbol>
      <symbol id="sm-331">
         <name>__aeabi_dmul</name>
         <value>0x1941</value>
         <object_component_ref idref="oc-d1"/>
      </symbol>
      <symbol id="sm-341">
         <name>__aeabi_d2f</name>
         <value>0x20a5</value>
         <object_component_ref idref="oc-d6"/>
      </symbol>
      <symbol id="sm-34f">
         <name>__aeabi_f2d</name>
         <value>0x2709</value>
         <object_component_ref idref="oc-db"/>
      </symbol>
      <symbol id="sm-36a">
         <name>memcpy</name>
         <value>0x1d8f</value>
         <object_component_ref idref="oc-63"/>
      </symbol>
      <symbol id="sm-36b">
         <name>__aeabi_memcpy</name>
         <value>0x1d8f</value>
         <object_component_ref idref="oc-63"/>
      </symbol>
      <symbol id="sm-36c">
         <name>__aeabi_memcpy8</name>
         <value>0x1d8f</value>
         <object_component_ref idref="oc-63"/>
      </symbol>
      <symbol id="sm-36d">
         <name>__aeabi_memcpy4</name>
         <value>0x1d8f</value>
         <object_component_ref idref="oc-63"/>
      </symbol>
      <symbol id="sm-37c">
         <name>__aeabi_memset</name>
         <value>0x1fbb</value>
         <object_component_ref idref="oc-7c"/>
      </symbol>
      <symbol id="sm-37d">
         <name>memset</name>
         <value>0x1fc1</value>
         <object_component_ref idref="oc-7c"/>
      </symbol>
      <symbol id="sm-37e">
         <name>__aeabi_memset8</name>
         <value>0x1fbb</value>
         <object_component_ref idref="oc-7c"/>
      </symbol>
      <symbol id="sm-37f">
         <name>__aeabi_memset4</name>
         <value>0x1fbb</value>
         <object_component_ref idref="oc-7c"/>
      </symbol>
      <symbol id="sm-380">
         <name>__aeabi_memclr8</name>
         <value>0x1fb9</value>
         <object_component_ref idref="oc-7c"/>
      </symbol>
      <symbol id="sm-381">
         <name>__aeabi_memclr4</name>
         <value>0x1fb9</value>
         <object_component_ref idref="oc-7c"/>
      </symbol>
      <symbol id="sm-382">
         <name>__aeabi_memclr</name>
         <value>0x1fb9</value>
         <object_component_ref idref="oc-7c"/>
      </symbol>
      <symbol id="sm-3d7">
         <name>pow</name>
         <value>0x26d</value>
         <object_component_ref idref="oc-e0"/>
      </symbol>
      <symbol id="sm-3e1">
         <name>_system_pre_init</name>
         <value>0x2ca7</value>
         <object_component_ref idref="oc-88"/>
      </symbol>
      <symbol id="sm-3e9">
         <name>main_func_sp</name>
         <value>0x200004b8</value>
         <object_component_ref idref="oc-a0"/>
      </symbol>
      <symbol id="sm-3f8">
         <name>strcmp</name>
         <value>0x2b6d</value>
         <object_component_ref idref="oc-2dc"/>
      </symbol>
      <symbol id="sm-406">
         <name>strlen</name>
         <value>0x2bad</value>
         <object_component_ref idref="oc-1d5"/>
      </symbol>
      <symbol id="sm-412">
         <name>__aeabi_ui2d</name>
         <value>0x2a61</value>
         <object_component_ref idref="oc-cc"/>
      </symbol>
      <symbol id="sm-431">
         <name>_Dint</name>
         <value>0x1c11</value>
         <object_component_ref idref="oc-16e"/>
      </symbol>
      <symbol id="sm-445">
         <name>_Dunscale</name>
         <value>0x2255</value>
         <object_component_ref idref="oc-168"/>
      </symbol>
      <symbol id="sm-479">
         <name>_Exp</name>
         <value>0x9f1</value>
         <object_component_ref idref="oc-194"/>
      </symbol>
      <symbol id="sm-488">
         <name>_Feraise</name>
         <value>0x27dd</value>
         <object_component_ref idref="oc-179"/>
      </symbol>
      <symbol id="sm-498">
         <name>_Rteps</name>
         <value>0x20000380</value>
         <object_component_ref idref="oc-19a"/>
      </symbol>
      <symbol id="sm-499">
         <name>_Zero</name>
         <value>0x20000398</value>
         <object_component_ref idref="oc-19a"/>
      </symbol>
      <symbol id="sm-49a">
         <name>_Hugeval</name>
         <value>0x20000340</value>
         <object_component_ref idref="oc-19a"/>
      </symbol>
      <symbol id="sm-49b">
         <name>_Snan</name>
         <value>0x20000370</value>
         <object_component_ref idref="oc-19a"/>
      </symbol>
      <symbol id="sm-49c">
         <name>_Nan</name>
         <value>0x20000360</value>
         <object_component_ref idref="oc-19a"/>
      </symbol>
      <symbol id="sm-49d">
         <name>_Inf</name>
         <value>0x20000350</value>
         <object_component_ref idref="oc-19a"/>
      </symbol>
      <symbol id="sm-49e">
         <name>_Xbig</name>
         <value>0x20000390</value>
         <object_component_ref idref="oc-19a"/>
      </symbol>
      <symbol id="sm-49f">
         <name>_Eps</name>
         <value>0x20000330</value>
         <object_component_ref idref="oc-19a"/>
      </symbol>
      <symbol id="sm-4a0">
         <name>_Denorm</name>
         <value>0x20000320</value>
         <object_component_ref idref="oc-19a"/>
      </symbol>
      <symbol id="sm-4b9">
         <name>_nop</name>
         <value>0x2ba7</value>
         <object_component_ref idref="oc-1f8"/>
      </symbol>
      <symbol id="sm-4ba">
         <name>_lock</name>
         <value>0x2000049c</value>
         <object_component_ref idref="oc-14a"/>
      </symbol>
      <symbol id="sm-4bb">
         <name>_unlock</name>
         <value>0x200004a0</value>
         <object_component_ref idref="oc-14a"/>
      </symbol>
      <symbol id="sm-4bc">
         <name>_register_lock</name>
         <value>0x2b9f</value>
         <object_component_ref idref="oc-1f8"/>
      </symbol>
      <symbol id="sm-4bd">
         <name>_register_unlock</name>
         <value>0x2b99</value>
         <object_component_ref idref="oc-1f8"/>
      </symbol>
      <symbol id="sm-4d2">
         <name>_args_main</name>
         <value>0x2b55</value>
         <object_component_ref idref="oc-94"/>
      </symbol>
      <symbol id="sm-4f8">
         <name>__TI_auto_init</name>
         <value>0x2115</value>
         <object_component_ref idref="oc-8e"/>
      </symbol>
      <symbol id="sm-512">
         <name>copy_in</name>
         <value>0x2571</value>
         <object_component_ref idref="oc-13a"/>
      </symbol>
      <symbol id="sm-51a">
         <name>_Errno</name>
         <value>0x200004b4</value>
         <object_component_ref idref="oc-21d"/>
      </symbol>
      <symbol id="sm-531">
         <name>__aeabi_cdcmpeq</name>
         <value>0x1eb9</value>
         <object_component_ref idref="oc-174"/>
      </symbol>
      <symbol id="sm-532">
         <name>__aeabi_cdcmple</name>
         <value>0x1eb9</value>
         <object_component_ref idref="oc-174"/>
      </symbol>
      <symbol id="sm-540">
         <name>__aeabi_d2iz</name>
         <value>0x2605</value>
         <object_component_ref idref="oc-184"/>
      </symbol>
      <symbol id="sm-55e">
         <name>feraiseexcept</name>
         <value>0x27a9</value>
         <object_component_ref idref="oc-217"/>
      </symbol>
      <symbol id="sm-55f">
         <name>_Tls_setup__Fenv</name>
         <value>0x200004b0</value>
         <object_component_ref idref="oc-2fd"/>
      </symbol>
      <symbol id="sm-560">
         <name>_Fenv</name>
         <value>0x200004ac</value>
         <object_component_ref idref="oc-2fd"/>
      </symbol>
      <symbol id="sm-56c">
         <name>__aeabi_i2d</name>
         <value>0x280d</value>
         <object_component_ref idref="oc-17f"/>
      </symbol>
      <symbol id="sm-576">
         <name>log</name>
         <value>0x2ad9</value>
         <object_component_ref idref="oc-189"/>
      </symbol>
      <symbol id="sm-58a">
         <name>raise</name>
         <value>0x283b</value>
         <object_component_ref idref="oc-2f7"/>
      </symbol>
      <symbol id="sm-5a4">
         <name>signal</name>
         <value>0x2691</value>
         <object_component_ref idref="oc-38b"/>
      </symbol>
      <symbol id="sm-5b9">
         <name>_Dnorm</name>
         <value>0x1cd1</value>
         <object_component_ref idref="oc-20a"/>
      </symbol>
      <symbol id="sm-5d5">
         <name>_Dscale</name>
         <value>0x1731</value>
         <object_component_ref idref="oc-22b"/>
      </symbol>
      <symbol id="sm-605">
         <name>_Log</name>
         <value>0x705</value>
         <object_component_ref idref="oc-223"/>
      </symbol>
      <symbol id="sm-614">
         <name>_FZero</name>
         <value>0x20000404</value>
         <object_component_ref idref="oc-303"/>
      </symbol>
      <symbol id="sm-615">
         <name>_FRteps</name>
         <value>0x200003f0</value>
         <object_component_ref idref="oc-303"/>
      </symbol>
      <symbol id="sm-616">
         <name>_FSnan</name>
         <value>0x200003e0</value>
         <object_component_ref idref="oc-303"/>
      </symbol>
      <symbol id="sm-617">
         <name>_FNan</name>
         <value>0x200003d0</value>
         <object_component_ref idref="oc-303"/>
      </symbol>
      <symbol id="sm-618">
         <name>_FInf</name>
         <value>0x200003c0</value>
         <object_component_ref idref="oc-303"/>
      </symbol>
      <symbol id="sm-619">
         <name>_FEps</name>
         <value>0x200003b0</value>
         <object_component_ref idref="oc-303"/>
      </symbol>
      <symbol id="sm-61a">
         <name>_FXbig</name>
         <value>0x20000400</value>
         <object_component_ref idref="oc-303"/>
      </symbol>
      <symbol id="sm-61b">
         <name>_FDenorm</name>
         <value>0x200003a0</value>
         <object_component_ref idref="oc-303"/>
      </symbol>
      <symbol id="sm-682">
         <name>ADCProcessorTrigger</name>
         <value>0x2b0b</value>
         <object_component_ref idref="oc-f1"/>
      </symbol>
      <symbol id="sm-683">
         <name>ADCSequenceEnable</name>
         <value>0x2c37</value>
         <object_component_ref idref="oc-279"/>
      </symbol>
      <symbol id="sm-684">
         <name>ADCSequenceConfigure</name>
         <value>0x2435</value>
         <object_component_ref idref="oc-26d"/>
      </symbol>
      <symbol id="sm-685">
         <name>ADCIntEnable</name>
         <value>0x2c09</value>
         <object_component_ref idref="oc-fd"/>
      </symbol>
      <symbol id="sm-686">
         <name>ADCSequenceStepConfigure</name>
         <value>0x1f3f</value>
         <object_component_ref idref="oc-273"/>
      </symbol>
      <symbol id="sm-687">
         <name>ADCIntClear</name>
         <value>0x2c79</value>
         <object_component_ref idref="oc-c0"/>
      </symbol>
      <symbol id="sm-688">
         <name>ADCIntRegister</name>
         <value>0x2af3</value>
         <object_component_ref idref="oc-27f"/>
      </symbol>
      <symbol id="sm-689">
         <name>ADCSequenceDisable</name>
         <value>0x2c29</value>
         <object_component_ref idref="oc-267"/>
      </symbol>
      <symbol id="sm-68a">
         <name>ADCSequenceDataGet</name>
         <value>0x2a81</value>
         <object_component_ref idref="oc-c6"/>
      </symbol>
      <symbol id="sm-6d4">
         <name>GPIOPinTypePWM</name>
         <value>0x2bd3</value>
         <object_component_ref idref="oc-28c"/>
      </symbol>
      <symbol id="sm-6d5">
         <name>GPIOPinConfigure</name>
         <value>0x25bd</value>
         <object_component_ref idref="oc-1b7"/>
      </symbol>
      <symbol id="sm-6d6">
         <name>GPIOPinTypeADC</name>
         <value>0x2bc1</value>
         <object_component_ref idref="oc-261"/>
      </symbol>
      <symbol id="sm-6d7">
         <name>GPIOPinTypeGPIOOutput</name>
         <value>0x2b23</value>
         <object_component_ref idref="oc-25b"/>
      </symbol>
      <symbol id="sm-6d8">
         <name>GPIODirModeSet</name>
         <value>0x2869</value>
         <object_component_ref idref="oc-31c"/>
      </symbol>
      <symbol id="sm-6d9">
         <name>GPIOPinWrite</name>
         <value>0x2c8b</value>
         <object_component_ref idref="oc-b3"/>
      </symbol>
      <symbol id="sm-6da">
         <name>GPIOPadConfigSet</name>
         <value>0x14ef</value>
         <object_component_ref idref="oc-316"/>
      </symbol>
      <symbol id="sm-713">
         <name>IntEnable</name>
         <value>0x21ed</value>
         <object_component_ref idref="oc-2c4"/>
      </symbol>
      <symbol id="sm-714">
         <name>IntRegister</name>
         <value>0x2741</value>
         <object_component_ref idref="oc-32e"/>
      </symbol>
      <symbol id="sm-715">
         <name>g_pfnRAMVectors</name>
         <value>0x20000000</value>
         <object_component_ref idref="oc-3ae"/>
      </symbol>
      <symbol id="sm-742">
         <name>PWMGenPeriodSet</name>
         <value>0x2c19</value>
         <object_component_ref idref="oc-298"/>
      </symbol>
      <symbol id="sm-743">
         <name>PWMPulseWidthSet</name>
         <value>0x2a9f</value>
         <object_component_ref idref="oc-eb"/>
      </symbol>
      <symbol id="sm-744">
         <name>PWMOutputState</name>
         <value>0x2be5</value>
         <object_component_ref idref="oc-2a4"/>
      </symbol>
      <symbol id="sm-745">
         <name>PWMGenEnable</name>
         <value>0x2c61</value>
         <object_component_ref idref="oc-2aa"/>
      </symbol>
      <symbol id="sm-746">
         <name>PWMGenConfigure</name>
         <value>0x2a1d</value>
         <object_component_ref idref="oc-29e"/>
      </symbol>
      <symbol id="sm-797">
         <name>SysCtlDelay</name>
         <value>0x2c97</value>
         <object_component_ref idref="oc-3c8"/>
      </symbol>
      <symbol id="sm-798">
         <name>SysCtlPeripheralEnable</name>
         <value>0x2775</value>
         <object_component_ref idref="oc-24f"/>
      </symbol>
      <symbol id="sm-799">
         <name>SysCtlClockGet</name>
         <value>0x1621</value>
         <object_component_ref idref="oc-292"/>
      </symbol>
      <symbol id="sm-79a">
         <name>SysCtlPWMClockSet</name>
         <value>0x2b85</value>
         <object_component_ref idref="oc-286"/>
      </symbol>
      <symbol id="sm-79b">
         <name>SysCtlPeripheralReady</name>
         <value>0x26d1</value>
         <object_component_ref idref="oc-255"/>
      </symbol>
      <symbol id="sm-7f6">
         <name>TimerLoadSet</name>
         <value>0x2bf7</value>
         <object_component_ref idref="oc-2b8"/>
      </symbol>
      <symbol id="sm-7f7">
         <name>TimerIntRegister</name>
         <value>0x2b3b</value>
         <object_component_ref idref="oc-2be"/>
      </symbol>
      <symbol id="sm-7f8">
         <name>TimerEnable</name>
         <value>0x2c45</value>
         <object_component_ref idref="oc-2d1"/>
      </symbol>
      <symbol id="sm-7f9">
         <name>TimerIntEnable</name>
         <value>0x2c83</value>
         <object_component_ref idref="oc-2ca"/>
      </symbol>
      <symbol id="sm-7fa">
         <name>TimerConfigure</name>
         <value>0x2381</value>
         <object_component_ref idref="oc-2b2"/>
      </symbol>
      <symbol id="sm-7fb">
         <name>TimerIntClear</name>
         <value>0x2ca3</value>
         <object_component_ref idref="oc-118"/>
      </symbol>
      <symbol id="sm-7fd">
         <name>__TI_static_base__</name>
         <value>0x0</value>
      </symbol>
      <symbol id="sm-800">
         <name>SHT$$INIT_ARRAY$$Limit</name>
         <value>0x0</value>
      </symbol>
      <symbol id="sm-801">
         <name>SHT$$INIT_ARRAY$$Base</name>
         <value>0x0</value>
      </symbol>
   </symbol_table>
   <title>Link successful</title>
</link_info>
